../Tests/Src/CuTest.c:17:7:CuStrAlloc	24	static
../Tests/Src/CuTest.c:23:7:CuStrCopy	24	static
../Tests/Src/CuTest.c:35:6:CuStringInit	16	static
../Tests/Src/CuTest.c:43:11:CuStringNew	16	static
../Tests/Src/CuTest.c:53:6:CuStringDelete	16	static
../Tests/Src/CuTest.c:60:6:CuStringResize	16	static
../Tests/Src/CuTest.c:66:6:CuStringAppend	24	static
../Tests/Src/CuTest.c:81:6:CuStringAppendChar	24	static
../Tests/Src/CuTest.c:89:6:CuStringAppendFormat	8220	static
../Tests/Src/CuTest.c:99:6:CuStringInsert	32	static
../Tests/Src/CuTest.c:115:6:CuTestInit	24	static
../Tests/Src/CuTest.c:125:9:CuTestNew	24	static
../Tests/Src/CuTest.c:132:6:CuTestDelete	16	static
../Tests/Src/CuTest.c:140:6:CuTestRun	112	static
../Tests/Src/CuTest.c:152:13:CuFailInternal	8224	static
../Tests/Src/CuTest.c:166:6:CuFail_Line	40	static
../Tests/Src/CuTest.c:180:6:CuAssert_Line	32	static
../Tests/Src/CuTest.c:186:6:CuAssertStrEquals_LineMsg	40	static
../Tests/Src/CuTest.c:211:6:CuAssertIntEquals_LineMsg	296	static
../Tests/Src/CuTest.c:220:6:CuAssertDblEquals_LineMsg	328	static
../Tests/Src/CuTest.c:230:6:CuAssertPtrEquals_LineMsg	296	static
../Tests/Src/CuTest.c:244:6:CuSuiteInit	16	static
../Tests/Src/CuTest.c:251:10:CuSuiteNew	16	static
../Tests/Src/CuTest.c:258:6:CuSuiteDelete	24	static
../Tests/Src/CuTest.c:272:6:CuSuiteAdd	16	static
../Tests/Src/CuTest.c:279:6:CuSuiteAddSuite	24	static
../Tests/Src/CuTest.c:289:6:CuSuiteRun	24	static
../Tests/Src/CuTest.c:300:6:CuSuiteSummary	24	static
../Tests/Src/CuTest.c:311:6:CuSuiteDetails	48	static
