Archive member included to satisfy reference by file (symbol)

C:\Users\Mateusz\Desktop\Lab_SM\Lab_SM\CMSIS\DSP\Lib\GCC\libarm_cortexM7lfsp_math.a(arm_rms_f32.o)
                              ./Tests/Src/CmsisDspTest.o (arm_rms_f32)
C:\Users\Mateusz\Desktop\Lab_SM\Lab_SM\CMSIS\DSP\Lib\GCC\libarm_cortexM7lfsp_math.a(arm_pid_init_f32.o)
                              ./Tests/Src/CmsisDspTest.o (arm_pid_init_f32)
C:\Users\Mateusz\Desktop\Lab_SM\Lab_SM\CMSIS\DSP\Lib\GCC\libarm_cortexM7lfsp_math.a(arm_mat_mult_f32.o)
                              ./Tests/Src/CmsisDspTest.o (arm_mat_mult_f32)
C:\Users\Mateusz\Desktop\Lab_SM\Lab_SM\CMSIS\DSP\Lib\GCC\libarm_cortexM7lfsp_math.a(arm_mat_init_f32.o)
                              ./Tests/Src/CmsisDspTest.o (arm_mat_init_f32)
C:\Users\Mateusz\Desktop\Lab_SM\Lab_SM\CMSIS\DSP\Lib\GCC\libarm_cortexM7lfsp_math.a(arm_fir_init_f32.o)
                              ./Tests/Src/CmsisDspTest.o (arm_fir_init_f32)
C:\Users\Mateusz\Desktop\Lab_SM\Lab_SM\CMSIS\DSP\Lib\GCC\libarm_cortexM7lfsp_math.a(arm_fir_f32.o)
                              ./Tests/Src/CmsisDspTest.o (arm_fir_f32)
C:\Users\Mateusz\Desktop\Lab_SM\Lab_SM\CMSIS\DSP\Lib\GCC\libarm_cortexM7lfsp_math.a(arm_biquad_cascade_df1_init_f32.o)
                              ./Tests/Src/CmsisDspTest.o (arm_biquad_cascade_df1_init_f32)
C:\Users\Mateusz\Desktop\Lab_SM\Lab_SM\CMSIS\DSP\Lib\GCC\libarm_cortexM7lfsp_math.a(arm_biquad_cascade_df1_f32.o)
                              ./Tests/Src/CmsisDspTest.o (arm_biquad_cascade_df1_f32)
C:\Users\Mateusz\Desktop\Lab_SM\Lab_SM\CMSIS\DSP\Lib\GCC\libarm_cortexM7lfsp_math.a(arm_sub_f32.o)
                              ./Tests/Src/CmsisDspTest.o (arm_sub_f32)
d:/cubeide/stm32cubeide_1.10.1/stm32cubeide/plugins/com.st.stm32cube.ide.mcu.externaltools.gnu-tools-for-stm32.10.3-2021.10.win32_1.0.0.202111181127/tools/bin/../lib/gcc/arm-none-eabi/10.3.1/../../../../arm-none-eabi/lib/thumb/v7e-m+fp/hard\libc_nano.a(lib_a-assert.o)
                              ./Tests/Src/CuTest.o (__assert_func)
d:/cubeide/stm32cubeide_1.10.1/stm32cubeide/plugins/com.st.stm32cube.ide.mcu.externaltools.gnu-tools-for-stm32.10.3-2021.10.win32_1.0.0.202111181127/tools/bin/../lib/gcc/arm-none-eabi/10.3.1/../../../../arm-none-eabi/lib/thumb/v7e-m+fp/hard\libc_nano.a(lib_a-errno.o)
                              ./Core/Src/syscalls.o (__errno)
d:/cubeide/stm32cubeide_1.10.1/stm32cubeide/plugins/com.st.stm32cube.ide.mcu.externaltools.gnu-tools-for-stm32.10.3-2021.10.win32_1.0.0.202111181127/tools/bin/../lib/gcc/arm-none-eabi/10.3.1/../../../../arm-none-eabi/lib/thumb/v7e-m+fp/hard\libc_nano.a(lib_a-exit.o)
                              d:/cubeide/stm32cubeide_1.10.1/stm32cubeide/plugins/com.st.stm32cube.ide.mcu.externaltools.gnu-tools-for-stm32.10.3-2021.10.win32_1.0.0.202111181127/tools/bin/../lib/gcc/arm-none-eabi/10.3.1/../../../../arm-none-eabi/lib/thumb/v7e-m+fp/hard/crt0.o (exit)
d:/cubeide/stm32cubeide_1.10.1/stm32cubeide/plugins/com.st.stm32cube.ide.mcu.externaltools.gnu-tools-for-stm32.10.3-2021.10.win32_1.0.0.202111181127/tools/bin/../lib/gcc/arm-none-eabi/10.3.1/../../../../arm-none-eabi/lib/thumb/v7e-m+fp/hard\libc_nano.a(lib_a-fprintf.o)
                              d:/cubeide/stm32cubeide_1.10.1/stm32cubeide/plugins/com.st.stm32cube.ide.mcu.externaltools.gnu-tools-for-stm32.10.3-2021.10.win32_1.0.0.202111181127/tools/bin/../lib/gcc/arm-none-eabi/10.3.1/../../../../arm-none-eabi/lib/thumb/v7e-m+fp/hard\libc_nano.a(lib_a-assert.o) (fiprintf)
d:/cubeide/stm32cubeide_1.10.1/stm32cubeide/plugins/com.st.stm32cube.ide.mcu.externaltools.gnu-tools-for-stm32.10.3-2021.10.win32_1.0.0.202111181127/tools/bin/../lib/gcc/arm-none-eabi/10.3.1/../../../../arm-none-eabi/lib/thumb/v7e-m+fp/hard\libc_nano.a(lib_a-impure.o)
                              d:/cubeide/stm32cubeide_1.10.1/stm32cubeide/plugins/com.st.stm32cube.ide.mcu.externaltools.gnu-tools-for-stm32.10.3-2021.10.win32_1.0.0.202111181127/tools/bin/../lib/gcc/arm-none-eabi/10.3.1/../../../../arm-none-eabi/lib/thumb/v7e-m+fp/hard\libc_nano.a(lib_a-exit.o) (_global_impure_ptr)
d:/cubeide/stm32cubeide_1.10.1/stm32cubeide/plugins/com.st.stm32cube.ide.mcu.externaltools.gnu-tools-for-stm32.10.3-2021.10.win32_1.0.0.202111181127/tools/bin/../lib/gcc/arm-none-eabi/10.3.1/../../../../arm-none-eabi/lib/thumb/v7e-m+fp/hard\libc_nano.a(lib_a-init.o)
                              d:/cubeide/stm32cubeide_1.10.1/stm32cubeide/plugins/com.st.stm32cube.ide.mcu.externaltools.gnu-tools-for-stm32.10.3-2021.10.win32_1.0.0.202111181127/tools/bin/../lib/gcc/arm-none-eabi/10.3.1/../../../../arm-none-eabi/lib/thumb/v7e-m+fp/hard/crt0.o (__libc_init_array)
d:/cubeide/stm32cubeide_1.10.1/stm32cubeide/plugins/com.st.stm32cube.ide.mcu.externaltools.gnu-tools-for-stm32.10.3-2021.10.win32_1.0.0.202111181127/tools/bin/../lib/gcc/arm-none-eabi/10.3.1/../../../../arm-none-eabi/lib/thumb/v7e-m+fp/hard\libc_nano.a(lib_a-malloc.o)
                              ./Tests/Src/CuTest.o (malloc)
[...]
Memory Configuration

Name             Origin             Length             Attributes
RAM              0x0000000020000000 0x0000000000050000 xrw
FLASH            0x0000000008000000 0x0000000000100000 xr
*default*        0x0000000000000000 0xffffffffffffffff

Linker script and memory map

LOAD d:/cubeide/stm32cubeide_1.10.1/stm32cubeide/plugins/com.st.stm32cube.ide.mcu.externaltools.gnu-tools-for-stm32.10.3-2021.10.win32_1.0.0.202111181127/tools/bin/../lib/gcc/arm-none-eabi/10.3.1/thumb/v7e-m+fp/hard/crti.o
LOAD d:/cubeide/stm32cubeide_1.10.1/stm32cubeide/plugins/com.st.stm32cube.ide.mcu.externaltools.gnu-tools-for-stm32.10.3-2021.10.win32_1.0.0.202111181127/tools/bin/../lib/gcc/arm-none-eabi/10.3.1/thumb/v7e-m+fp/hard/crtbegin.o
LOAD d:/cubeide/stm32cubeide_1.10.1/stm32cubeide/plugins/com.st.stm32cube.ide.mcu.externaltools.gnu-tools-for-stm32.10.3-2021.10.win32_1.0.0.202111181127/tools/bin/../lib/gcc/arm-none-eabi/10.3.1/../../../../arm-none-eabi/lib/thumb/v7e-m+fp/hard/crt0.o
LOAD ./Components/Src/A_mat.o
LOAD ./Components/Src/B_mat.o
LOAD ./Components/Src/C_REF_mat.o
LOAD ./Components/Src/C_mat.o
LOAD ./Components/Src/FIR1_fir.o
LOAD ./Components/Src/IIR1_biquad_df1.o
LOAD ./Components/Src/PID1_pid.o
LOAD ./Components/Src/X1_vec.o
LOAD ./Components/Src/X2_vec.o
LOAD ./Components/Src/X3_vec.o
LOAD ./Components/Src/Y1_REF_vec.o
LOAD ./Components/Src/Y1_vec.o
LOAD ./Components/Src/Y2_REF_vec.o
LOAD ./Components/Src/Y2_vec.o
LOAD ./Components/Src/Y3_REF_vec.o
LOAD ./Components/Src/Y3_vec.o
LOAD ./Core/Src/eth.o
LOAD ./Core/Src/gpio.o
LOAD ./Core/Src/main.o
LOAD ./Core/Src/stm32f7xx_hal_msp.o
LOAD ./Core/Src/stm32f7xx_it.o
LOAD ./Core/Src/syscalls.o
LOAD ./Core/Src/sysmem.o
LOAD ./Core/Src/system_stm32f7xx.o
LOAD ./Core/Src/usart.o
LOAD ./Core/Src/usb_otg.o
LOAD ./Core/Startup/startup_stm32f746zgtx.o
LOAD ./Drivers/STM32F7xx_HAL_Driver/Src/stm32f7xx_hal.o
LOAD ./Drivers/STM32F7xx_HAL_Driver/Src/stm32f7xx_hal_cortex.o
LOAD ./Drivers/STM32F7xx_HAL_Driver/Src/stm32f7xx_hal_dma.o
LOAD ./Drivers/STM32F7xx_HAL_Driver/Src/stm32f7xx_hal_dma_ex.o
LOAD ./Drivers/STM32F7xx_HAL_Driver/Src/stm32f7xx_hal_eth.o
LOAD ./Drivers/STM32F7xx_HAL_Driver/Src/stm32f7xx_hal_exti.o
LOAD ./Drivers/STM32F7xx_HAL_Driver/Src/stm32f7xx_hal_flash.o
LOAD ./Drivers/STM32F7xx_HAL_Driver/Src/stm32f7xx_hal_flash_ex.o
LOAD ./Drivers/STM32F7xx_HAL_Driver/Src/stm32f7xx_hal_gpio.o
LOAD ./Drivers/STM32F7xx_HAL_Driver/Src/stm32f7xx_hal_i2c.o
LOAD ./Drivers/STM32F7xx_HAL_Driver/Src/stm32f7xx_hal_i2c_ex.o
LOAD ./Drivers/STM32F7xx_HAL_Driver/Src/stm32f7xx_hal_pcd.o
LOAD ./Drivers/STM32F7xx_HAL_Driver/Src/stm32f7xx_hal_pcd_ex.o
LOAD ./Drivers/STM32F7xx_HAL_Driver/Src/stm32f7xx_hal_pwr.o
LOAD ./Drivers/STM32F7xx_HAL_Driver/Src/stm32f7xx_hal_pwr_ex.o
LOAD ./Drivers/STM32F7xx_HAL_Driver/Src/stm32f7xx_hal_rcc.o
LOAD ./Drivers/STM32F7xx_HAL_Driver/Src/stm32f7xx_hal_rcc_ex.o
LOAD ./Drivers/STM32F7xx_HAL_Driver/Src/stm32f7xx_hal_tim.o
LOAD ./Drivers/STM32F7xx_HAL_Driver/Src/stm32f7xx_hal_tim_ex.o
LOAD ./Drivers/STM32F7xx_HAL_Driver/Src/stm32f7xx_hal_uart.o
LOAD ./Drivers/STM32F7xx_HAL_Driver/Src/stm32f7xx_hal_uart_ex.o
LOAD ./Drivers/STM32F7xx_HAL_Driver/Src/stm32f7xx_ll_usb.o
LOAD ./Tests/Src/AllTests.o
LOAD ./Tests/Src/CmsisDspTest.o
LOAD ./Tests/Src/CuTest.o
LOAD C:\Users\Mateusz\Desktop\Lab_SM\Lab_SM\CMSIS\DSP\Lib\GCC\libarm_cortexM7lfsp_math.a
START GROUP
LOAD d:/cubeide/stm32cubeide_1.10.1/stm32cubeide/plugins/com.st.stm32cube.ide.mcu.externaltools.gnu-tools-for-stm32.10.3-2021.10.win32_1.0.0.202111181127/tools/bin/../lib/gcc/arm-none-eabi/10.3.1/../../../../arm-none-eabi/lib/thumb/v7e-m+fp/hard\libc_nano.a
LOAD d:/cubeide/stm32cubeide_1.10.1/stm32cubeide/plugins/com.st.stm32cube.ide.mcu.externaltools.gnu-tools-for-stm32.10.3-2021.10.win32_1.0.0.202111181127/tools/bin/../lib/gcc/arm-none-eabi/10.3.1/../../../../arm-none-eabi/lib/thumb/v7e-m+fp/hard\libm.a
END GROUP
START GROUP
LOAD d:/cubeide/stm32cubeide_1.10.1/stm32cubeide/plugins/com.st.stm32cube.ide.mcu.externaltools.gnu-tools-for-stm32.10.3-2021.10.win32_1.0.0.202111181127/tools/bin/../lib/gcc/arm-none-eabi/10.3.1/thumb/v7e-m+fp/hard\libgcc.a
LOAD d:/cubeide/stm32cubeide_1.10.1/stm32cubeide/plugins/com.st.stm32cube.ide.mcu.externaltools.gnu-tools-for-stm32.10.3-2021.10.win32_1.0.0.202111181127/tools/bin/../lib/gcc/arm-none-eabi/10.3.1/../../../../arm-none-eabi/lib/thumb/v7e-m+fp/hard\libc_nano.a
END GROUP
START GROUP
LOAD d:/cubeide/stm32cubeide_1.10.1/stm32cubeide/plugins/com.st.stm32cube.ide.mcu.externaltools.gnu-tools-for-stm32.10.3-2021.10.win32_1.0.0.202111181127/tools/bin/../lib/gcc/arm-none-eabi/10.3.1/thumb/v7e-m+fp/hard\libgcc.a
LOAD d:/cubeide/stm32cubeide_1.10.1/stm32cubeide/plugins/com.st.stm32cube.ide.mcu.externaltools.gnu-tools-for-stm32.10.3-2021.10.win32_1.0.0.202111181127/tools/bin/../lib/gcc/arm-none-eabi/10.3.1/../../../../arm-none-eabi/lib/thumb/v7e-m+fp/hard\libc_nano.a
LOAD d:/cubeide/stm32cubeide_1.10.1/stm32cubeide/plugins/com.st.stm32cube.ide.mcu.externaltools.gnu-tools-for-stm32.10.3-2021.10.win32_1.0.0.202111181127/tools/bin/../lib/gcc/arm-none-eabi/10.3.1/../../../../arm-none-eabi/lib/thumb/v7e-m+fp/hard\libnosys.a
END GROUP
START GROUP
LOAD d:/cubeide/stm32cubeide_1.10.1/stm32cubeide/plugins/com.st.stm32cube.ide.mcu.externaltools.gnu-tools-for-stm32.10.3-2021.10.win32_1.0.0.202111181127/tools/bin/../lib/gcc/arm-none-eabi/10.3.1/thumb/v7e-m+fp/hard\libgcc.a
LOAD d:/cubeide/stm32cubeide_1.10.1/stm32cubeide/plugins/com.st.stm32cube.ide.mcu.externaltools.gnu-tools-for-stm32.10.3-2021.10.win32_1.0.0.202111181127/tools/bin/../lib/gcc/arm-none-eabi/10.3.1/../../../../arm-none-eabi/lib/thumb/v7e-m+fp/hard\libc_nano.a
LOAD d:/cubeide/stm32cubeide_1.10.1/stm32cubeide/plugins/com.st.stm32cube.ide.mcu.externaltools.gnu-tools-for-stm32.10.3-2021.10.win32_1.0.0.202111181127/tools/bin/../lib/gcc/arm-none-eabi/10.3.1/../../../../arm-none-eabi/lib/thumb/v7e-m+fp/hard\libnosys.a
END GROUP
LOAD d:/cubeide/stm32cubeide_1.10.1/stm32cubeide/plugins/com.st.stm32cube.ide.mcu.externaltools.gnu-tools-for-stm32.10.3-2021.10.win32_1.0.0.202111181127/tools/bin/../lib/gcc/arm-none-eabi/10.3.1/thumb/v7e-m+fp/hard/crtend.o
LOAD d:/cubeide/stm32cubeide_1.10.1/stm32cubeide/plugins/com.st.stm32cube.ide.mcu.externaltools.gnu-tools-for-stm32.10.3-2021.10.win32_1.0.0.202111181127/tools/bin/../lib/gcc/arm-none-eabi/10.3.1/thumb/v7e-m+fp/hard/crtn.o
                0x0000000020050000                _estack = (ORIGIN (RAM) + LENGTH (RAM))
                0x0000000000000200                _Min_Heap_Size = 0x200
                0x0000000000000400                _Min_Stack_Size = 0x400

.isr_vector     0x0000000008000000      0x1c8
                0x0000000008000000                . = ALIGN (0x4)
 *(.isr_vector)
 .isr_vector    0x0000000008000000      0x1c8 ./Core/Startup/startup_stm32f746zgtx.o
                0x0000000008000000                g_pfnVectors
                0x00000000080001c8                . = ALIGN (0x4)

.text           0x00000000080001d0     0x83f0
                0x00000000080001d0                . = ALIGN (0x4)
 *(.text)
 .text          0x00000000080001d0       0x40 d:/cubeide/stm32cubeide_1.10.1/stm32cubeide/plugins/com.st.stm32cube.ide.mcu.externaltools.gnu-tools-for-stm32.10.3-2021.10.win32_1.0.0.202111181127/tools/bin/../lib/gcc/arm-none-eabi/10.3.1/thumb/v7e-m+fp/hard/crtbegin.o
 .text          0x0000000008000210       0x1c d:/cubeide/stm32cubeide_1.10.1/stm32cubeide/plugins/com.st.stm32cube.ide.mcu.externaltools.gnu-tools-for-stm32.10.3-2021.10.win32_1.0.0.202111181127/tools/bin/../lib/gcc/arm-none-eabi/10.3.1/../../../../arm-none-eabi/lib/thumb/v7e-m+fp/hard\libc_nano.a(lib_a-setjmp.o)
                0x0000000008000210                setjmp
                0x000000000800021c                longjmp
 .text          0x000000000800022c       0x10 d:/cubeide/stm32cubeide_1.10.1/stm32cubeide/plugins/com.st.stm32cube.ide.mcu.externaltools.gnu-tools-for-stm32.10.3-2021.10.win32_1.0.0.202111181127/tools/bin/../lib/gcc/arm-none-eabi/10.3.1/../../../../arm-none-eabi/lib/thumb/v7e-m+fp/hard\libc_nano.a(lib_a-strlen.o)
                0x000000000800022c                strlen
 *fill*         0x000000000800023c        0x4 
 .text          0x0000000008000240       0xa0 d:/cubeide/stm32cubeide_1.10.1/stm32cubeide/plugins/com.st.stm32cube.ide.mcu.externaltools.gnu-tools-for-stm32.10.3-2021.10.win32_1.0.0.202111181127/tools/bin/../lib/gcc/arm-none-eabi/10.3.1/../../../../arm-none-eabi/lib/thumb/v7e-m+fp/hard\libc_nano.a(lib_a-memchr.o)
                0x0000000008000240                memchr
 .text          0x00000000080002e0      0x378 d:/cubeide/stm32cubeide_1.10.1/stm32cubeide/plugins/com.st.stm32cube.ide.mcu.externaltools.gnu-tools-for-stm32.10.3-2021.10.win32_1.0.0.202111181127/tools/bin/../lib/gcc/arm-none-eabi/10.3.1/thumb/v7e-m+fp/hard\libgcc.a(_arm_addsubdf3.o)
                0x00000000080002e0                __aeabi_drsub
                0x00000000080002e8                __aeabi_dsub
                0x00000000080002e8                __subdf3
                0x00000000080002ec                __aeabi_dadd
                0x00000000080002ec                __adddf3
                0x0000000008000564                __floatunsidf
                0x0000000008000564                __aeabi_ui2d
                0x0000000008000584                __floatsidf
                0x0000000008000584                __aeabi_i2d
                0x00000000080005a8                __aeabi_f2d
                0x00000000080005a8                __extendsfdf2
                0x00000000080005ec                __floatundidf
                0x00000000080005ec                __aeabi_ul2d
                0x00000000080005fc                __floatdidf
                0x00000000080005fc                __aeabi_l2d
 .text          0x0000000008000658      0x424 d:/cubeide/stm32cubeide_1.10.1/stm32cubeide/plugins/com.st.stm32cube.ide.mcu.externaltools.gnu-tools-for-stm32.10.3-2021.10.win32_1.0.0.202111181127/tools/bin/../lib/gcc/arm-none-eabi/10.3.1/thumb/v7e-m+fp/hard\libgcc.a(_arm_muldivdf3.o)
                0x0000000008000658                __aeabi_dmul
                0x0000000008000658                __muldf3
                0x00000000080008ac                __divdf3
                0x00000000080008ac                __aeabi_ddiv
 .text          0x0000000008000a7c      0x110 d:/cubeide/stm32cubeide_1.10.1/stm32cubeide/plugins/com.st.stm32cube.ide.mcu.externaltools.gnu-tools-for-stm32.10.3-2021.10.win32_1.0.0.202111181127/tools/bin/../lib/gcc/arm-none-eabi/10.3.1/thumb/v7e-m+fp/hard\libgcc.a(_arm_cmpdf2.o)
                0x0000000008000a7c                __gtdf2
                0x0000000008000a7c                __gedf2
                0x0000000008000a84                __ltdf2
                0x0000000008000a84                __ledf2
                0x0000000008000a8c                __nedf2
                0x0000000008000a8c                __eqdf2
                0x0000000008000a8c                __cmpdf2
                0x0000000008000b08                __aeabi_cdrcmple
                0x0000000008000b18                __aeabi_cdcmpeq
                0x0000000008000b18                __aeabi_cdcmple
                0x0000000008000b28                __aeabi_dcmpeq
                0x0000000008000b3c                __aeabi_dcmplt
                0x0000000008000b50                __aeabi_dcmple
                0x0000000008000b64                __aeabi_dcmpge
                0x0000000008000b78                __aeabi_dcmpgt
 .text          0x0000000008000b8c       0x2c d:/cubeide/stm32cubeide_1.10.1/stm32cubeide/plugins/com.st.stm32cube.ide.mcu.externaltools.gnu-tools-for-stm32.10.3-2021.10.win32_1.0.0.202111181127/tools/bin/../lib/gcc/arm-none-eabi/10.3.1/thumb/v7e-m+fp/hard\libgcc.a(_arm_unorddf2.o)
                0x0000000008000b8c                __unorddf2
                0x0000000008000b8c                __aeabi_dcmpun
 .text          0x0000000008000bb8       0x50 d:/cubeide/stm32cubeide_1.10.1/stm32cubeide/plugins/com.st.stm32cube.ide.mcu.externaltools.gnu-tools-for-stm32.10.3-2021.10.win32_1.0.0.202111181127/tools/bin/../lib/gcc/arm-none-eabi/10.3.1/thumb/v7e-m+fp/hard\libgcc.a(_arm_fixdfsi.o)
                0x0000000008000bb8                __aeabi_d2iz
                0x0000000008000bb8                __fixdfsi
 .text          0x0000000008000c08       0x30 d:/cubeide/stm32cubeide_1.10.1/stm32cubeide/plugins/com.st.stm32cube.ide.mcu.externaltools.gnu-tools-for-stm32.10.3-2021.10.win32_1.0.0.202111181127/tools/bin/../lib/gcc/arm-none-eabi/10.3.1/thumb/v7e-m+fp/hard\libgcc.a(_aeabi_uldivmod.o)
                0x0000000008000c08                __aeabi_uldivmod
 .text          0x0000000008000c38      0x2d0 d:/cubeide/stm32cubeide_1.10.1/stm32cubeide/plugins/com.st.stm32cube.ide.mcu.externaltools.gnu-tools-for-stm32.10.3-2021.10.win32_1.0.0.202111181127/tools/bin/../lib/gcc/arm-none-eabi/10.3.1/thumb/v7e-m+fp/hard\libgcc.a(_udivmoddi4.o)
                0x0000000008000c38                __udivmoddi4
 .text          0x0000000008000f08        0x4 d:/cubeide/stm32cubeide_1.10.1/stm32cubeide/plugins/com.st.stm32cube.ide.mcu.externaltools.gnu-tools-for-stm32.10.3-2021.10.win32_1.0.0.202111181127/tools/bin/../lib/gcc/arm-none-eabi/10.3.1/thumb/v7e-m+fp/hard\libgcc.a(_dvmd_tls.o)
                0x0000000008000f08                __aeabi_idiv0
                0x0000000008000f08                __aeabi_ldiv0
 *(.text*)
 .text.MX_ETH_Init
                0x0000000008000f0c       0x9c ./Core/Src/eth.o
                0x0000000008000f0c                MX_ETH_Init
 .text.HAL_ETH_MspInit
                0x0000000008000fa8      0x170 ./Core/Src/eth.o
                0x0000000008000fa8                HAL_ETH_MspInit
 .text.MX_GPIO_Init
                0x0000000008001118      0x144 ./Core/Src/gpio.o
                0x0000000008001118                MX_GPIO_Init
 .text.main     0x000000000800125c       0x22 ./Core/Src/main.o
                0x000000000800125c                main
 *fill*         0x000000000800127e        0x2 
 .text.SystemClock_Config
                0x0000000008001280       0xd0 ./Core/Src/main.o
                0x0000000008001280                SystemClock_Config
 .text.Error_Handler
                0x0000000008001350        0xa ./Core/Src/main.o
                0x0000000008001350                Error_Handler
 *fill*         0x000000000800135a        0x2 
 .text.HAL_MspInit
                0x000000000800135c       0x48 ./Core/Src/stm32f7xx_hal_msp.o
                0x000000000800135c                HAL_MspInit
 .text.NMI_Handler
                0x00000000080013a4        0x6 ./Core/Src/stm32f7xx_it.o
                0x00000000080013a4                NMI_Handler
 .text.HardFault_Handler
                0x00000000080013aa        0x6 ./Core/Src/stm32f7xx_it.o
                0x00000000080013aa                HardFault_Handler
 .text.MemManage_Handler
                0x00000000080013b0        0x6 ./Core/Src/stm32f7xx_it.o
                0x00000000080013b0                MemManage_Handler
 .text.BusFault_Handler
                0x00000000080013b6        0x6 ./Core/Src/stm32f7xx_it.o
                0x00000000080013b6                BusFault_Handler
 .text.UsageFault_Handler
                0x00000000080013bc        0x6 ./Core/Src/stm32f7xx_it.o
                0x00000000080013bc                UsageFault_Handler
 .text.SVC_Handler
                0x00000000080013c2        0xe ./Core/Src/stm32f7xx_it.o
                0x00000000080013c2                SVC_Handler
 .text.DebugMon_Handler
                0x00000000080013d0        0xe ./Core/Src/stm32f7xx_it.o
                0x00000000080013d0                DebugMon_Handler
 .text.PendSV_Handler
                0x00000000080013de        0xe ./Core/Src/stm32f7xx_it.o
                0x00000000080013de                PendSV_Handler
 .text.SysTick_Handler
                0x00000000080013ec        0xc ./Core/Src/stm32f7xx_it.o
                0x00000000080013ec                SysTick_Handler
 .text._getpid  0x00000000080013f8       0x10 ./Core/Src/syscalls.o
                0x00000000080013f8                _getpid
 .text._kill    0x0000000008001408       0x20 ./Core/Src/syscalls.o
                0x0000000008001408                _kill
 .text._exit    0x0000000008001428       0x14 ./Core/Src/syscalls.o
                0x0000000008001428                _exit
 .text._read    0x000000000800143c       0x3a ./Core/Src/syscalls.o
                0x000000000800143c                _read
 .text._write   0x0000000008001476       0x38 ./Core/Src/syscalls.o
                0x0000000008001476                _write
 .text._close   0x00000000080014ae       0x18 ./Core/Src/syscalls.o
                0x00000000080014ae                _close
 .text._fstat   0x00000000080014c6       0x20 ./Core/Src/syscalls.o
                0x00000000080014c6                _fstat
 .text._isatty  0x00000000080014e6       0x16 ./Core/Src/syscalls.o
                0x00000000080014e6                _isatty
 .text._lseek   0x00000000080014fc       0x1a ./Core/Src/syscalls.o
                0x00000000080014fc                _lseek
 *fill*         0x0000000008001516        0x2 
 .text._sbrk    0x0000000008001518       0x6c ./Core/Src/sysmem.o
                0x0000000008001518                _sbrk
 .text.SystemInit
                0x0000000008001584       0x24 ./Core/Src/system_stm32f7xx.o
                0x0000000008001584                SystemInit
 .text.MX_USART3_UART_Init
                0x00000000080015a8       0x60 ./Core/Src/usart.o
                0x00000000080015a8                MX_USART3_UART_Init
 .text.HAL_UART_MspInit
                0x0000000008001608       0xc0 ./Core/Src/usart.o
                0x0000000008001608                HAL_UART_MspInit
 .text.MX_USB_OTG_FS_PCD_Init
                0x00000000080016c8       0x5c ./Core/Src/usb_otg.o
                0x00000000080016c8                MX_USB_OTG_FS_PCD_Init
 .text.HAL_PCD_MspInit
                0x0000000008001724       0xf4 ./Core/Src/usb_otg.o
                0x0000000008001724                HAL_PCD_MspInit
 .text.Reset_Handler
                0x0000000008001818       0x50 ./Core/Startup/startup_stm32f746zgtx.o
                0x0000000008001818                Reset_Handler
 .text.Default_Handler
                0x0000000008001868        0x2 ./Core/Startup/startup_stm32f746zgtx.o
                0x0000000008001868                RTC_Alarm_IRQHandler
                0x0000000008001868                EXTI2_IRQHandler
                0x0000000008001868                TIM8_CC_IRQHandler
                0x0000000008001868                UART8_IRQHandler
                0x0000000008001868                SPI4_IRQHandler
                0x0000000008001868                TIM1_CC_IRQHandler
                0x0000000008001868                DMA2_Stream5_IRQHandler
                0x0000000008001868                DMA1_Stream5_IRQHandler
                0x0000000008001868                PVD_IRQHandler
                0x0000000008001868                TAMP_STAMP_IRQHandler
                0x0000000008001868                CAN2_RX1_IRQHandler
                0x0000000008001868                EXTI3_IRQHandler
                0x0000000008001868                TIM8_TRG_COM_TIM14_IRQHandler
                0x0000000008001868                TIM1_UP_TIM10_IRQHandler
                0x0000000008001868                TIM8_UP_TIM13_IRQHandler
                0x0000000008001868                I2C3_ER_IRQHandler
                0x0000000008001868                EXTI0_IRQHandler
                0x0000000008001868                I2C2_EV_IRQHandler
                0x0000000008001868                DMA1_Stream2_IRQHandler
                0x0000000008001868                CAN1_RX0_IRQHandler
                0x0000000008001868                FPU_IRQHandler
                0x0000000008001868                OTG_HS_WKUP_IRQHandler
                0x0000000008001868                LTDC_ER_IRQHandler
                0x0000000008001868                CAN2_SCE_IRQHandler
                0x0000000008001868                DMA2_Stream2_IRQHandler
                0x0000000008001868                SPI1_IRQHandler
                0x0000000008001868                TIM6_DAC_IRQHandler
                0x0000000008001868                TIM1_BRK_TIM9_IRQHandler
                0x0000000008001868                DCMI_IRQHandler
                0x0000000008001868                CAN2_RX0_IRQHandler
                0x0000000008001868                DMA2_Stream3_IRQHandler
                0x0000000008001868                SAI2_IRQHandler
                0x0000000008001868                USART6_IRQHandler
                0x0000000008001868                USART3_IRQHandler
                0x0000000008001868                CAN1_RX1_IRQHandler
                0x0000000008001868                UART5_IRQHandler
                0x0000000008001868                DMA2_Stream0_IRQHandler
                0x0000000008001868                TIM4_IRQHandler
                0x0000000008001868                QUADSPI_IRQHandler
                0x0000000008001868                I2C1_EV_IRQHandler
                0x0000000008001868                DMA1_Stream6_IRQHandler
                0x0000000008001868                DMA1_Stream1_IRQHandler
                0x0000000008001868                UART4_IRQHandler
                0x0000000008001868                TIM3_IRQHandler
                0x0000000008001868                RCC_IRQHandler
                0x0000000008001868                TIM8_BRK_TIM12_IRQHandler
                0x0000000008001868                Default_Handler
                0x0000000008001868                CEC_IRQHandler
                0x0000000008001868                EXTI15_10_IRQHandler
                0x0000000008001868                ADC_IRQHandler
                0x0000000008001868                DMA1_Stream7_IRQHandler
                0x0000000008001868                SPI5_IRQHandler
                0x0000000008001868                TIM7_IRQHandler
                0x0000000008001868                SDMMC1_IRQHandler
                0x0000000008001868                CAN2_TX_IRQHandler
                0x0000000008001868                TIM5_IRQHandler
                0x0000000008001868                DMA2_Stream7_IRQHandler
                0x0000000008001868                I2C3_EV_IRQHandler
                0x0000000008001868                EXTI9_5_IRQHandler
                0x0000000008001868                RTC_WKUP_IRQHandler
                0x0000000008001868                LTDC_IRQHandler
                0x0000000008001868                ETH_WKUP_IRQHandler
                0x0000000008001868                SPDIF_RX_IRQHandler
                0x0000000008001868                SPI2_IRQHandler
                0x0000000008001868                OTG_HS_EP1_IN_IRQHandler
                0x0000000008001868                DMA1_Stream0_IRQHandler
                0x0000000008001868                CAN1_TX_IRQHandler
                0x0000000008001868                EXTI4_IRQHandler
                0x0000000008001868                RNG_IRQHandler
                0x0000000008001868                ETH_IRQHandler
                0x0000000008001868                OTG_HS_EP1_OUT_IRQHandler
                0x0000000008001868                WWDG_IRQHandler
                0x0000000008001868                SPI6_IRQHandler
                0x0000000008001868                I2C4_EV_IRQHandler
                0x0000000008001868                TIM2_IRQHandler
                0x0000000008001868                OTG_FS_WKUP_IRQHandler
                0x0000000008001868                TIM1_TRG_COM_TIM11_IRQHandler
                0x0000000008001868                OTG_HS_IRQHandler
                0x0000000008001868                DMA2D_IRQHandler
                0x0000000008001868                EXTI1_IRQHandler
                0x0000000008001868                UART7_IRQHandler
                0x0000000008001868                USART2_IRQHandler
                0x0000000008001868                I2C2_ER_IRQHandler
                0x0000000008001868                DMA2_Stream1_IRQHandler
                0x0000000008001868                CAN1_SCE_IRQHandler
                0x0000000008001868                FLASH_IRQHandler
                0x0000000008001868                DMA2_Stream4_IRQHandler
                0x0000000008001868                USART1_IRQHandler
                0x0000000008001868                OTG_FS_IRQHandler
                0x0000000008001868                SPI3_IRQHandler
                0x0000000008001868                DMA1_Stream4_IRQHandler
                0x0000000008001868                I2C1_ER_IRQHandler
                0x0000000008001868                FMC_IRQHandler
                0x0000000008001868                LPTIM1_IRQHandler
                0x0000000008001868                I2C4_ER_IRQHandler
                0x0000000008001868                DMA2_Stream6_IRQHandler
                0x0000000008001868                SAI1_IRQHandler
                0x0000000008001868                DMA1_Stream3_IRQHandler
 .text.HAL_Init
                0x000000000800186a       0x1a ./Drivers/STM32F7xx_HAL_Driver/Src/stm32f7xx_hal.o
                0x000000000800186a                HAL_Init
 .text.HAL_InitTick
                0x0000000008001884       0x60 ./Drivers/STM32F7xx_HAL_Driver/Src/stm32f7xx_hal.o
                0x0000000008001884                HAL_InitTick
 .text.HAL_IncTick
                0x00000000080018e4       0x28 ./Drivers/STM32F7xx_HAL_Driver/Src/stm32f7xx_hal.o
                0x00000000080018e4                HAL_IncTick
 .text.HAL_GetTick
                0x000000000800190c       0x18 ./Drivers/STM32F7xx_HAL_Driver/Src/stm32f7xx_hal.o
                0x000000000800190c                HAL_GetTick
 .text.HAL_Delay
                0x0000000008001924       0x48 ./Drivers/STM32F7xx_HAL_Driver/Src/stm32f7xx_hal.o
                0x0000000008001924                HAL_Delay
 .text.__NVIC_SetPriorityGrouping
                0x000000000800196c       0x48 ./Drivers/STM32F7xx_HAL_Driver/Src/stm32f7xx_hal_cortex.o
 .text.__NVIC_GetPriorityGrouping
                0x00000000080019b4       0x1c ./Drivers/STM32F7xx_HAL_Driver/Src/stm32f7xx_hal_cortex.o
 .text.__NVIC_SetPriority
                0x00000000080019d0       0x54 ./Drivers/STM32F7xx_HAL_Driver/Src/stm32f7xx_hal_cortex.o
 .text.NVIC_EncodePriority
                0x0000000008001a24       0x66 ./Drivers/STM32F7xx_HAL_Driver/Src/stm32f7xx_hal_cortex.o
 *fill*         0x0000000008001a8a        0x2 
 .text.SysTick_Config
                0x0000000008001a8c       0x44 ./Drivers/STM32F7xx_HAL_Driver/Src/stm32f7xx_hal_cortex.o
 .text.HAL_NVIC_SetPriorityGrouping
                0x0000000008001ad0       0x16 ./Drivers/STM32F7xx_HAL_Driver/Src/stm32f7xx_hal_cortex.o
                0x0000000008001ad0                HAL_NVIC_SetPriorityGrouping
 .text.HAL_NVIC_SetPriority
                0x0000000008001ae6       0x38 ./Drivers/STM32F7xx_HAL_Driver/Src/stm32f7xx_hal_cortex.o
                0x0000000008001ae6                HAL_NVIC_SetPriority
 .text.HAL_SYSTICK_Config
                0x0000000008001b1e       0x18 ./Drivers/STM32F7xx_HAL_Driver/Src/stm32f7xx_hal_cortex.o
                0x0000000008001b1e                HAL_SYSTICK_Config
 *fill*         0x0000000008001b36        0x2 
 .text.HAL_ETH_Init
                0x0000000008001b38       0xf8 ./Drivers/STM32F7xx_HAL_Driver/Src/stm32f7xx_hal_eth.o
                0x0000000008001b38                HAL_ETH_Init
 .text.ETH_SetMACConfig
                0x0000000008001c30      0x160 ./Drivers/STM32F7xx_HAL_Driver/Src/stm32f7xx_hal_eth.o
 .text.ETH_SetDMAConfig
                0x0000000008001d90      0x114 ./Drivers/STM32F7xx_HAL_Driver/Src/stm32f7xx_hal_eth.o
 .text.ETH_MACDMAConfig
                0x0000000008001ea4       0xe4 ./Drivers/STM32F7xx_HAL_Driver/Src/stm32f7xx_hal_eth.o
 .text.ETH_MACAddressConfig
                0x0000000008001f88       0x70 ./Drivers/STM32F7xx_HAL_Driver/Src/stm32f7xx_hal_eth.o
 .text.ETH_DMATxDescListInit
                0x0000000008001ff8       0xb2 ./Drivers/STM32F7xx_HAL_Driver/Src/stm32f7xx_hal_eth.o
 .text.ETH_DMARxDescListInit
                0x00000000080020aa       0xda ./Drivers/STM32F7xx_HAL_Driver/Src/stm32f7xx_hal_eth.o
 .text.HAL_GPIO_Init
                0x0000000008002184      0x358 ./Drivers/STM32F7xx_HAL_Driver/Src/stm32f7xx_hal_gpio.o
                0x0000000008002184                HAL_GPIO_Init
 .text.HAL_GPIO_WritePin
                0x00000000080024dc       0x32 ./Drivers/STM32F7xx_HAL_Driver/Src/stm32f7xx_hal_gpio.o
                0x00000000080024dc                HAL_GPIO_WritePin
 .text.HAL_PCD_Init
                0x000000000800250e      0x248 ./Drivers/STM32F7xx_HAL_Driver/Src/stm32f7xx_hal_pcd.o
                0x000000000800250e                HAL_PCD_Init
 *fill*         0x0000000008002756        0x2 
 .text.HAL_PCDEx_ActivateLPM
                0x0000000008002758       0x48 ./Drivers/STM32F7xx_HAL_Driver/Src/stm32f7xx_hal_pcd_ex.o
                0x0000000008002758                HAL_PCDEx_ActivateLPM
 .text.HAL_PWR_EnableBkUpAccess
                0x00000000080027a0       0x20 ./Drivers/STM32F7xx_HAL_Driver/Src/stm32f7xx_hal_pwr.o
                0x00000000080027a0                HAL_PWR_EnableBkUpAccess
 .text.HAL_RCC_OscConfig
                0x00000000080027c0      0x548 ./Drivers/STM32F7xx_HAL_Driver/Src/stm32f7xx_hal_rcc.o
                0x00000000080027c0                HAL_RCC_OscConfig
 .text.HAL_RCC_ClockConfig
                0x0000000008002d08      0x1d8 ./Drivers/STM32F7xx_HAL_Driver/Src/stm32f7xx_hal_rcc.o
                0x0000000008002d08                HAL_RCC_ClockConfig
 .text.HAL_RCC_GetSysClockFreq
                0x0000000008002ee0      0x20c ./Drivers/STM32F7xx_HAL_Driver/Src/stm32f7xx_hal_rcc.o
                0x0000000008002ee0                HAL_RCC_GetSysClockFreq
 .text.HAL_RCC_GetHCLKFreq
                0x00000000080030ec       0x18 ./Drivers/STM32F7xx_HAL_Driver/Src/stm32f7xx_hal_rcc.o
                0x00000000080030ec                HAL_RCC_GetHCLKFreq
 .text.HAL_RCC_GetPCLK1Freq
                0x0000000008003104       0x28 ./Drivers/STM32F7xx_HAL_Driver/Src/stm32f7xx_hal_rcc.o
                0x0000000008003104                HAL_RCC_GetPCLK1Freq
 .text.HAL_RCC_GetPCLK2Freq
                0x000000000800312c       0x28 ./Drivers/STM32F7xx_HAL_Driver/Src/stm32f7xx_hal_rcc.o
                0x000000000800312c                HAL_RCC_GetPCLK2Freq
 .text.HAL_RCCEx_PeriphCLKConfig
                0x0000000008003154      0x7e0 ./Drivers/STM32F7xx_HAL_Driver/Src/stm32f7xx_hal_rcc_ex.o
                0x0000000008003154                HAL_RCCEx_PeriphCLKConfig
 .text.HAL_UART_Init
                0x0000000008003934       0x9c ./Drivers/STM32F7xx_HAL_Driver/Src/stm32f7xx_hal_uart.o
                0x0000000008003934                HAL_UART_Init
 .text.HAL_UART_Transmit
                0x00000000080039d0      0x106 ./Drivers/STM32F7xx_HAL_Driver/Src/stm32f7xx_hal_uart.o
                0x00000000080039d0                HAL_UART_Transmit
 *fill*         0x0000000008003ad6        0x2 
 .text.UART_SetConfig
                0x0000000008003ad8      0x4c8 ./Drivers/STM32F7xx_HAL_Driver/Src/stm32f7xx_hal_uart.o
                0x0000000008003ad8                UART_SetConfig
 .text.UART_AdvFeatureConfig
                0x0000000008003fa0      0x144 ./Drivers/STM32F7xx_HAL_Driver/Src/stm32f7xx_hal_uart.o
                0x0000000008003fa0                UART_AdvFeatureConfig
 .text.UART_CheckIdleState
                0x00000000080040e4       0x6e ./Drivers/STM32F7xx_HAL_Driver/Src/stm32f7xx_hal_uart.o
                0x00000000080040e4                UART_CheckIdleState
 .text.UART_WaitOnFlagUntilTimeout
                0x0000000008004152      0x18c ./Drivers/STM32F7xx_HAL_Driver/Src/stm32f7xx_hal_uart.o
                0x0000000008004152                UART_WaitOnFlagUntilTimeout
 *fill*         0x00000000080042de        0x2 
 .text.USB_CoreInit
                0x00000000080042e0       0xb0 ./Drivers/STM32F7xx_HAL_Driver/Src/stm32f7xx_ll_usb.o
                0x00000000080042e0                USB_CoreInit
 .text.USB_DisableGlobalInt
                0x0000000008004390       0x22 ./Drivers/STM32F7xx_HAL_Driver/Src/stm32f7xx_ll_usb.o
                0x0000000008004390                USB_DisableGlobalInt
 .text.USB_SetCurrentMode
                0x00000000080043b2       0x98 ./Drivers/STM32F7xx_HAL_Driver/Src/stm32f7xx_ll_usb.o
                0x00000000080043b2                USB_SetCurrentMode
 *fill*         0x000000000800444a        0x2 
 .text.USB_DevInit
                0x000000000800444c      0x2bc ./Drivers/STM32F7xx_HAL_Driver/Src/stm32f7xx_ll_usb.o
                0x000000000800444c                USB_DevInit
 .text.USB_FlushTxFifo
                0x0000000008004708       0x68 ./Drivers/STM32F7xx_HAL_Driver/Src/stm32f7xx_ll_usb.o
                0x0000000008004708                USB_FlushTxFifo
 .text.USB_FlushRxFifo
                0x0000000008004770       0x60 ./Drivers/STM32F7xx_HAL_Driver/Src/stm32f7xx_ll_usb.o
                0x0000000008004770                USB_FlushRxFifo
 .text.USB_SetDevSpeed
                0x00000000080047d0       0x32 ./Drivers/STM32F7xx_HAL_Driver/Src/stm32f7xx_ll_usb.o
                0x00000000080047d0                USB_SetDevSpeed
 .text.USB_DevDisconnect
                0x0000000008004802       0x42 ./Drivers/STM32F7xx_HAL_Driver/Src/stm32f7xx_ll_usb.o
                0x0000000008004802                USB_DevDisconnect
 .text.USB_GetMode
                0x0000000008004844       0x1c ./Drivers/STM32F7xx_HAL_Driver/Src/stm32f7xx_ll_usb.o
                0x0000000008004844                USB_GetMode
 .text.USB_CoreReset
                0x0000000008004860       0x68 ./Drivers/STM32F7xx_HAL_Driver/Src/stm32f7xx_ll_usb.o
 .text.RunAllTests
                0x00000000080048c8       0x60 ./Tests/Src/AllTests.o
                0x00000000080048c8                RunAllTests
 .text.RMSE     0x0000000008004928       0x92 ./Tests/Src/CmsisDspTest.o
                0x0000000008004928                RMSE
 *fill*         0x00000000080049ba        0x6 
 .text.TestCmsisDsp_RMSE
                0x00000000080049c0       0x88 ./Tests/Src/CmsisDspTest.o
                0x00000000080049c0                TestCmsisDsp_RMSE
 .text.TestCmsisDsp_IIR
                0x0000000008004a48       0xb4 ./Tests/Src/CmsisDspTest.o
                0x0000000008004a48                TestCmsisDsp_IIR
 .text.CuGetCmsisDspSuite
                0x0000000008004afc       0x4c ./Tests/Src/CmsisDspTest.o
                0x0000000008004afc                CuGetCmsisDspSuite
 .text.CuStrAlloc
                0x0000000008004b48       0x1c ./Tests/Src/CuTest.o
                0x0000000008004b48                CuStrAlloc
 .text.CuStrCopy
                0x0000000008004b64       0x2e ./Tests/Src/CuTest.o
                0x0000000008004b64                CuStrCopy
 .text.CuStringInit
                0x0000000008004b92       0x38 ./Tests/Src/CuTest.o
                0x0000000008004b92                CuStringInit
 .text.CuStringNew
                0x0000000008004bca       0x42 ./Tests/Src/CuTest.o
                0x0000000008004bca                CuStringNew
 .text.CuStringResize
                0x0000000008004c0c       0x2a ./Tests/Src/CuTest.o
                0x0000000008004c0c                CuStringResize
 *fill*         0x0000000008004c36        0x2 
 .text.CuStringAppend
                0x0000000008004c38       0x68 ./Tests/Src/CuTest.o
                0x0000000008004c38                CuStringAppend
 .text.CuStringAppendFormat
                0x0000000008004ca0       0x74 ./Tests/Src/CuTest.o
                0x0000000008004ca0                CuStringAppendFormat
 .text.CuStringInsert
                0x0000000008004d14       0x94 ./Tests/Src/CuTest.o
                0x0000000008004d14                CuStringInsert
 .text.CuTestInit
                0x0000000008004da8       0x3e ./Tests/Src/CuTest.o
                0x0000000008004da8                CuTestInit
 .text.CuTestNew
                0x0000000008004de6       0x28 ./Tests/Src/CuTest.o
                0x0000000008004de6                CuTestNew
 .text.CuTestRun
                0x0000000008004e0e       0x3c ./Tests/Src/CuTest.o
                0x0000000008004e0e                CuTestRun
 *fill*         0x0000000008004e4a        0x2 
 .text.CuFailInternal
                0x0000000008004e4c       0xd4 ./Tests/Src/CuTest.o
 .text.CuFail_Line
                0x0000000008004f20       0x5c ./Tests/Src/CuTest.o
                0x0000000008004f20                CuFail_Line
 .text.CuAssertDblEquals_LineMsg
                0x0000000008004f7c       0xe0 ./Tests/Src/CuTest.o
                0x0000000008004f7c                CuAssertDblEquals_LineMsg
 .text.CuSuiteInit
                0x000000000800505c       0x32 ./Tests/Src/CuTest.o
                0x000000000800505c                CuSuiteInit
 .text.CuSuiteNew
                0x000000000800508e       0x22 ./Tests/Src/CuTest.o
                0x000000000800508e                CuSuiteNew
 .text.CuSuiteAdd
                0x00000000080050b0       0x50 ./Tests/Src/CuTest.o
                0x00000000080050b0                CuSuiteAdd
 .text.CuSuiteAddSuite
                0x0000000008005100       0x3e ./Tests/Src/CuTest.o
                0x0000000008005100                CuSuiteAddSuite
 .text.CuSuiteRun
                0x000000000800513e       0x54 ./Tests/Src/CuTest.o
                0x000000000800513e                CuSuiteRun
 *fill*         0x0000000008005192        0x2 
 .text.CuSuiteSummary
                0x0000000008005194       0x60 ./Tests/Src/CuTest.o
                0x0000000008005194                CuSuiteSummary
 .text.CuSuiteDetails
                0x00000000080051f4      0x128 ./Tests/Src/CuTest.o
                0x00000000080051f4                CuSuiteDetails
 .text.arm_rms_f32
                0x000000000800531c       0xd0 C:\Users\Mateusz\Desktop\Lab_SM\Lab_SM\CMSIS\DSP\Lib\GCC\libarm_cortexM7lfsp_math.a(arm_rms_f32.o)
                0x000000000800531c                arm_rms_f32
 .text.arm_biquad_cascade_df1_init_f32
                0x00000000080053ec       0x1c C:\Users\Mateusz\Desktop\Lab_SM\Lab_SM\CMSIS\DSP\Lib\GCC\libarm_cortexM7lfsp_math.a(arm_biquad_cascade_df1_init_f32.o)
                0x00000000080053ec                arm_biquad_cascade_df1_init_f32
 .text.arm_biquad_cascade_df1_f32
                0x0000000008005408      0x1f4 C:\Users\Mateusz\Desktop\Lab_SM\Lab_SM\CMSIS\DSP\Lib\GCC\libarm_cortexM7lfsp_math.a(arm_biquad_cascade_df1_f32.o)
                0x0000000008005408                arm_biquad_cascade_df1_f32
 .text.arm_sub_f32
                0x00000000080055fc       0xb4 C:\Users\Mateusz\Desktop\Lab_SM\Lab_SM\CMSIS\DSP\Lib\GCC\libarm_cortexM7lfsp_math.a(arm_sub_f32.o)
                0x00000000080055fc                arm_sub_f32
 .text.__assert_func
                0x00000000080056b0       0x3c d:/cubeide/stm32cubeide_1.10.1/stm32cubeide/plugins/com.st.stm32cube.ide.mcu.externaltools.gnu-tools-for-stm32.10.3-2021.10.win32_1.0.0.202111181127/tools/bin/../lib/gcc/arm-none-eabi/10.3.1/../../../../arm-none-eabi/lib/thumb/v7e-m+fp/hard\libc_nano.a(lib_a-assert.o)
                0x00000000080056b0                __assert_func
 .text.__errno  0x00000000080056ec        0xc d:/cubeide/stm32cubeide_1.10.1/stm32cubeide/plugins/com.st.stm32cube.ide.mcu.externaltools.gnu-tools-for-stm32.10.3-2021.10.win32_1.0.0.202111181127/tools/bin/../lib/gcc/arm-none-eabi/10.3.1/../../../../arm-none-eabi/lib/thumb/v7e-m+fp/hard\libc_nano.a(lib_a-errno.o)
                0x00000000080056ec                __errno
 .text.fprintf  0x00000000080056f8       0x24 d:/cubeide/stm32cubeide_1.10.1/stm32cubeide/plugins/com.st.stm32cube.ide.mcu.externaltools.gnu-tools-for-stm32.10.3-2021.10.win32_1.0.0.202111181127/tools/bin/../lib/gcc/arm-none-eabi/10.3.1/../../../../arm-none-eabi/lib/thumb/v7e-m+fp/hard\libc_nano.a(lib_a-fprintf.o)
                0x00000000080056f8                fiprintf
                0x00000000080056f8                fprintf
 .text.__libc_init_array
                0x000000000800571c       0x48 d:/cubeide/stm32cubeide_1.10.1/stm32cubeide/plugins/com.st.stm32cube.ide.mcu.externaltools.gnu-tools-for-stm32.10.3-2021.10.win32_1.0.0.202111181127/tools/bin/../lib/gcc/arm-none-eabi/10.3.1/../../../../arm-none-eabi/lib/thumb/v7e-m+fp/hard\libc_nano.a(lib_a-init.o)
                0x000000000800571c                __libc_init_array
 .text.malloc   0x0000000008005764       0x10 d:/cubeide/stm32cubeide_1.10.1/stm32cubeide/plugins/com.st.stm32cube.ide.mcu.externaltools.gnu-tools-for-stm32.10.3-2021.10.win32_1.0.0.202111181127/tools/bin/../lib/gcc/arm-none-eabi/10.3.1/../../../../arm-none-eabi/lib/thumb/v7e-m+fp/hard\libc_nano.a(lib_a-malloc.o)
                0x0000000008005764                malloc
 .text.free     0x0000000008005774       0x10 d:/cubeide/stm32cubeide_1.10.1/stm32cubeide/plugins/com.st.stm32cube.ide.mcu.externaltools.gnu-tools-for-stm32.10.3-2021.10.win32_1.0.0.202111181127/tools/bin/../lib/gcc/arm-none-eabi/10.3.1/../../../../arm-none-eabi/lib/thumb/v7e-m+fp/hard\libc_nano.a(lib_a-malloc.o)
                0x0000000008005774                free
 .text.memcpy   0x0000000008005784       0x1c d:/cubeide/stm32cubeide_1.10.1/stm32cubeide/plugins/com.st.stm32cube.ide.mcu.externaltools.gnu-tools-for-stm32.10.3-2021.10.win32_1.0.0.202111181127/tools/bin/../lib/gcc/arm-none-eabi/10.3.1/../../../../arm-none-eabi/lib/thumb/v7e-m+fp/hard\libc_nano.a(lib_a-memcpy-stub.o)
                0x0000000008005784                memcpy
 .text.memmove  0x00000000080057a0       0x34 d:/cubeide/stm32cubeide_1.10.1/stm32cubeide/plugins/com.st.stm32cube.ide.mcu.externaltools.gnu-tools-for-stm32.10.3-2021.10.win32_1.0.0.202111181127/tools/bin/../lib/gcc/arm-none-eabi/10.3.1/../../../../arm-none-eabi/lib/thumb/v7e-m+fp/hard\libc_nano.a(lib_a-memmove.o)
                0x00000000080057a0                memmove
 .text.memset   0x00000000080057d4       0x10 d:/cubeide/stm32cubeide_1.10.1/stm32cubeide/plugins/com.st.stm32cube.ide.mcu.externaltools.gnu-tools-for-stm32.10.3-2021.10.win32_1.0.0.202111181127/tools/bin/../lib/gcc/arm-none-eabi/10.3.1/../../../../arm-none-eabi/lib/thumb/v7e-m+fp/hard\libc_nano.a(lib_a-memset.o)
                0x00000000080057d4                memset
 .text._free_r  0x00000000080057e4       0x98 d:/cubeide/stm32cubeide_1.10.1/stm32cubeide/plugins/com.st.stm32cube.ide.mcu.externaltools.gnu-tools-for-stm32.10.3-2021.10.win32_1.0.0.202111181127/tools/bin/../lib/gcc/arm-none-eabi/10.3.1/../../../../arm-none-eabi/lib/thumb/v7e-m+fp/hard\libc_nano.a(lib_a-nano-freer.o)
                0x00000000080057e4                _free_r
 .text.sbrk_aligned
                0x000000000800587c       0x40 d:/cubeide/stm32cubeide_1.10.1/stm32cubeide/plugins/com.st.stm32cube.ide.mcu.externaltools.gnu-tools-for-stm32.10.3-2021.10.win32_1.0.0.202111181127/tools/bin/../lib/gcc/arm-none-eabi/10.3.1/../../../../arm-none-eabi/lib/thumb/v7e-m+fp/hard\libc_nano.a(lib_a-nano-mallocr.o)
 .text._malloc_r
                0x00000000080058bc       0xe8 d:/cubeide/stm32cubeide_1.10.1/stm32cubeide/plugins/com.st.stm32cube.ide.mcu.externaltools.gnu-tools-for-stm32.10.3-2021.10.win32_1.0.0.202111181127/tools/bin/../lib/gcc/arm-none-eabi/10.3.1/../../../../arm-none-eabi/lib/thumb/v7e-m+fp/hard\libc_nano.a(lib_a-nano-mallocr.o)
                0x00000000080058bc                _malloc_r
 .text.__sfputc_r
                0x00000000080059a4       0x2e d:/cubeide/stm32cubeide_1.10.1/stm32cubeide/plugins/com.st.stm32cube.ide.mcu.externaltools.gnu-tools-for-stm32.10.3-2021.10.win32_1.0.0.202111181127/tools/bin/../lib/gcc/arm-none-eabi/10.3.1/../../../../arm-none-eabi/lib/thumb/v7e-m+fp/hard\libc_nano.a(lib_a-nano-vfprintf.o)
 .text.__sfputs_r
                0x00000000080059d2       0x24 d:/cubeide/stm32cubeide_1.10.1/stm32cubeide/plugins/com.st.stm32cube.ide.mcu.externaltools.gnu-tools-for-stm32.10.3-2021.10.win32_1.0.0.202111181127/tools/bin/../lib/gcc/arm-none-eabi/10.3.1/../../../../arm-none-eabi/lib/thumb/v7e-m+fp/hard\libc_nano.a(lib_a-nano-vfprintf.o)
                0x00000000080059d2                __sfputs_r
 *fill*         0x00000000080059f6        0x2 
 .text._vfprintf_r
                0x00000000080059f8      0x260 d:/cubeide/stm32cubeide_1.10.1/stm32cubeide/plugins/com.st.stm32cube.ide.mcu.externaltools.gnu-tools-for-stm32.10.3-2021.10.win32_1.0.0.202111181127/tools/bin/../lib/gcc/arm-none-eabi/10.3.1/../../../../arm-none-eabi/lib/thumb/v7e-m+fp/hard\libc_nano.a(lib_a-nano-vfprintf.o)
                0x00000000080059f8                _vfprintf_r
                0x00000000080059f8                _vfiprintf_r
 .text.__cvt    0x0000000008005c58       0xc4 d:/cubeide/stm32cubeide_1.10.1/stm32cubeide/plugins/com.st.stm32cube.ide.mcu.externaltools.gnu-tools-for-stm32.10.3-2021.10.win32_1.0.0.202111181127/tools/bin/../lib/gcc/arm-none-eabi/10.3.1/../../../../arm-none-eabi/lib/thumb/v7e-m+fp/hard\libc_nano.a(lib_a-nano-vfprintf_float.o)
                0x0000000008005c58                __cvt
 .text.__exponent
                0x0000000008005d1c       0x7c d:/cubeide/stm32cubeide_1.10.1/stm32cubeide/plugins/com.st.stm32cube.ide.mcu.externaltools.gnu-tools-for-stm32.10.3-2021.10.win32_1.0.0.202111181127/tools/bin/../lib/gcc/arm-none-eabi/10.3.1/../../../../arm-none-eabi/lib/thumb/v7e-m+fp/hard\libc_nano.a(lib_a-nano-vfprintf_float.o)
                0x0000000008005d1c                __exponent
 .text._printf_float
                0x0000000008005d98      0x46c d:/cubeide/stm32cubeide_1.10.1/stm32cubeide/plugins/com.st.stm32cube.ide.mcu.externaltools.gnu-tools-for-stm32.10.3-2021.10.win32_1.0.0.202111181127/tools/bin/../lib/gcc/arm-none-eabi/10.3.1/../../../../arm-none-eabi/lib/thumb/v7e-m+fp/hard\libc_nano.a(lib_a-nano-vfprintf_float.o)
                0x0000000008005d98                _printf_float
 .text._printf_common
                0x0000000008006204       0xda d:/cubeide/stm32cubeide_1.10.1/stm32cubeide/plugins/com.st.stm32cube.ide.mcu.externaltools.gnu-tools-for-stm32.10.3-2021.10.win32_1.0.0.202111181127/tools/bin/../lib/gcc/arm-none-eabi/10.3.1/../../../../arm-none-eabi/lib/thumb/v7e-m+fp/hard\libc_nano.a(lib_a-nano-vfprintf_i.o)
                0x0000000008006204                _printf_common
 *fill*         0x00000000080062de        0x2 
 .text._printf_i
                0x00000000080062e0      0x24c d:/cubeide/stm32cubeide_1.10.1/stm32cubeide/plugins/com.st.stm32cube.ide.mcu.externaltools.gnu-tools-for-stm32.10.3-2021.10.win32_1.0.0.202111181127/tools/bin/../lib/gcc/arm-none-eabi/10.3.1/../../../../arm-none-eabi/lib/thumb/v7e-m+fp/hard\libc_nano.a(lib_a-nano-vfprintf_i.o)
                0x00000000080062e0                _printf_i
 .text.realloc  0x000000000800652c       0x10 d:/cubeide/stm32cubeide_1.10.1/stm32cubeide/plugins/com.st.stm32cube.ide.mcu.externaltools.gnu-tools-for-stm32.10.3-2021.10.win32_1.0.0.202111181127/tools/bin/../lib/gcc/arm-none-eabi/10.3.1/../../../../arm-none-eabi/lib/thumb/v7e-m+fp/hard\libc_nano.a(lib_a-realloc.o)
                0x000000000800652c                realloc
 .text._sbrk_r  0x000000000800653c       0x20 d:/cubeide/stm32cubeide_1.10.1/stm32cubeide/plugins/com.st.stm32cube.ide.mcu.externaltools.gnu-tools-for-stm32.10.3-2021.10.win32_1.0.0.202111181127/tools/bin/../lib/gcc/arm-none-eabi/10.3.1/../../../../arm-none-eabi/lib/thumb/v7e-m+fp/hard\libc_nano.a(lib_a-sbrkr.o)
                0x000000000800653c                _sbrk_r
 .text.sprintf  0x000000000800655c       0x40 d:/cubeide/stm32cubeide_1.10.1/stm32cubeide/plugins/com.st.stm32cube.ide.mcu.externaltools.gnu-tools-for-stm32.10.3-2021.10.win32_1.0.0.202111181127/tools/bin/../lib/gcc/arm-none-eabi/10.3.1/../../../../arm-none-eabi/lib/thumb/v7e-m+fp/hard\libc_nano.a(lib_a-sprintf.o)
                0x000000000800655c                siprintf
                0x000000000800655c                sprintf
 .text.strcat   0x000000000800659c       0x1e d:/cubeide/stm32cubeide_1.10.1/stm32cubeide/plugins/com.st.stm32cube.ide.mcu.externaltools.gnu-tools-for-stm32.10.3-2021.10.win32_1.0.0.202111181127/tools/bin/../lib/gcc/arm-none-eabi/10.3.1/../../../../arm-none-eabi/lib/thumb/v7e-m+fp/hard\libc_nano.a(lib_a-strcat.o)
                0x000000000800659c                strcat
 .text.strcpy   0x00000000080065ba       0x10 d:/cubeide/stm32cubeide_1.10.1/stm32cubeide/plugins/com.st.stm32cube.ide.mcu.externaltools.gnu-tools-for-stm32.10.3-2021.10.win32_1.0.0.202111181127/tools/bin/../lib/gcc/arm-none-eabi/10.3.1/../../../../arm-none-eabi/lib/thumb/v7e-m+fp/hard\libc_nano.a(lib_a-strcpy.o)
                0x00000000080065ba                strcpy
 *fill*         0x00000000080065ca        0x2 
 .text._vsprintf_r
                0x00000000080065cc       0x2c d:/cubeide/stm32cubeide_1.10.1/stm32cubeide/plugins/com.st.stm32cube.ide.mcu.externaltools.gnu-tools-for-stm32.10.3-2021.10.win32_1.0.0.202111181127/tools/bin/../lib/gcc/arm-none-eabi/10.3.1/../../../../arm-none-eabi/lib/thumb/v7e-m+fp/hard\libc_nano.a(lib_a-vsprintf.o)
                0x00000000080065cc                _vsprintf_r
                0x00000000080065cc                _vsiprintf_r
 .text.vsprintf
                0x00000000080065f8       0x14 d:/cubeide/stm32cubeide_1.10.1/stm32cubeide/plugins/com.st.stm32cube.ide.mcu.externaltools.gnu-tools-for-stm32.10.3-2021.10.win32_1.0.0.202111181127/tools/bin/../lib/gcc/arm-none-eabi/10.3.1/../../../../arm-none-eabi/lib/thumb/v7e-m+fp/hard\libc_nano.a(lib_a-vsprintf.o)
                0x00000000080065f8                vsiprintf
                0x00000000080065f8                vsprintf
 .text.__swbuf_r
                0x000000000800660c       0xa4 d:/cubeide/stm32cubeide_1.10.1/stm32cubeide/plugins/com.st.stm32cube.ide.mcu.externaltools.gnu-tools-for-stm32.10.3-2021.10.win32_1.0.0.202111181127/tools/bin/../lib/gcc/arm-none-eabi/10.3.1/../../../../arm-none-eabi/lib/thumb/v7e-m+fp/hard\libc_nano.a(lib_a-wbuf.o)
                0x000000000800660c                __swbuf_r
 .text.__swsetup_r
                0x00000000080066b0       0xdc d:/cubeide/stm32cubeide_1.10.1/stm32cubeide/plugins/com.st.stm32cube.ide.mcu.externaltools.gnu-tools-for-stm32.10.3-2021.10.win32_1.0.0.202111181127/tools/bin/../lib/gcc/arm-none-eabi/10.3.1/../../../../arm-none-eabi/lib/thumb/v7e-m+fp/hard\libc_nano.a(lib_a-wsetup.o)
                0x00000000080066b0                __swsetup_r
 .text.abort    0x000000000800678c        0xe d:/cubeide/stm32cubeide_1.10.1/stm32cubeide/plugins/com.st.stm32cube.ide.mcu.externaltools.gnu-tools-for-stm32.10.3-2021.10.win32_1.0.0.202111181127/tools/bin/../lib/gcc/arm-none-eabi/10.3.1/../../../../arm-none-eabi/lib/thumb/v7e-m+fp/hard\libc_nano.a(lib_a-abort.o)
                0x000000000800678c                abort
 .text.quorem   0x000000000800679a      0x116 d:/cubeide/stm32cubeide_1.10.1/stm32cubeide/plugins/com.st.stm32cube.ide.mcu.externaltools.gnu-tools-for-stm32.10.3-2021.10.win32_1.0.0.202111181127/tools/bin/../lib/gcc/arm-none-eabi/10.3.1/../../../../arm-none-eabi/lib/thumb/v7e-m+fp/hard\libc_nano.a(lib_a-dtoa.o)
 .text._dtoa_r  0x00000000080068b0      0xbdc d:/cubeide/stm32cubeide_1.10.1/stm32cubeide/plugins/com.st.stm32cube.ide.mcu.externaltools.gnu-tools-for-stm32.10.3-2021.10.win32_1.0.0.202111181127/tools/bin/../lib/gcc/arm-none-eabi/10.3.1/../../../../arm-none-eabi/lib/thumb/v7e-m+fp/hard\libc_nano.a(lib_a-dtoa.o)
                0x00000000080068b0                _dtoa_r
 .text.__sflush_r
                0x000000000800748c      0x10c d:/cubeide/stm32cubeide_1.10.1/stm32cubeide/plugins/com.st.stm32cube.ide.mcu.externaltools.gnu-tools-for-stm32.10.3-2021.10.win32_1.0.0.202111181127/tools/bin/../lib/gcc/arm-none-eabi/10.3.1/../../../../arm-none-eabi/lib/thumb/v7e-m+fp/hard\libc_nano.a(lib_a-fflush.o)
                0x000000000800748c                __sflush_r
 .text._fflush_r
                0x0000000008007598       0x78 d:/cubeide/stm32cubeide_1.10.1/stm32cubeide/plugins/com.st.stm32cube.ide.mcu.externaltools.gnu-tools-for-stm32.10.3-2021.10.win32_1.0.0.202111181127/tools/bin/../lib/gcc/arm-none-eabi/10.3.1/../../../../arm-none-eabi/lib/thumb/v7e-m+fp/hard\libc_nano.a(lib_a-fflush.o)
                0x0000000008007598                _fflush_r
 .text.std      0x0000000008007610       0x48 d:/cubeide/stm32cubeide_1.10.1/stm32cubeide/plugins/com.st.stm32cube.ide.mcu.externaltools.gnu-tools-for-stm32.10.3-2021.10.win32_1.0.0.202111181127/tools/bin/../lib/gcc/arm-none-eabi/10.3.1/../../../../arm-none-eabi/lib/thumb/v7e-m+fp/hard\libc_nano.a(lib_a-findfp.o)
 .text._cleanup_r
                0x0000000008007658        0xc d:/cubeide/stm32cubeide_1.10.1/stm32cubeide/plugins/com.st.stm32cube.ide.mcu.externaltools.gnu-tools-for-stm32.10.3-2021.10.win32_1.0.0.202111181127/tools/bin/../lib/gcc/arm-none-eabi/10.3.1/../../../../arm-none-eabi/lib/thumb/v7e-m+fp/hard\libc_nano.a(lib_a-findfp.o)
                0x0000000008007658                _cleanup_r
 .text.__sfmoreglue
                0x0000000008007664       0x2c d:/cubeide/stm32cubeide_1.10.1/stm32cubeide/plugins/com.st.stm32cube.ide.mcu.externaltools.gnu-tools-for-stm32.10.3-2021.10.win32_1.0.0.202111181127/tools/bin/../lib/gcc/arm-none-eabi/10.3.1/../../../../arm-none-eabi/lib/thumb/v7e-m+fp/hard\libc_nano.a(lib_a-findfp.o)
                0x0000000008007664                __sfmoreglue
 .text.__sfp_lock_acquire
                0x0000000008007690        0xc d:/cubeide/stm32cubeide_1.10.1/stm32cubeide/plugins/com.st.stm32cube.ide.mcu.externaltools.gnu-tools-for-stm32.10.3-2021.10.win32_1.0.0.202111181127/tools/bin/../lib/gcc/arm-none-eabi/10.3.1/../../../../arm-none-eabi/lib/thumb/v7e-m+fp/hard\libc_nano.a(lib_a-findfp.o)
                0x0000000008007690                __sfp_lock_acquire
 .text.__sfp_lock_release
                0x000000000800769c        0xc d:/cubeide/stm32cubeide_1.10.1/stm32cubeide/plugins/com.st.stm32cube.ide.mcu.externaltools.gnu-tools-for-stm32.10.3-2021.10.win32_1.0.0.202111181127/tools/bin/../lib/gcc/arm-none-eabi/10.3.1/../../../../arm-none-eabi/lib/thumb/v7e-m+fp/hard\libc_nano.a(lib_a-findfp.o)
                0x000000000800769c                __sfp_lock_release
 .text.__sinit_lock_acquire
                0x00000000080076a8        0xc d:/cubeide/stm32cubeide_1.10.1/stm32cubeide/plugins/com.st.stm32cube.ide.mcu.externaltools.gnu-tools-for-stm32.10.3-2021.10.win32_1.0.0.202111181127/tools/bin/../lib/gcc/arm-none-eabi/10.3.1/../../../../arm-none-eabi/lib/thumb/v7e-m+fp/hard\libc_nano.a(lib_a-findfp.o)
                0x00000000080076a8                __sinit_lock_acquire
 .text.__sinit_lock_release
                0x00000000080076b4        0xc d:/cubeide/stm32cubeide_1.10.1/stm32cubeide/plugins/com.st.stm32cube.ide.mcu.externaltools.gnu-tools-for-stm32.10.3-2021.10.win32_1.0.0.202111181127/tools/bin/../lib/gcc/arm-none-eabi/10.3.1/../../../../arm-none-eabi/lib/thumb/v7e-m+fp/hard\libc_nano.a(lib_a-findfp.o)
                0x00000000080076b4                __sinit_lock_release
 .text.__sinit  0x00000000080076c0       0x70 d:/cubeide/stm32cubeide_1.10.1/stm32cubeide/plugins/com.st.stm32cube.ide.mcu.externaltools.gnu-tools-for-stm32.10.3-2021.10.win32_1.0.0.202111181127/tools/bin/../lib/gcc/arm-none-eabi/10.3.1/../../../../arm-none-eabi/lib/thumb/v7e-m+fp/hard\libc_nano.a(lib_a-findfp.o)
                0x00000000080076c0                __sinit
 .text.__sfp    0x0000000008007730       0x8c d:/cubeide/stm32cubeide_1.10.1/stm32cubeide/plugins/com.st.stm32cube.ide.mcu.externaltools.gnu-tools-for-stm32.10.3-2021.10.win32_1.0.0.202111181127/tools/bin/../lib/gcc/arm-none-eabi/10.3.1/../../../../arm-none-eabi/lib/thumb/v7e-m+fp/hard\libc_nano.a(lib_a-findfp.o)
                0x0000000008007730                __sfp
 .text._fwalk_reent
                0x00000000080077bc       0x3e d:/cubeide/stm32cubeide_1.10.1/stm32cubeide/plugins/com.st.stm32cube.ide.mcu.externaltools.gnu-tools-for-stm32.10.3-2021.10.win32_1.0.0.202111181127/tools/bin/../lib/gcc/arm-none-eabi/10.3.1/../../../../arm-none-eabi/lib/thumb/v7e-m+fp/hard\libc_nano.a(lib_a-fwalk.o)
                0x00000000080077bc                _fwalk_reent
 *fill*         0x00000000080077fa        0x2 
 .text._localeconv_r
                0x00000000080077fc        0x8 d:/cubeide/stm32cubeide_1.10.1/stm32cubeide/plugins/com.st.stm32cube.ide.mcu.externaltools.gnu-tools-for-stm32.10.3-2021.10.win32_1.0.0.202111181127/tools/bin/../lib/gcc/arm-none-eabi/10.3.1/../../../../arm-none-eabi/lib/thumb/v7e-m+fp/hard\libc_nano.a(lib_a-localeconv.o)
                0x00000000080077fc                _localeconv_r
 .text.__retarget_lock_init_recursive
                0x0000000008007804        0x2 d:/cubeide/stm32cubeide_1.10.1/stm32cubeide/plugins/com.st.stm32cube.ide.mcu.externaltools.gnu-tools-for-stm32.10.3-2021.10.win32_1.0.0.202111181127/tools/bin/../lib/gcc/arm-none-eabi/10.3.1/../../../../arm-none-eabi/lib/thumb/v7e-m+fp/hard\libc_nano.a(lib_a-lock.o)
                0x0000000008007804                __retarget_lock_init_recursive
 .text.__retarget_lock_acquire_recursive
                0x0000000008007806        0x2 d:/cubeide/stm32cubeide_1.10.1/stm32cubeide/plugins/com.st.stm32cube.ide.mcu.externaltools.gnu-tools-for-stm32.10.3-2021.10.win32_1.0.0.202111181127/tools/bin/../lib/gcc/arm-none-eabi/10.3.1/../../../../arm-none-eabi/lib/thumb/v7e-m+fp/hard\libc_nano.a(lib_a-lock.o)
                0x0000000008007806                __retarget_lock_acquire_recursive
 .text.__retarget_lock_release_recursive
                0x0000000008007808        0x2 d:/cubeide/stm32cubeide_1.10.1/stm32cubeide/plugins/com.st.stm32cube.ide.mcu.externaltools.gnu-tools-for-stm32.10.3-2021.10.win32_1.0.0.202111181127/tools/bin/../lib/gcc/arm-none-eabi/10.3.1/../../../../arm-none-eabi/lib/thumb/v7e-m+fp/hard\libc_nano.a(lib_a-lock.o)
                0x0000000008007808                __retarget_lock_release_recursive
 .text.__swhatbuf_r
                0x000000000800780a       0x4a d:/cubeide/stm32cubeide_1.10.1/stm32cubeide/plugins/com.st.stm32cube.ide.mcu.externaltools.gnu-tools-for-stm32.10.3-2021.10.win32_1.0.0.202111181127/tools/bin/../lib/gcc/arm-none-eabi/10.3.1/../../../../arm-none-eabi/lib/thumb/v7e-m+fp/hard\libc_nano.a(lib_a-makebuf.o)
                0x000000000800780a                __swhatbuf_r
 .text.__smakebuf_r
                0x0000000008007854       0x80 d:/cubeide/stm32cubeide_1.10.1/stm32cubeide/plugins/com.st.stm32cube.ide.mcu.externaltools.gnu-tools-for-stm32.10.3-2021.10.win32_1.0.0.202111181127/tools/bin/../lib/gcc/arm-none-eabi/10.3.1/../../../../arm-none-eabi/lib/thumb/v7e-m+fp/hard\libc_nano.a(lib_a-makebuf.o)
                0x0000000008007854                __smakebuf_r
 .text.__malloc_lock
                0x00000000080078d4        0xc d:/cubeide/stm32cubeide_1.10.1/stm32cubeide/plugins/com.st.stm32cube.ide.mcu.externaltools.gnu-tools-for-stm32.10.3-2021.10.win32_1.0.0.202111181127/tools/bin/../lib/gcc/arm-none-eabi/10.3.1/../../../../arm-none-eabi/lib/thumb/v7e-m+fp/hard\libc_nano.a(lib_a-mlock.o)
                0x00000000080078d4                __malloc_lock
 .text.__malloc_unlock
                0x00000000080078e0        0xc d:/cubeide/stm32cubeide_1.10.1/stm32cubeide/plugins/com.st.stm32cube.ide.mcu.externaltools.gnu-tools-for-stm32.10.3-2021.10.win32_1.0.0.202111181127/tools/bin/../lib/gcc/arm-none-eabi/10.3.1/../../../../arm-none-eabi/lib/thumb/v7e-m+fp/hard\libc_nano.a(lib_a-mlock.o)
                0x00000000080078e0                __malloc_unlock
 .text._Balloc  0x00000000080078ec       0x80 d:/cubeide/stm32cubeide_1.10.1/stm32cubeide/plugins/com.st.stm32cube.ide.mcu.externaltools.gnu-tools-for-stm32.10.3-2021.10.win32_1.0.0.202111181127/tools/bin/../lib/gcc/arm-none-eabi/10.3.1/../../../../arm-none-eabi/lib/thumb/v7e-m+fp/hard\libc_nano.a(lib_a-mprec.o)
                0x00000000080078ec                _Balloc
 .text._Bfree   0x000000000800796c       0x44 d:/cubeide/stm32cubeide_1.10.1/stm32cubeide/plugins/com.st.stm32cube.ide.mcu.externaltools.gnu-tools-for-stm32.10.3-2021.10.win32_1.0.0.202111181127/tools/bin/../lib/gcc/arm-none-eabi/10.3.1/../../../../arm-none-eabi/lib/thumb/v7e-m+fp/hard\libc_nano.a(lib_a-mprec.o)
                0x000000000800796c                _Bfree
 .text.__multadd
                0x00000000080079b0       0x8c d:/cubeide/stm32cubeide_1.10.1/stm32cubeide/plugins/com.st.stm32cube.ide.mcu.externaltools.gnu-tools-for-stm32.10.3-2021.10.win32_1.0.0.202111181127/tools/bin/../lib/gcc/arm-none-eabi/10.3.1/../../../../arm-none-eabi/lib/thumb/v7e-m+fp/hard\libc_nano.a(lib_a-mprec.o)
                0x00000000080079b0                __multadd
 .text.__hi0bits
                0x0000000008007a3c       0x40 d:/cubeide/stm32cubeide_1.10.1/stm32cubeide/plugins/com.st.stm32cube.ide.mcu.externaltools.gnu-tools-for-stm32.10.3-2021.10.win32_1.0.0.202111181127/tools/bin/../lib/gcc/arm-none-eabi/10.3.1/../../../../arm-none-eabi/lib/thumb/v7e-m+fp/hard\libc_nano.a(lib_a-mprec.o)
                0x0000000008007a3c                __hi0bits
 .text.__lo0bits
                0x0000000008007a7c       0x5e d:/cubeide/stm32cubeide_1.10.1/stm32cubeide/plugins/com.st.stm32cube.ide.mcu.externaltools.gnu-tools-for-stm32.10.3-2021.10.win32_1.0.0.202111181127/tools/bin/../lib/gcc/arm-none-eabi/10.3.1/../../../../arm-none-eabi/lib/thumb/v7e-m+fp/hard\libc_nano.a(lib_a-mprec.o)
                0x0000000008007a7c                __lo0bits
 *fill*         0x0000000008007ada        0x2 
 .text.__i2b    0x0000000008007adc       0x2c d:/cubeide/stm32cubeide_1.10.1/stm32cubeide/plugins/com.st.stm32cube.ide.mcu.externaltools.gnu-tools-for-stm32.10.3-2021.10.win32_1.0.0.202111181127/tools/bin/../lib/gcc/arm-none-eabi/10.3.1/../../../../arm-none-eabi/lib/thumb/v7e-m+fp/hard\libc_nano.a(lib_a-mprec.o)
                0x0000000008007adc                __i2b
 .text.__multiply
                0x0000000008007b08      0x154 d:/cubeide/stm32cubeide_1.10.1/stm32cubeide/plugins/com.st.stm32cube.ide.mcu.externaltools.gnu-tools-for-stm32.10.3-2021.10.win32_1.0.0.202111181127/tools/bin/../lib/gcc/arm-none-eabi/10.3.1/../../../../arm-none-eabi/lib/thumb/v7e-m+fp/hard\libc_nano.a(lib_a-mprec.o)
                0x0000000008007b08                __multiply
 .text.__pow5mult
                0x0000000008007c5c       0xb4 d:/cubeide/stm32cubeide_1.10.1/stm32cubeide/plugins/com.st.stm32cube.ide.mcu.externaltools.gnu-tools-for-stm32.10.3-2021.10.win32_1.0.0.202111181127/tools/bin/../lib/gcc/arm-none-eabi/10.3.1/../../../../arm-none-eabi/lib/thumb/v7e-m+fp/hard\libc_nano.a(lib_a-mprec.o)
                0x0000000008007c5c                __pow5mult
 .text.__lshift
                0x0000000008007d10       0xe0 d:/cubeide/stm32cubeide_1.10.1/stm32cubeide/plugins/com.st.stm32cube.ide.mcu.externaltools.gnu-tools-for-stm32.10.3-2021.10.win32_1.0.0.202111181127/tools/bin/../lib/gcc/arm-none-eabi/10.3.1/../../../../arm-none-eabi/lib/thumb/v7e-m+fp/hard\libc_nano.a(lib_a-mprec.o)
                0x0000000008007d10                __lshift
 .text.__mcmp   0x0000000008007df0       0x38 d:/cubeide/stm32cubeide_1.10.1/stm32cubeide/plugins/com.st.stm32cube.ide.mcu.externaltools.gnu-tools-for-stm32.10.3-2021.10.win32_1.0.0.202111181127/tools/bin/../lib/gcc/arm-none-eabi/10.3.1/../../../../arm-none-eabi/lib/thumb/v7e-m+fp/hard\libc_nano.a(lib_a-mprec.o)
                0x0000000008007df0                __mcmp
 .text.__mdiff  0x0000000008007e28      0x114 d:/cubeide/stm32cubeide_1.10.1/stm32cubeide/plugins/com.st.stm32cube.ide.mcu.externaltools.gnu-tools-for-stm32.10.3-2021.10.win32_1.0.0.202111181127/tools/bin/../lib/gcc/arm-none-eabi/10.3.1/../../../../arm-none-eabi/lib/thumb/v7e-m+fp/hard\libc_nano.a(lib_a-mprec.o)
                0x0000000008007e28                __mdiff
 .text.__d2b    0x0000000008007f3c       0xb8 d:/cubeide/stm32cubeide_1.10.1/stm32cubeide/plugins/com.st.stm32cube.ide.mcu.externaltools.gnu-tools-for-stm32.10.3-2021.10.win32_1.0.0.202111181127/tools/bin/../lib/gcc/arm-none-eabi/10.3.1/../../../../arm-none-eabi/lib/thumb/v7e-m+fp/hard\libc_nano.a(lib_a-mprec.o)
                0x0000000008007f3c                __d2b
 .text._calloc_r
                0x0000000008007ff4       0x2c d:/cubeide/stm32cubeide_1.10.1/stm32cubeide/plugins/com.st.stm32cube.ide.mcu.externaltools.gnu-tools-for-stm32.10.3-2021.10.win32_1.0.0.202111181127/tools/bin/../lib/gcc/arm-none-eabi/10.3.1/../../../../arm-none-eabi/lib/thumb/v7e-m+fp/hard\libc_nano.a(lib_a-nano-callocr.o)
                0x0000000008007ff4                _calloc_r
 .text._realloc_r
                0x0000000008008020       0x5e d:/cubeide/stm32cubeide_1.10.1/stm32cubeide/plugins/com.st.stm32cube.ide.mcu.externaltools.gnu-tools-for-stm32.10.3-2021.10.win32_1.0.0.202111181127/tools/bin/../lib/gcc/arm-none-eabi/10.3.1/../../../../arm-none-eabi/lib/thumb/v7e-m+fp/hard\libc_nano.a(lib_a-nano-reallocr.o)
                0x0000000008008020                _realloc_r
 .text.__ssputs_r
                0x000000000800807e       0xb6 d:/cubeide/stm32cubeide_1.10.1/stm32cubeide/plugins/com.st.stm32cube.ide.mcu.externaltools.gnu-tools-for-stm32.10.3-2021.10.win32_1.0.0.202111181127/tools/bin/../lib/gcc/arm-none-eabi/10.3.1/../../../../arm-none-eabi/lib/thumb/v7e-m+fp/hard\libc_nano.a(lib_a-nano-svfprintf.o)
                0x000000000800807e                __ssputs_r
 .text._svfprintf_r
                0x0000000008008134      0x200 d:/cubeide/stm32cubeide_1.10.1/stm32cubeide/plugins/com.st.stm32cube.ide.mcu.externaltools.gnu-tools-for-stm32.10.3-2021.10.win32_1.0.0.202111181127/tools/bin/../lib/gcc/arm-none-eabi/10.3.1/../../../../arm-none-eabi/lib/thumb/v7e-m+fp/hard\libc_nano.a(lib_a-nano-svfprintf.o)
                0x0000000008008134                _svfiprintf_r
                0x0000000008008134                _svfprintf_r
 .text._raise_r
                0x0000000008008334       0x50 d:/cubeide/stm32cubeide_1.10.1/stm32cubeide/plugins/com.st.stm32cube.ide.mcu.externaltools.gnu-tools-for-stm32.10.3-2021.10.win32_1.0.0.202111181127/tools/bin/../lib/gcc/arm-none-eabi/10.3.1/../../../../arm-none-eabi/lib/thumb/v7e-m+fp/hard\libc_nano.a(lib_a-signal.o)
                0x0000000008008334                _raise_r
 .text.raise    0x0000000008008384       0x10 d:/cubeide/stm32cubeide_1.10.1/stm32cubeide/plugins/com.st.stm32cube.ide.mcu.externaltools.gnu-tools-for-stm32.10.3-2021.10.win32_1.0.0.202111181127/tools/bin/../lib/gcc/arm-none-eabi/10.3.1/../../../../arm-none-eabi/lib/thumb/v7e-m+fp/hard\libc_nano.a(lib_a-signal.o)
                0x0000000008008384                raise
 .text._kill_r  0x0000000008008394       0x24 d:/cubeide/stm32cubeide_1.10.1/stm32cubeide/plugins/com.st.stm32cube.ide.mcu.externaltools.gnu-tools-for-stm32.10.3-2021.10.win32_1.0.0.202111181127/tools/bin/../lib/gcc/arm-none-eabi/10.3.1/../../../../arm-none-eabi/lib/thumb/v7e-m+fp/hard\libc_nano.a(lib_a-signalr.o)
                0x0000000008008394                _kill_r
 .text._getpid_r
                0x00000000080083b8        0x4 d:/cubeide/stm32cubeide_1.10.1/stm32cubeide/plugins/com.st.stm32cube.ide.mcu.externaltools.gnu-tools-for-stm32.10.3-2021.10.win32_1.0.0.202111181127/tools/bin/../lib/gcc/arm-none-eabi/10.3.1/../../../../arm-none-eabi/lib/thumb/v7e-m+fp/hard\libc_nano.a(lib_a-signalr.o)
                0x00000000080083b8                _getpid_r
 .text.__sread  0x00000000080083bc       0x22 d:/cubeide/stm32cubeide_1.10.1/stm32cubeide/plugins/com.st.stm32cube.ide.mcu.externaltools.gnu-tools-for-stm32.10.3-2021.10.win32_1.0.0.202111181127/tools/bin/../lib/gcc/arm-none-eabi/10.3.1/../../../../arm-none-eabi/lib/thumb/v7e-m+fp/hard\libc_nano.a(lib_a-stdio.o)
                0x00000000080083bc                __sread
 .text.__swrite
                0x00000000080083de       0x38 d:/cubeide/stm32cubeide_1.10.1/stm32cubeide/plugins/com.st.stm32cube.ide.mcu.externaltools.gnu-tools-for-stm32.10.3-2021.10.win32_1.0.0.202111181127/tools/bin/../lib/gcc/arm-none-eabi/10.3.1/../../../../arm-none-eabi/lib/thumb/v7e-m+fp/hard\libc_nano.a(lib_a-stdio.o)
                0x00000000080083de                __swrite
 .text.__sseek  0x0000000008008416       0x24 d:/cubeide/stm32cubeide_1.10.1/stm32cubeide/plugins/com.st.stm32cube.ide.mcu.externaltools.gnu-tools-for-stm32.10.3-2021.10.win32_1.0.0.202111181127/tools/bin/../lib/gcc/arm-none-eabi/10.3.1/../../../../arm-none-eabi/lib/thumb/v7e-m+fp/hard\libc_nano.a(lib_a-stdio.o)
                0x0000000008008416                __sseek
 .text.__sclose
                0x000000000800843a        0x8 d:/cubeide/stm32cubeide_1.10.1/stm32cubeide/plugins/com.st.stm32cube.ide.mcu.externaltools.gnu-tools-for-stm32.10.3-2021.10.win32_1.0.0.202111181127/tools/bin/../lib/gcc/arm-none-eabi/10.3.1/../../../../arm-none-eabi/lib/thumb/v7e-m+fp/hard\libc_nano.a(lib_a-stdio.o)
                0x000000000800843a                __sclose
 *fill*         0x0000000008008442        0x2 
 .text._write_r
                0x0000000008008444       0x24 d:/cubeide/stm32cubeide_1.10.1/stm32cubeide/plugins/com.st.stm32cube.ide.mcu.externaltools.gnu-tools-for-stm32.10.3-2021.10.win32_1.0.0.202111181127/tools/bin/../lib/gcc/arm-none-eabi/10.3.1/../../../../arm-none-eabi/lib/thumb/v7e-m+fp/hard\libc_nano.a(lib_a-writer.o)
                0x0000000008008444                _write_r
 .text._close_r
                0x0000000008008468       0x20 d:/cubeide/stm32cubeide_1.10.1/stm32cubeide/plugins/com.st.stm32cube.ide.mcu.externaltools.gnu-tools-for-stm32.10.3-2021.10.win32_1.0.0.202111181127/tools/bin/../lib/gcc/arm-none-eabi/10.3.1/../../../../arm-none-eabi/lib/thumb/v7e-m+fp/hard\libc_nano.a(lib_a-closer.o)
                0x0000000008008468                _close_r
 .text._fstat_r
                0x0000000008008488       0x24 d:/cubeide/stm32cubeide_1.10.1/stm32cubeide/plugins/com.st.stm32cube.ide.mcu.externaltools.gnu-tools-for-stm32.10.3-2021.10.win32_1.0.0.202111181127/tools/bin/../lib/gcc/arm-none-eabi/10.3.1/../../../../arm-none-eabi/lib/thumb/v7e-m+fp/hard\libc_nano.a(lib_a-fstatr.o)
                0x0000000008008488                _fstat_r
 .text._isatty_r
                0x00000000080084ac       0x20 d:/cubeide/stm32cubeide_1.10.1/stm32cubeide/plugins/com.st.stm32cube.ide.mcu.externaltools.gnu-tools-for-stm32.10.3-2021.10.win32_1.0.0.202111181127/tools/bin/../lib/gcc/arm-none-eabi/10.3.1/../../../../arm-none-eabi/lib/thumb/v7e-m+fp/hard\libc_nano.a(lib_a-isattyr.o)
                0x00000000080084ac                _isatty_r
 .text._lseek_r
                0x00000000080084cc       0x24 d:/cubeide/stm32cubeide_1.10.1/stm32cubeide/plugins/com.st.stm32cube.ide.mcu.externaltools.gnu-tools-for-stm32.10.3-2021.10.win32_1.0.0.202111181127/tools/bin/../lib/gcc/arm-none-eabi/10.3.1/../../../../arm-none-eabi/lib/thumb/v7e-m+fp/hard\libc_nano.a(lib_a-lseekr.o)
                0x00000000080084cc                _lseek_r
 .text.__ascii_mbtowc
                0x00000000080084f0       0x24 d:/cubeide/stm32cubeide_1.10.1/stm32cubeide/plugins/com.st.stm32cube.ide.mcu.externaltools.gnu-tools-for-stm32.10.3-2021.10.win32_1.0.0.202111181127/tools/bin/../lib/gcc/arm-none-eabi/10.3.1/../../../../arm-none-eabi/lib/thumb/v7e-m+fp/hard\libc_nano.a(lib_a-mbtowc_r.o)
                0x00000000080084f0                __ascii_mbtowc
 .text._malloc_usable_size_r
                0x0000000008008514       0x10 d:/cubeide/stm32cubeide_1.10.1/stm32cubeide/plugins/com.st.stm32cube.ide.mcu.externaltools.gnu-tools-for-stm32.10.3-2021.10.win32_1.0.0.202111181127/tools/bin/../lib/gcc/arm-none-eabi/10.3.1/../../../../arm-none-eabi/lib/thumb/v7e-m+fp/hard\libc_nano.a(lib_a-nano-msizer.o)
                0x0000000008008514                _malloc_usable_size_r
 .text._read_r  0x0000000008008524       0x24 d:/cubeide/stm32cubeide_1.10.1/stm32cubeide/plugins/com.st.stm32cube.ide.mcu.externaltools.gnu-tools-for-stm32.10.3-2021.10.win32_1.0.0.202111181127/tools/bin/../lib/gcc/arm-none-eabi/10.3.1/../../../../arm-none-eabi/lib/thumb/v7e-m+fp/hard\libc_nano.a(lib_a-readr.o)
                0x0000000008008524                _read_r
 .text.__ascii_wctomb
                0x0000000008008548       0x1a d:/cubeide/stm32cubeide_1.10.1/stm32cubeide/plugins/com.st.stm32cube.ide.mcu.externaltools.gnu-tools-for-stm32.10.3-2021.10.win32_1.0.0.202111181127/tools/bin/../lib/gcc/arm-none-eabi/10.3.1/../../../../arm-none-eabi/lib/thumb/v7e-m+fp/hard\libc_nano.a(lib_a-wctomb_r.o)
                0x0000000008008548                __ascii_wctomb
 *fill*         0x0000000008008562        0x2 
 .text.sqrtf    0x0000000008008564       0x3c d:/cubeide/stm32cubeide_1.10.1/stm32cubeide/plugins/com.st.stm32cube.ide.mcu.externaltools.gnu-tools-for-stm32.10.3-2021.10.win32_1.0.0.202111181127/tools/bin/../lib/gcc/arm-none-eabi/10.3.1/../../../../arm-none-eabi/lib/thumb/v7e-m+fp/hard\libm.a(lib_a-wf_sqrt.o)
                0x0000000008008564                sqrtf
 .text.__ieee754_sqrtf
                0x00000000080085a0        0x6 d:/cubeide/stm32cubeide_1.10.1/stm32cubeide/plugins/com.st.stm32cube.ide.mcu.externaltools.gnu-tools-for-stm32.10.3-2021.10.win32_1.0.0.202111181127/tools/bin/../lib/gcc/arm-none-eabi/10.3.1/../../../../arm-none-eabi/lib/thumb/v7e-m+fp/hard\libm.a(lib_a-ef_sqrt.o)
                0x00000000080085a0                __ieee754_sqrtf
 *(.glue_7)
 .glue_7        0x00000000080085a6        0x0 linker stubs
 *(.glue_7t)
 .glue_7t       0x00000000080085a6        0x0 linker stubs
 *(.eh_frame)
 *fill*         0x00000000080085a6        0x2 
 .eh_frame      0x00000000080085a8        0x0 d:/cubeide/stm32cubeide_1.10.1/stm32cubeide/plugins/com.st.stm32cube.ide.mcu.externaltools.gnu-tools-for-stm32.10.3-2021.10.win32_1.0.0.202111181127/tools/bin/../lib/gcc/arm-none-eabi/10.3.1/thumb/v7e-m+fp/hard/crtbegin.o
 *(.init)
 .init          0x00000000080085a8        0x4 d:/cubeide/stm32cubeide_1.10.1/stm32cubeide/plugins/com.st.stm32cube.ide.mcu.externaltools.gnu-tools-for-stm32.10.3-2021.10.win32_1.0.0.202111181127/tools/bin/../lib/gcc/arm-none-eabi/10.3.1/thumb/v7e-m+fp/hard/crti.o
                0x00000000080085a8                _init
 .init          0x00000000080085ac        0x8 d:/cubeide/stm32cubeide_1.10.1/stm32cubeide/plugins/com.st.stm32cube.ide.mcu.externaltools.gnu-tools-for-stm32.10.3-2021.10.win32_1.0.0.202111181127/tools/bin/../lib/gcc/arm-none-eabi/10.3.1/thumb/v7e-m+fp/hard/crtn.o
 *(.fini)
 .fini          0x00000000080085b4        0x4 d:/cubeide/stm32cubeide_1.10.1/stm32cubeide/plugins/com.st.stm32cube.ide.mcu.externaltools.gnu-tools-for-stm32.10.3-2021.10.win32_1.0.0.202111181127/tools/bin/../lib/gcc/arm-none-eabi/10.3.1/thumb/v7e-m+fp/hard/crti.o
                0x00000000080085b4                _fini
 .fini          0x00000000080085b8        0x8 d:/cubeide/stm32cubeide_1.10.1/stm32cubeide/plugins/com.st.stm32cube.ide.mcu.externaltools.gnu-tools-for-stm32.10.3-2021.10.win32_1.0.0.202111181127/tools/bin/../lib/gcc/arm-none-eabi/10.3.1/thumb/v7e-m+fp/hard/crtn.o
                0x00000000080085c0                . = ALIGN (0x4)
                0x00000000080085c0                _etext = .

.vfp11_veneer   0x00000000080085c0        0x0
 .vfp11_veneer  0x00000000080085c0        0x0 linker stubs

.v4_bx          0x00000000080085c0        0x0
 .v4_bx         0x00000000080085c0        0x0 linker stubs

.iplt           0x00000000080085c0        0x0
 .iplt          0x00000000080085c0        0x0 d:/cubeide/stm32cubeide_1.10.1/stm32cubeide/plugins/com.st.stm32cube.ide.mcu.externaltools.gnu-tools-for-stm32.10.3-2021.10.win32_1.0.0.202111181127/tools/bin/../lib/gcc/arm-none-eabi/10.3.1/thumb/v7e-m+fp/hard/crtbegin.o

.rodata         0x00000000080085c0      0x5c8
                0x00000000080085c0                . = ALIGN (0x4)
 *(.rodata)
 .rodata        0x00000000080085c0       0x59 ./Tests/Src/CmsisDspTest.o
 *fill*         0x0000000008008619        0x3 
 .rodata        0x000000000800861c      0x16b ./Tests/Src/CuTest.o
 *(.rodata*)
 *fill*         0x0000000008008787        0x1 
 .rodata.AHBPrescTable
                0x0000000008008788       0x10 ./Core/Src/system_stm32f7xx.o
                0x0000000008008788                AHBPrescTable
 .rodata.APBPrescTable
                0x0000000008008798        0x8 ./Core/Src/system_stm32f7xx.o
                0x0000000008008798                APBPrescTable
 .rodata.__func__.0
                0x00000000080087a0        0xb ./Tests/Src/CuTest.o
 .rodata.__assert_func.str1.1
                0x00000000080087ab       0x3c d:/cubeide/stm32cubeide_1.10.1/stm32cubeide/plugins/com.st.stm32cube.ide.mcu.externaltools.gnu-tools-for-stm32.10.3-2021.10.win32_1.0.0.202111181127/tools/bin/../lib/gcc/arm-none-eabi/10.3.1/../../../../arm-none-eabi/lib/thumb/v7e-m+fp/hard\libc_nano.a(lib_a-assert.o)
                                         0x3d (size before relaxing)
 *fill*         0x00000000080087e7        0x1 
 .rodata._global_impure_ptr
                0x00000000080087e8        0x4 d:/cubeide/stm32cubeide_1.10.1/stm32cubeide/plugins/com.st.stm32cube.ide.mcu.externaltools.gnu-tools-for-stm32.10.3-2021.10.win32_1.0.0.202111181127/tools/bin/../lib/gcc/arm-none-eabi/10.3.1/../../../../arm-none-eabi/lib/thumb/v7e-m+fp/hard\libc_nano.a(lib_a-impure.o)
                0x00000000080087e8                _global_impure_ptr
 .rodata._vfprintf_r.str1.1
                0x00000000080087ec       0x11 d:/cubeide/stm32cubeide_1.10.1/stm32cubeide/plugins/com.st.stm32cube.ide.mcu.externaltools.gnu-tools-for-stm32.10.3-2021.10.win32_1.0.0.202111181127/tools/bin/../lib/gcc/arm-none-eabi/10.3.1/../../../../arm-none-eabi/lib/thumb/v7e-m+fp/hard\libc_nano.a(lib_a-nano-vfprintf.o)
 .rodata._printf_float.str1.1
                0x00000000080087fd       0x12 d:/cubeide/stm32cubeide_1.10.1/stm32cubeide/plugins/com.st.stm32cube.ide.mcu.externaltools.gnu-tools-for-stm32.10.3-2021.10.win32_1.0.0.202111181127/tools/bin/../lib/gcc/arm-none-eabi/10.3.1/../../../../arm-none-eabi/lib/thumb/v7e-m+fp/hard\libc_nano.a(lib_a-nano-vfprintf_float.o)
 .rodata._printf_i.str1.1
                0x000000000800880f       0x22 d:/cubeide/stm32cubeide_1.10.1/stm32cubeide/plugins/com.st.stm32cube.ide.mcu.externaltools.gnu-tools-for-stm32.10.3-2021.10.win32_1.0.0.202111181127/tools/bin/../lib/gcc/arm-none-eabi/10.3.1/../../../../arm-none-eabi/lib/thumb/v7e-m+fp/hard\libc_nano.a(lib_a-nano-vfprintf_i.o)
 .rodata._dtoa_r.str1.1
                0x0000000008008831       0x90 d:/cubeide/stm32cubeide_1.10.1/stm32cubeide/plugins/com.st.stm32cube.ide.mcu.externaltools.gnu-tools-for-stm32.10.3-2021.10.win32_1.0.0.202111181127/tools/bin/../lib/gcc/arm-none-eabi/10.3.1/../../../../arm-none-eabi/lib/thumb/v7e-m+fp/hard\libc_nano.a(lib_a-dtoa.o)
                                         0x92 (size before relaxing)
 *fill*         0x00000000080088c1        0x3 
 .rodata.__sf_fake_stderr
                0x00000000080088c4       0x20 d:/cubeide/stm32cubeide_1.10.1/stm32cubeide/plugins/com.st.stm32cube.ide.mcu.externaltools.gnu-tools-for-stm32.10.3-2021.10.win32_1.0.0.202111181127/tools/bin/../lib/gcc/arm-none-eabi/10.3.1/../../../../arm-none-eabi/lib/thumb/v7e-m+fp/hard\libc_nano.a(lib_a-findfp.o)
                0x00000000080088c4                __sf_fake_stderr
 .rodata.__sf_fake_stdin
                0x00000000080088e4       0x20 d:/cubeide/stm32cubeide_1.10.1/stm32cubeide/plugins/com.st.stm32cube.ide.mcu.externaltools.gnu-tools-for-stm32.10.3-2021.10.win32_1.0.0.202111181127/tools/bin/../lib/gcc/arm-none-eabi/10.3.1/../../../../arm-none-eabi/lib/thumb/v7e-m+fp/hard\libc_nano.a(lib_a-findfp.o)
                0x00000000080088e4                __sf_fake_stdin
 .rodata.__sf_fake_stdout
                0x0000000008008904       0x20 d:/cubeide/stm32cubeide_1.10.1/stm32cubeide/plugins/com.st.stm32cube.ide.mcu.externaltools.gnu-tools-for-stm32.10.3-2021.10.win32_1.0.0.202111181127/tools/bin/../lib/gcc/arm-none-eabi/10.3.1/../../../../arm-none-eabi/lib/thumb/v7e-m+fp/hard\libc_nano.a(lib_a-findfp.o)
                0x0000000008008904                __sf_fake_stdout
 .rodata._Balloc.str1.1
                0x0000000008008924       0x5c d:/cubeide/stm32cubeide_1.10.1/stm32cubeide/plugins/com.st.stm32cube.ide.mcu.externaltools.gnu-tools-for-stm32.10.3-2021.10.win32_1.0.0.202111181127/tools/bin/../lib/gcc/arm-none-eabi/10.3.1/../../../../arm-none-eabi/lib/thumb/v7e-m+fp/hard\libc_nano.a(lib_a-mprec.o)
                                         0x73 (size before relaxing)
 .rodata.__multadd.str1.1
                0x0000000008008980       0x11 d:/cubeide/stm32cubeide_1.10.1/stm32cubeide/plugins/com.st.stm32cube.ide.mcu.externaltools.gnu-tools-for-stm32.10.3-2021.10.win32_1.0.0.202111181127/tools/bin/../lib/gcc/arm-none-eabi/10.3.1/../../../../arm-none-eabi/lib/thumb/v7e-m+fp/hard\libc_nano.a(lib_a-mprec.o)
 .rodata.__mprec_bigtens
                0x0000000008008980       0x28 d:/cubeide/stm32cubeide_1.10.1/stm32cubeide/plugins/com.st.stm32cube.ide.mcu.externaltools.gnu-tools-for-stm32.10.3-2021.10.win32_1.0.0.202111181127/tools/bin/../lib/gcc/arm-none-eabi/10.3.1/../../../../arm-none-eabi/lib/thumb/v7e-m+fp/hard\libc_nano.a(lib_a-mprec.o)
                0x0000000008008980                __mprec_bigtens
 .rodata.__mprec_tens
                0x00000000080089a8       0xc8 d:/cubeide/stm32cubeide_1.10.1/stm32cubeide/plugins/com.st.stm32cube.ide.mcu.externaltools.gnu-tools-for-stm32.10.3-2021.10.win32_1.0.0.202111181127/tools/bin/../lib/gcc/arm-none-eabi/10.3.1/../../../../arm-none-eabi/lib/thumb/v7e-m+fp/hard\libc_nano.a(lib_a-mprec.o)
                0x00000000080089a8                __mprec_tens
 .rodata.p05.0  0x0000000008008a70        0xc d:/cubeide/stm32cubeide_1.10.1/stm32cubeide/plugins/com.st.stm32cube.ide.mcu.externaltools.gnu-tools-for-stm32.10.3-2021.10.win32_1.0.0.202111181127/tools/bin/../lib/gcc/arm-none-eabi/10.3.1/../../../../arm-none-eabi/lib/thumb/v7e-m+fp/hard\libc_nano.a(lib_a-mprec.o)
 .rodata._svfprintf_r.str1.1
                0x0000000008008a7c       0x11 d:/cubeide/stm32cubeide_1.10.1/stm32cubeide/plugins/com.st.stm32cube.ide.mcu.externaltools.gnu-tools-for-stm32.10.3-2021.10.win32_1.0.0.202111181127/tools/bin/../lib/gcc/arm-none-eabi/10.3.1/../../../../arm-none-eabi/lib/thumb/v7e-m+fp/hard\libc_nano.a(lib_a-nano-svfprintf.o)
 .rodata._setlocale_r.str1.1
                0x0000000008008a7c        0x8 d:/cubeide/stm32cubeide_1.10.1/stm32cubeide/plugins/com.st.stm32cube.ide.mcu.externaltools.gnu-tools-for-stm32.10.3-2021.10.win32_1.0.0.202111181127/tools/bin/../lib/gcc/arm-none-eabi/10.3.1/../../../../arm-none-eabi/lib/thumb/v7e-m+fp/hard\libc_nano.a(lib_a-locale.o)
                                          0x9 (size before relaxing)
 .rodata.str1.1
                0x0000000008008a84        0x2 d:/cubeide/stm32cubeide_1.10.1/stm32cubeide/plugins/com.st.stm32cube.ide.mcu.externaltools.gnu-tools-for-stm32.10.3-2021.10.win32_1.0.0.202111181127/tools/bin/../lib/gcc/arm-none-eabi/10.3.1/../../../../arm-none-eabi/lib/thumb/v7e-m+fp/hard\libc_nano.a(lib_a-locale.o)
 .rodata._ctype_
                0x0000000008008a86      0x101 d:/cubeide/stm32cubeide_1.10.1/stm32cubeide/plugins/com.st.stm32cube.ide.mcu.externaltools.gnu-tools-for-stm32.10.3-2021.10.win32_1.0.0.202111181127/tools/bin/../lib/gcc/arm-none-eabi/10.3.1/../../../../arm-none-eabi/lib/thumb/v7e-m+fp/hard\libc_nano.a(lib_a-ctype_.o)
                0x0000000008008a86                _ctype_
                0x0000000008008b88                . = ALIGN (0x4)
 *fill*         0x0000000008008b87        0x1 

.ARM.extab      0x0000000008008b88        0x0
                0x0000000008008b88                . = ALIGN (0x4)
 *(.ARM.extab* .gnu.linkonce.armextab.*)
                0x0000000008008b88                . = ALIGN (0x4)

.ARM            0x0000000008008b88        0x8
                0x0000000008008b88                . = ALIGN (0x4)
                0x0000000008008b88                __exidx_start = .
 *(.ARM.exidx*)
 .ARM.exidx     0x0000000008008b88        0x8 d:/cubeide/stm32cubeide_1.10.1/stm32cubeide/plugins/com.st.stm32cube.ide.mcu.externaltools.gnu-tools-for-stm32.10.3-2021.10.win32_1.0.0.202111181127/tools/bin/../lib/gcc/arm-none-eabi/10.3.1/thumb/v7e-m+fp/hard\libgcc.a(_udivmoddi4.o)
                0x0000000008008b90                __exidx_end = .
                0x0000000008008b90                . = ALIGN (0x4)

.rel.dyn        0x0000000008008b90        0x0
 .rel.iplt      0x0000000008008b90        0x0 d:/cubeide/stm32cubeide_1.10.1/stm32cubeide/plugins/com.st.stm32cube.ide.mcu.externaltools.gnu-tools-for-stm32.10.3-2021.10.win32_1.0.0.202111181127/tools/bin/../lib/gcc/arm-none-eabi/10.3.1/thumb/v7e-m+fp/hard/crtbegin.o

.preinit_array  0x0000000008008b90        0x0
                0x0000000008008b90                . = ALIGN (0x4)
                0x0000000008008b90                PROVIDE (__preinit_array_start = .)
 *(.preinit_array*)
                0x0000000008008b90                PROVIDE (__preinit_array_end = .)
                0x0000000008008b90                . = ALIGN (0x4)

.init_array     0x0000000008008b90        0x4
                0x0000000008008b90                . = ALIGN (0x4)
                0x0000000008008b90                PROVIDE (__init_array_start = .)
 *(SORT_BY_NAME(.init_array.*))
 *(.init_array*)
 .init_array    0x0000000008008b90        0x4 d:/cubeide/stm32cubeide_1.10.1/stm32cubeide/plugins/com.st.stm32cube.ide.mcu.externaltools.gnu-tools-for-stm32.10.3-2021.10.win32_1.0.0.202111181127/tools/bin/../lib/gcc/arm-none-eabi/10.3.1/thumb/v7e-m+fp/hard/crtbegin.o
                0x0000000008008b94                PROVIDE (__init_array_end = .)
                0x0000000008008b94                . = ALIGN (0x4)

.fini_array     0x0000000008008b94        0x4
                0x0000000008008b94                . = ALIGN (0x4)
                [!provide]                        PROVIDE (__fini_array_start = .)
 *(SORT_BY_NAME(.fini_array.*))
 *(.fini_array*)
 .fini_array    0x0000000008008b94        0x4 d:/cubeide/stm32cubeide_1.10.1/stm32cubeide/plugins/com.st.stm32cube.ide.mcu.externaltools.gnu-tools-for-stm32.10.3-2021.10.win32_1.0.0.202111181127/tools/bin/../lib/gcc/arm-none-eabi/10.3.1/thumb/v7e-m+fp/hard/crtbegin.o
                [!provide]                        PROVIDE (__fini_array_end = .)
                0x0000000008008b98                . = ALIGN (0x4)
                0x0000000008008b98                _sidata = LOADADDR (.data)

.data           0x0000000020000000     0x2144 load address 0x0000000008008b98
                0x0000000020000000                . = ALIGN (0x4)
                0x0000000020000000                _sdata = .
 *(.data)
 *(.data*)
 .data.IIR1_STATE
                0x0000000020000000        0x4 ./Components/Src/IIR1_biquad_df1.o
                0x0000000020000000                IIR1_STATE
 .data.IIR1_COEFFS_UINT
                0x0000000020000004       0x14 ./Components/Src/IIR1_biquad_df1.o
                0x0000000020000004                IIR1_COEFFS_UINT
 .data.IIR1_COEFFS
                0x0000000020000018        0x4 ./Components/Src/IIR1_biquad_df1.o
                0x0000000020000018                IIR1_COEFFS
 .data.X2_DATA_UINT
                0x000000002000001c      0xfa0 ./Components/Src/X2_vec.o
                0x000000002000001c                X2_DATA_UINT
 .data.X2       0x0000000020000fbc        0x4 ./Components/Src/X2_vec.o
                0x0000000020000fbc                X2
 .data.Y2_REF_DATA_UINT
                0x0000000020000fc0      0xfa0 ./Components/Src/Y2_REF_vec.o
                0x0000000020000fc0                Y2_REF_DATA_UINT
 .data.Y2_REF   0x0000000020001f60        0x4 ./Components/Src/Y2_REF_vec.o
                0x0000000020001f60                Y2_REF
 .data.Y2       0x0000000020001f64        0x4 ./Components/Src/Y2_vec.o
                0x0000000020001f64                Y2
 .data.SystemCoreClock
                0x0000000020001f68        0x4 ./Core/Src/system_stm32f7xx.o
                0x0000000020001f68                SystemCoreClock
 .data.uwTickPrio
                0x0000000020001f6c        0x4 ./Drivers/STM32F7xx_HAL_Driver/Src/stm32f7xx_hal.o
                0x0000000020001f6c                uwTickPrio
 .data.uwTickFreq
                0x0000000020001f70        0x1 ./Drivers/STM32F7xx_HAL_Driver/Src/stm32f7xx_hal.o
                0x0000000020001f70                uwTickFreq
 *fill*         0x0000000020001f71        0x3 
 .data._impure_ptr
                0x0000000020001f74        0x4 d:/cubeide/stm32cubeide_1.10.1/stm32cubeide/plugins/com.st.stm32cube.ide.mcu.externaltools.gnu-tools-for-stm32.10.3-2021.10.win32_1.0.0.202111181127/tools/bin/../lib/gcc/arm-none-eabi/10.3.1/../../../../arm-none-eabi/lib/thumb/v7e-m+fp/hard\libc_nano.a(lib_a-impure.o)
                0x0000000020001f74                _impure_ptr
 .data.impure_data
                0x0000000020001f78       0x60 d:/cubeide/stm32cubeide_1.10.1/stm32cubeide/plugins/com.st.stm32cube.ide.mcu.externaltools.gnu-tools-for-stm32.10.3-2021.10.win32_1.0.0.202111181127/tools/bin/../lib/gcc/arm-none-eabi/10.3.1/../../../../arm-none-eabi/lib/thumb/v7e-m+fp/hard\libc_nano.a(lib_a-impure.o)
 .data.__global_locale
                0x0000000020001fd8      0x16c d:/cubeide/stm32cubeide_1.10.1/stm32cubeide/plugins/com.st.stm32cube.ide.mcu.externaltools.gnu-tools-for-stm32.10.3-2021.10.win32_1.0.0.202111181127/tools/bin/../lib/gcc/arm-none-eabi/10.3.1/../../../../arm-none-eabi/lib/thumb/v7e-m+fp/hard\libc_nano.a(lib_a-locale.o)
                0x0000000020001fd8                __global_locale
 *(.RamFunc)
 *(.RamFunc*)
                0x0000000020002144                . = ALIGN (0x4)
                0x0000000020002144                _edata = .

.igot.plt       0x0000000020002144        0x0 load address 0x000000000800acdc
 .igot.plt      0x0000000020002144        0x0 d:/cubeide/stm32cubeide_1.10.1/stm32cubeide/plugins/com.st.stm32cube.ide.mcu.externaltools.gnu-tools-for-stm32.10.3-2021.10.win32_1.0.0.202111181127/tools/bin/../lib/gcc/arm-none-eabi/10.3.1/thumb/v7e-m+fp/hard/crtbegin.o

.RxDecripSection
                0x0000000020002144       0xa0 load address 0x000000000800acdc
 .RxDecripSection
                0x0000000020002144       0xa0 ./Core/Src/eth.o
                0x0000000020002144                DMARxDscrTab

.TxDecripSection
                0x00000000200021e4       0xa0 load address 0x000000000800ad7c
 .TxDecripSection
                0x00000000200021e4       0xa0 ./Core/Src/eth.o
                0x00000000200021e4                DMATxDscrTab
                0x0000000020002284                . = ALIGN (0x4)

.bss            0x0000000020002284     0x1670 load address 0x000000000800ae1c
                0x0000000020002284                _sbss = .
                0x0000000020002284                __bss_start__ = _sbss
 *(.bss)
 .bss           0x0000000020002284       0x1c d:/cubeide/stm32cubeide_1.10.1/stm32cubeide/plugins/com.st.stm32cube.ide.mcu.externaltools.gnu-tools-for-stm32.10.3-2021.10.win32_1.0.0.202111181127/tools/bin/../lib/gcc/arm-none-eabi/10.3.1/thumb/v7e-m+fp/hard/crtbegin.o
 *(.bss*)
 .bss.IIR1_STATE_UINT
                0x00000000200022a0       0x10 ./Components/Src/IIR1_biquad_df1.o
                0x00000000200022a0                IIR1_STATE_UINT
 .bss.IIR1      0x00000000200022b0        0xc ./Components/Src/IIR1_biquad_df1.o
                0x00000000200022b0                IIR1
 .bss.Y2_DATA_UINT
                0x00000000200022bc      0xfa0 ./Components/Src/Y2_vec.o
                0x00000000200022bc                Y2_DATA_UINT
 .bss.TxConfig  0x000000002000325c       0x38 ./Core/Src/eth.o
                0x000000002000325c                TxConfig
 .bss.heth      0x0000000020003294       0xb0 ./Core/Src/eth.o
                0x0000000020003294                heth
 .bss.MACAddr.0
                0x0000000020003344        0x6 ./Core/Src/eth.o
 *fill*         0x000000002000334a        0x2 
 .bss.__sbrk_heap_end
                0x000000002000334c        0x4 ./Core/Src/sysmem.o
 .bss.huart3    0x0000000020003350       0x88 ./Core/Src/usart.o
                0x0000000020003350                huart3
 .bss.hpcd_USB_OTG_FS
                0x00000000200033d8      0x508 ./Core/Src/usb_otg.o
                0x00000000200033d8                hpcd_USB_OTG_FS
 .bss.uwTick    0x00000000200038e0        0x4 ./Drivers/STM32F7xx_HAL_Driver/Src/stm32f7xx_hal.o
                0x00000000200038e0                uwTick
 .bss.__malloc_free_list
                0x00000000200038e4        0x4 d:/cubeide/stm32cubeide_1.10.1/stm32cubeide/plugins/com.st.stm32cube.ide.mcu.externaltools.gnu-tools-for-stm32.10.3-2021.10.win32_1.0.0.202111181127/tools/bin/../lib/gcc/arm-none-eabi/10.3.1/../../../../arm-none-eabi/lib/thumb/v7e-m+fp/hard\libc_nano.a(lib_a-nano-mallocr.o)
                0x00000000200038e4                __malloc_free_list
 .bss.__malloc_sbrk_start
                0x00000000200038e8        0x4 d:/cubeide/stm32cubeide_1.10.1/stm32cubeide/plugins/com.st.stm32cube.ide.mcu.externaltools.gnu-tools-for-stm32.10.3-2021.10.win32_1.0.0.202111181127/tools/bin/../lib/gcc/arm-none-eabi/10.3.1/../../../../arm-none-eabi/lib/thumb/v7e-m+fp/hard\libc_nano.a(lib_a-nano-mallocr.o)
                0x00000000200038e8                __malloc_sbrk_start
 .bss.__lock___malloc_recursive_mutex
                0x00000000200038ec        0x1 d:/cubeide/stm32cubeide_1.10.1/stm32cubeide/plugins/com.st.stm32cube.ide.mcu.externaltools.gnu-tools-for-stm32.10.3-2021.10.win32_1.0.0.202111181127/tools/bin/../lib/gcc/arm-none-eabi/10.3.1/../../../../arm-none-eabi/lib/thumb/v7e-m+fp/hard\libc_nano.a(lib_a-lock.o)
                0x00000000200038ec                __lock___malloc_recursive_mutex
 .bss.__lock___sfp_recursive_mutex
                0x00000000200038ed        0x1 d:/cubeide/stm32cubeide_1.10.1/stm32cubeide/plugins/com.st.stm32cube.ide.mcu.externaltools.gnu-tools-for-stm32.10.3-2021.10.win32_1.0.0.202111181127/tools/bin/../lib/gcc/arm-none-eabi/10.3.1/../../../../arm-none-eabi/lib/thumb/v7e-m+fp/hard\libc_nano.a(lib_a-lock.o)
                0x00000000200038ed                __lock___sfp_recursive_mutex
 .bss.__lock___sinit_recursive_mutex
                0x00000000200038ee        0x1 d:/cubeide/stm32cubeide_1.10.1/stm32cubeide/plugins/com.st.stm32cube.ide.mcu.externaltools.gnu-tools-for-stm32.10.3-2021.10.win32_1.0.0.202111181127/tools/bin/../lib/gcc/arm-none-eabi/10.3.1/../../../../arm-none-eabi/lib/thumb/v7e-m+fp/hard\libc_nano.a(lib_a-lock.o)
                0x00000000200038ee                __lock___sinit_recursive_mutex
 *fill*         0x00000000200038ef        0x1 