Archive member included to satisfy reference by file (symbol)

d:/cubeide/stm32cubeide_1.10.1/stm32cubeide/plugins/com.st.stm32cube.ide.mcu.externaltools.gnu-tools-for-stm32.10.3-2021.10.win32_1.0.0.202111181127/tools/bin/../lib/gcc/arm-none-eabi/10.3.1/../../../../arm-none-eabi/lib/thumb/v7e-m+fp/hard\libc_nano.a(lib_a-errno.o)
                              ./Core/Src/syscalls.o (__errno)
d:/cubeide/stm32cubeide_1.10.1/stm32cubeide/plugins/com.st.stm32cube.ide.mcu.externaltools.gnu-tools-for-stm32.10.3-2021.10.win32_1.0.0.202111181127/tools/bin/../lib/gcc/arm-none-eabi/10.3.1/../../../../arm-none-eabi/lib/thumb/v7e-m+fp/hard\libc_nano.a(lib_a-exit.o)
                              d:/cubeide/stm32cubeide_1.10.1/stm32cubeide/plugins/com.st.stm32cube.ide.mcu.externaltools.gnu-tools-for-stm32.10.3-2021.10.win32_1.0.0.202111181127/tools/bin/../lib/gcc/arm-none-eabi/10.3.1/../../../../arm-none-eabi/lib/thumb/v7e-m+fp/hard/crt0.o (exit)
d:/cubeide/stm32cubeide_1.10.1/stm32cubeide/plugins/com.st.stm32cube.ide.mcu.externaltools.gnu-tools-for-stm32.10.3-2021.10.win32_1.0.0.202111181127/tools/bin/../lib/gcc/arm-none-eabi/10.3.1/../../../../arm-none-eabi/lib/thumb/v7e-m+fp/hard\libc_nano.a(lib_a-impure.o)
                              d:/cubeide/stm32cubeide_1.10.1/stm32cubeide/plugins/com.st.stm32cube.ide.mcu.externaltools.gnu-tools-for-stm32.10.3-2021.10.win32_1.0.0.202111181127/tools/bin/../lib/gcc/arm-none-eabi/10.3.1/../../../../arm-none-eabi/lib/thumb/v7e-m+fp/hard\libc_nano.a(lib_a-exit.o) (_global_impure_ptr)
d:/cubeide/stm32cubeide_1.10.1/stm32cubeide/plugins/com.st.stm32cube.ide.mcu.externaltools.gnu-tools-for-stm32.10.3-2021.10.win32_1.0.0.202111181127/tools/bin/../lib/gcc/arm-none-eabi/10.3.1/../../../../arm-none-eabi/lib/thumb/v7e-m+fp/hard\libc_nano.a(lib_a-init.o)
                              d:/cubeide/stm32cubeide_1.10.1/stm32cubeide/plugins/com.st.stm32cube.ide.mcu.externaltools.gnu-tools-for-stm32.10.3-2021.10.win32_1.0.0.202111181127/tools/bin/../lib/gcc/arm-none-eabi/10.3.1/../../../../arm-none-eabi/lib/thumb/v7e-m+fp/hard/crt0.o (__libc_init_array)
d:/cubeide/stm32cubeide_1.10.1/stm32cubeide/plugins/com.st.stm32cube.ide.mcu.externaltools.gnu-tools-for-stm32.10.3-2021.10.win32_1.0.0.202111181127/tools/bin/../lib/gcc/arm-none-eabi/10.3.1/../../../../arm-none-eabi/lib/thumb/v7e-m+fp/hard\libc_nano.a(lib_a-memset.o)
                              d:/cubeide/stm32cubeide_1.10.1/stm32cubeide/plugins/com.st.stm32cube.ide.mcu.externaltools.gnu-tools-for-stm32.10.3-2021.10.win32_1.0.0.202111181127/tools/bin/../lib/gcc/arm-none-eabi/10.3.1/../../../../arm-none-eabi/lib/thumb/v7e-m+fp/hard/crt0.o (memset)
d:/cubeide/stm32cubeide_1.10.1/stm32cubeide/plugins/com.st.stm32cube.ide.mcu.externaltools.gnu-tools-for-stm32.10.3-2021.10.win32_1.0.0.202111181127/tools/bin/../lib/gcc/arm-none-eabi/10.3.1/thumb/v7e-m+fp/hard\libgcc.a(_aeabi_uldivmod.o)
                              ./Drivers/STM32F7xx_HAL_Driver/Src/stm32f7xx_hal_rcc.o (__aeabi_uldivmod)
d:/cubeide/stm32cubeide_1.10.1/stm32cubeide/plugins/com.st.stm32cube.ide.mcu.externaltools.gnu-tools-for-stm32.10.3-2021.10.win32_1.0.0.202111181127/tools/bin/../lib/gcc/arm-none-eabi/10.3.1/thumb/v7e-m+fp/hard\libgcc.a(_udivmoddi4.o)
                              d:/cubeide/stm32cubeide_1.10.1/stm32cubeide/plugins/com.st.stm32cube.ide.mcu.externaltools.gnu-tools-for-stm32.10.3-2021.10.win32_1.0.0.202111181127/tools/bin/../lib/gcc/arm-none-eabi/10.3.1/thumb/v7e-m+fp/hard\libgcc.a(_aeabi_uldivmod.o) (__udivmoddi4)
d:/cubeide/stm32cubeide_1.10.1/stm32cubeide/plugins/com.st.stm32cube.ide.mcu.externaltools.gnu-tools-for-stm32.10.3-2021.10.win32_1.0.0.202111181127/tools/bin/../lib/gcc/arm-none-eabi/10.3.1/thumb/v7e-m+fp/hard\libgcc.a(_dvmd_tls.o)
                              d:/cubeide/stm32cubeide_1.10.1/stm32cubeide/plugins/com.st.stm32cube.ide.mcu.externaltools.gnu-tools-for-stm32.10.3-2021.10.win32_1.0.0.202111181127/tools/bin/../lib/gcc/arm-none-eabi/10.3.1/thumb/v7e-m+fp/hard\libgcc.a(_aeabi_uldivmod.o) (__aeabi_ldiv0)

Discarded input sections

 .text          0x0000000000000000        0x0 d:/cubeide/stm32cubeide_1.10.1/stm32cubeide/plugins/com.st.stm32cube.ide.mcu.externaltools.gnu-tools-for-stm32.10.3-2021.10.win32_1.0.0.202111181127/tools/bin/../lib/gcc/arm-none-eabi/10.3.1/thumb/v7e-m+fp/hard/crti.o
 .data          0x0000000000000000        0x0 d:/cubeide/stm32cubeide_1.10.1/stm32cubeide/plugins/com.st.stm32cube.ide.mcu.externaltools.gnu-tools-for-stm32.10.3-2021.10.win32_1.0.0.202111181127/tools/bin/../lib/gcc/arm-none-eabi/10.3.1/thumb/v7e-m+fp/hard/crti.o
 .bss           0x0000000000000000        0x0 d:/cubeide/stm32cubeide_1.10.1/stm32cubeide/plugins/com.st.stm32cube.ide.mcu.externaltools.gnu-tools-for-stm32.10.3-2021.10.win32_1.0.0.202111181127/tools/bin/../lib/gcc/arm-none-eabi/10.3.1/thumb/v7e-m+fp/hard/crti.o
[...]
Memory Configuration

Name             Origin             Length             Attributes
RAM              0x0000000020000000 0x0000000000050000 xrw
FLASH            0x0000000008000000 0x0000000000100000 xr
*default*        0x0000000000000000 0xffffffffffffffff

Linker script and memory map

LOAD d:/cubeide/stm32cubeide_1.10.1/stm32cubeide/plugins/com.st.stm32cube.ide.mcu.externaltools.gnu-tools-for-stm32.10.3-2021.10.win32_1.0.0.202111181127/tools/bin/../lib/gcc/arm-none-eabi/10.3.1/thumb/v7e-m+fp/hard/crti.o
LOAD d:/cubeide/stm32cubeide_1.10.1/stm32cubeide/plugins/com.st.stm32cube.ide.mcu.externaltools.gnu-tools-for-stm32.10.3-2021.10.win32_1.0.0.202111181127/tools/bin/../lib/gcc/arm-none-eabi/10.3.1/thumb/v7e-m+fp/hard/crtbegin.o
LOAD d:/cubeide/stm32cubeide_1.10.1/stm32cubeide/plugins/com.st.stm32cube.ide.mcu.externaltools.gnu-tools-for-stm32.10.3-2021.10.win32_1.0.0.202111181127/tools/bin/../lib/gcc/arm-none-eabi/10.3.1/../../../../arm-none-eabi/lib/thumb/v7e-m+fp/hard/crt0.o
LOAD ./Core/Src/dac.o
LOAD ./Core/Src/dma.o
LOAD ./Core/Src/gpio.o
LOAD ./Core/Src/main.o
LOAD ./Core/Src/stm32f7xx_hal_msp.o
LOAD ./Core/Src/stm32f7xx_it.o
LOAD ./Core/Src/syscalls.o
LOAD ./Core/Src/sysmem.o
LOAD ./Core/Src/system_stm32f7xx.o
LOAD ./Core/Src/tim.o
LOAD ./Core/Src/usart.o
LOAD ./Core/Startup/startup_stm32f746zgtx.o
LOAD ./Drivers/STM32F7xx_HAL_Driver/Src/stm32f7xx_hal.o
LOAD ./Drivers/STM32F7xx_HAL_Driver/Src/stm32f7xx_hal_cortex.o
LOAD ./Drivers/STM32F7xx_HAL_Driver/Src/stm32f7xx_hal_dac.o
LOAD ./Drivers/STM32F7xx_HAL_Driver/Src/stm32f7xx_hal_dac_ex.o
LOAD ./Drivers/STM32F7xx_HAL_Driver/Src/stm32f7xx_hal_dma.o
LOAD ./Drivers/STM32F7xx_HAL_Driver/Src/stm32f7xx_hal_dma_ex.o
LOAD ./Drivers/STM32F7xx_HAL_Driver/Src/stm32f7xx_hal_exti.o
LOAD ./Drivers/STM32F7xx_HAL_Driver/Src/stm32f7xx_hal_flash.o
LOAD ./Drivers/STM32F7xx_HAL_Driver/Src/stm32f7xx_hal_flash_ex.o
LOAD ./Drivers/STM32F7xx_HAL_Driver/Src/stm32f7xx_hal_gpio.o
LOAD ./Drivers/STM32F7xx_HAL_Driver/Src/stm32f7xx_hal_i2c.o
LOAD ./Drivers/STM32F7xx_HAL_Driver/Src/stm32f7xx_hal_i2c_ex.o
LOAD ./Drivers/STM32F7xx_HAL_Driver/Src/stm32f7xx_hal_pwr.o
LOAD ./Drivers/STM32F7xx_HAL_Driver/Src/stm32f7xx_hal_pwr_ex.o
LOAD ./Drivers/STM32F7xx_HAL_Driver/Src/stm32f7xx_hal_rcc.o
LOAD ./Drivers/STM32F7xx_HAL_Driver/Src/stm32f7xx_hal_rcc_ex.o
LOAD ./Drivers/STM32F7xx_HAL_Driver/Src/stm32f7xx_hal_tim.o
LOAD ./Drivers/STM32F7xx_HAL_Driver/Src/stm32f7xx_hal_tim_ex.o
LOAD ./Drivers/STM32F7xx_HAL_Driver/Src/stm32f7xx_hal_uart.o
LOAD ./Drivers/STM32F7xx_HAL_Driver/Src/stm32f7xx_hal_uart_ex.o
LOAD ./User/Scr/User_dac.o
START GROUP
LOAD d:/cubeide/stm32cubeide_1.10.1/stm32cubeide/plugins/com.st.stm32cube.ide.mcu.externaltools.gnu-tools-for-stm32.10.3-2021.10.win32_1.0.0.202111181127/tools/bin/../lib/gcc/arm-none-eabi/10.3.1/../../../../arm-none-eabi/lib/thumb/v7e-m+fp/hard\libc_nano.a
LOAD d:/cubeide/stm32cubeide_1.10.1/stm32cubeide/plugins/com.st.stm32cube.ide.mcu.externaltools.gnu-tools-for-stm32.10.3-2021.10.win32_1.0.0.202111181127/tools/bin/../lib/gcc/arm-none-eabi/10.3.1/../../../../arm-none-eabi/lib/thumb/v7e-m+fp/hard\libm.a
END GROUP
START GROUP
LOAD d:/cubeide/stm32cubeide_1.10.1/stm32cubeide/plugins/com.st.stm32cube.ide.mcu.externaltools.gnu-tools-for-stm32.10.3-2021.10.win32_1.0.0.202111181127/tools/bin/../lib/gcc/arm-none-eabi/10.3.1/thumb/v7e-m+fp/hard\libgcc.a
LOAD d:/cubeide/stm32cubeide_1.10.1/stm32cubeide/plugins/com.st.stm32cube.ide.mcu.externaltools.gnu-tools-for-stm32.10.3-2021.10.win32_1.0.0.202111181127/tools/bin/../lib/gcc/arm-none-eabi/10.3.1/../../../../arm-none-eabi/lib/thumb/v7e-m+fp/hard\libc_nano.a
END GROUP
START GROUP
LOAD d:/cubeide/stm32cubeide_1.10.1/stm32cubeide/plugins/com.st.stm32cube.ide.mcu.externaltools.gnu-tools-for-stm32.10.3-2021.10.win32_1.0.0.202111181127/tools/bin/../lib/gcc/arm-none-eabi/10.3.1/thumb/v7e-m+fp/hard\libgcc.a
LOAD d:/cubeide/stm32cubeide_1.10.1/stm32cubeide/plugins/com.st.stm32cube.ide.mcu.externaltools.gnu-tools-for-stm32.10.3-2021.10.win32_1.0.0.202111181127/tools/bin/../lib/gcc/arm-none-eabi/10.3.1/../../../../arm-none-eabi/lib/thumb/v7e-m+fp/hard\libc_nano.a
LOAD d:/cubeide/stm32cubeide_1.10.1/stm32cubeide/plugins/com.st.stm32cube.ide.mcu.externaltools.gnu-tools-for-stm32.10.3-2021.10.win32_1.0.0.202111181127/tools/bin/../lib/gcc/arm-none-eabi/10.3.1/../../../../arm-none-eabi/lib/thumb/v7e-m+fp/hard\libnosys.a
END GROUP
START GROUP
LOAD d:/cubeide/stm32cubeide_1.10.1/stm32cubeide/plugins/com.st.stm32cube.ide.mcu.externaltools.gnu-tools-for-stm32.10.3-2021.10.win32_1.0.0.202111181127/tools/bin/../lib/gcc/arm-none-eabi/10.3.1/thumb/v7e-m+fp/hard\libgcc.a
LOAD d:/cubeide/stm32cubeide_1.10.1/stm32cubeide/plugins/com.st.stm32cube.ide.mcu.externaltools.gnu-tools-for-stm32.10.3-2021.10.win32_1.0.0.202111181127/tools/bin/../lib/gcc/arm-none-eabi/10.3.1/../../../../arm-none-eabi/lib/thumb/v7e-m+fp/hard\libc_nano.a
LOAD d:/cubeide/stm32cubeide_1.10.1/stm32cubeide/plugins/com.st.stm32cube.ide.mcu.externaltools.gnu-tools-for-stm32.10.3-2021.10.win32_1.0.0.202111181127/tools/bin/../lib/gcc/arm-none-eabi/10.3.1/../../../../arm-none-eabi/lib/thumb/v7e-m+fp/hard\libnosys.a
END GROUP
LOAD d:/cubeide/stm32cubeide_1.10.1/stm32cubeide/plugins/com.st.stm32cube.ide.mcu.externaltools.gnu-tools-for-stm32.10.3-2021.10.win32_1.0.0.202111181127/tools/bin/../lib/gcc/arm-none-eabi/10.3.1/thumb/v7e-m+fp/hard/crtend.o
LOAD d:/cubeide/stm32cubeide_1.10.1/stm32cubeide/plugins/com.st.stm32cube.ide.mcu.externaltools.gnu-tools-for-stm32.10.3-2021.10.win32_1.0.0.202111181127/tools/bin/../lib/gcc/arm-none-eabi/10.3.1/thumb/v7e-m+fp/hard/crtn.o
                0x0000000020050000                _estack = (ORIGIN (RAM) + LENGTH (RAM))
                0x0000000000000200                _Min_Heap_Size = 0x200
                0x0000000000000400                _Min_Stack_Size = 0x400

.isr_vector     0x0000000008000000      0x1c8
                0x0000000008000000                . = ALIGN (0x4)
 *(.isr_vector)
 .isr_vector    0x0000000008000000      0x1c8 ./Core/Startup/startup_stm32f746zgtx.o
                0x0000000008000000                g_pfnVectors
                0x00000000080001c8                . = ALIGN (0x4)

.text           0x00000000080001c8     0x3dbc
                0x00000000080001c8                . = ALIGN (0x4)
 *(.text)
 .text          0x00000000080001c8       0x40 d:/cubeide/stm32cubeide_1.10.1/stm32cubeide/plugins/com.st.stm32cube.ide.mcu.externaltools.gnu-tools-for-stm32.10.3-2021.10.win32_1.0.0.202111181127/tools/bin/../lib/gcc/arm-none-eabi/10.3.1/thumb/v7e-m+fp/hard/crtbegin.o
 .text          0x0000000008000208       0x30 d:/cubeide/stm32cubeide_1.10.1/stm32cubeide/plugins/com.st.stm32cube.ide.mcu.externaltools.gnu-tools-for-stm32.10.3-2021.10.win32_1.0.0.202111181127/tools/bin/../lib/gcc/arm-none-eabi/10.3.1/thumb/v7e-m+fp/hard\libgcc.a(_aeabi_uldivmod.o)
                0x0000000008000208                __aeabi_uldivmod
 .text          0x0000000008000238      0x2d0 d:/cubeide/stm32cubeide_1.10.1/stm32cubeide/plugins/com.st.stm32cube.ide.mcu.externaltools.gnu-tools-for-stm32.10.3-2021.10.win32_1.0.0.202111181127/tools/bin/../lib/gcc/arm-none-eabi/10.3.1/thumb/v7e-m+fp/hard\libgcc.a(_udivmoddi4.o)
                0x0000000008000238                __udivmoddi4
 .text          0x0000000008000508        0x4 d:/cubeide/stm32cubeide_1.10.1/stm32cubeide/plugins/com.st.stm32cube.ide.mcu.externaltools.gnu-tools-for-stm32.10.3-2021.10.win32_1.0.0.202111181127/tools/bin/../lib/gcc/arm-none-eabi/10.3.1/thumb/v7e-m+fp/hard\libgcc.a(_dvmd_tls.o)
                0x0000000008000508                __aeabi_idiv0
                0x0000000008000508                __aeabi_ldiv0
 *(.text*)
 .text.MX_DAC_Init
                0x000000000800050c       0x54 ./Core/Src/dac.o
                0x000000000800050c                MX_DAC_Init
 .text.HAL_DAC_MspInit
                0x0000000008000560       0xf8 ./Core/Src/dac.o
                0x0000000008000560                HAL_DAC_MspInit
 .text.MX_DMA_Init
                0x0000000008000658       0x3c ./Core/Src/dma.o
                0x0000000008000658                MX_DMA_Init
 .text.MX_GPIO_Init
                0x0000000008000694      0x208 ./Core/Src/gpio.o
                0x0000000008000694                MX_GPIO_Init
 .text.main     0x000000000800089c       0x3c ./Core/Src/main.o
                0x000000000800089c                main
 .text.SystemClock_Config
                0x00000000080008d8       0xd0 ./Core/Src/main.o
                0x00000000080008d8                SystemClock_Config
 .text.Error_Handler
                0x00000000080009a8        0xa ./Core/Src/main.o
                0x00000000080009a8                Error_Handler
 *fill*         0x00000000080009b2        0x2 
 .text.HAL_MspInit
                0x00000000080009b4       0x48 ./Core/Src/stm32f7xx_hal_msp.o
                0x00000000080009b4                HAL_MspInit
 .text.NMI_Handler
                0x00000000080009fc        0x6 ./Core/Src/stm32f7xx_it.o
                0x00000000080009fc                NMI_Handler
 .text.HardFault_Handler
                0x0000000008000a02        0x6 ./Core/Src/stm32f7xx_it.o
                0x0000000008000a02                HardFault_Handler
 .text.MemManage_Handler
                0x0000000008000a08        0x6 ./Core/Src/stm32f7xx_it.o
                0x0000000008000a08                MemManage_Handler
 .text.BusFault_Handler
                0x0000000008000a0e        0x6 ./Core/Src/stm32f7xx_it.o
                0x0000000008000a0e                BusFault_Handler
 .text.UsageFault_Handler
                0x0000000008000a14        0x6 ./Core/Src/stm32f7xx_it.o
                0x0000000008000a14                UsageFault_Handler
 .text.SVC_Handler
                0x0000000008000a1a        0xe ./Core/Src/stm32f7xx_it.o
                0x0000000008000a1a                SVC_Handler
 .text.DebugMon_Handler
                0x0000000008000a28        0xe ./Core/Src/stm32f7xx_it.o
                0x0000000008000a28                DebugMon_Handler
 .text.PendSV_Handler
                0x0000000008000a36        0xe ./Core/Src/stm32f7xx_it.o
                0x0000000008000a36                PendSV_Handler
 .text.SysTick_Handler
                0x0000000008000a44        0xc ./Core/Src/stm32f7xx_it.o
                0x0000000008000a44                SysTick_Handler
 .text.DMA1_Stream5_IRQHandler
                0x0000000008000a50       0x14 ./Core/Src/stm32f7xx_it.o
                0x0000000008000a50                DMA1_Stream5_IRQHandler
 .text.TIM2_IRQHandler
                0x0000000008000a64       0x14 ./Core/Src/stm32f7xx_it.o
                0x0000000008000a64                TIM2_IRQHandler
 .text.TIM6_DAC_IRQHandler
                0x0000000008000a78       0x14 ./Core/Src/stm32f7xx_it.o
                0x0000000008000a78                TIM6_DAC_IRQHandler
 .text.SystemInit
                0x0000000008000a8c       0x24 ./Core/Src/system_stm32f7xx.o
                0x0000000008000a8c                SystemInit
 .text.MX_TIM2_Init
                0x0000000008000ab0       0x9c ./Core/Src/tim.o
                0x0000000008000ab0                MX_TIM2_Init
 .text.HAL_TIM_Base_MspInit
                0x0000000008000b4c       0x48 ./Core/Src/tim.o
                0x0000000008000b4c                HAL_TIM_Base_MspInit
 .text.MX_USART3_UART_Init
                0x0000000008000b94       0x60 ./Core/Src/usart.o
                0x0000000008000b94                MX_USART3_UART_Init
 .text.HAL_UART_MspInit
                0x0000000008000bf4       0xc0 ./Core/Src/usart.o
                0x0000000008000bf4                HAL_UART_MspInit
 .text.Reset_Handler
                0x0000000008000cb4       0x50 ./Core/Startup/startup_stm32f746zgtx.o
                0x0000000008000cb4                Reset_Handler
 .text.Default_Handler
                0x0000000008000d04        0x2 ./Core/Startup/startup_stm32f746zgtx.o
                0x0000000008000d04                RTC_Alarm_IRQHandler
                0x0000000008000d04                EXTI2_IRQHandler
                0x0000000008000d04                TIM8_CC_IRQHandler
                0x0000000008000d04                UART8_IRQHandler
                0x0000000008000d04                SPI4_IRQHandler
                0x0000000008000d04                TIM1_CC_IRQHandler
                0x0000000008000d04                DMA2_Stream5_IRQHandler
                0x0000000008000d04                PVD_IRQHandler
                0x0000000008000d04                TAMP_STAMP_IRQHandler
                0x0000000008000d04                CAN2_RX1_IRQHandler
                0x0000000008000d04                EXTI3_IRQHandler
                0x0000000008000d04                TIM8_TRG_COM_TIM14_IRQHandler
                0x0000000008000d04                TIM1_UP_TIM10_IRQHandler
                0x0000000008000d04                TIM8_UP_TIM13_IRQHandler
                0x0000000008000d04                I2C3_ER_IRQHandler
                0x0000000008000d04                EXTI0_IRQHandler
                0x0000000008000d04                I2C2_EV_IRQHandler
                0x0000000008000d04                DMA1_Stream2_IRQHandler
                0x0000000008000d04                CAN1_RX0_IRQHandler
                0x0000000008000d04                FPU_IRQHandler
                0x0000000008000d04                OTG_HS_WKUP_IRQHandler
                0x0000000008000d04                LTDC_ER_IRQHandler
                0x0000000008000d04                CAN2_SCE_IRQHandler
                0x0000000008000d04                DMA2_Stream2_IRQHandler
                0x0000000008000d04                SPI1_IRQHandler
                0x0000000008000d04                TIM1_BRK_TIM9_IRQHandler
                0x0000000008000d04                DCMI_IRQHandler
                0x0000000008000d04                CAN2_RX0_IRQHandler
                0x0000000008000d04                DMA2_Stream3_IRQHandler
                0x0000000008000d04                SAI2_IRQHandler
                0x0000000008000d04                USART6_IRQHandler
                0x0000000008000d04                USART3_IRQHandler
                0x0000000008000d04                CAN1_RX1_IRQHandler
                0x0000000008000d04                UART5_IRQHandler
                0x0000000008000d04                DMA2_Stream0_IRQHandler
                0x0000000008000d04                TIM4_IRQHandler
                0x0000000008000d04                QUADSPI_IRQHandler
                0x0000000008000d04                I2C1_EV_IRQHandler
                0x0000000008000d04                DMA1_Stream6_IRQHandler
                0x0000000008000d04                DMA1_Stream1_IRQHandler
                0x0000000008000d04                UART4_IRQHandler
                0x0000000008000d04                TIM3_IRQHandler
                0x0000000008000d04                RCC_IRQHandler
                0x0000000008000d04                TIM8_BRK_TIM12_IRQHandler
                0x0000000008000d04                Default_Handler
                0x0000000008000d04                CEC_IRQHandler
                0x0000000008000d04                EXTI15_10_IRQHandler
                0x0000000008000d04                ADC_IRQHandler
                0x0000000008000d04                DMA1_Stream7_IRQHandler
                0x0000000008000d04                SPI5_IRQHandler
                0x0000000008000d04                TIM7_IRQHandler
                0x0000000008000d04                SDMMC1_IRQHandler
                0x0000000008000d04                CAN2_TX_IRQHandler
                0x0000000008000d04                TIM5_IRQHandler
                0x0000000008000d04                DMA2_Stream7_IRQHandler
                0x0000000008000d04                I2C3_EV_IRQHandler
                0x0000000008000d04                EXTI9_5_IRQHandler
                0x0000000008000d04                RTC_WKUP_IRQHandler
                0x0000000008000d04                LTDC_IRQHandler
                0x0000000008000d04                ETH_WKUP_IRQHandler
                0x0000000008000d04                SPDIF_RX_IRQHandler
                0x0000000008000d04                SPI2_IRQHandler
                0x0000000008000d04                OTG_HS_EP1_IN_IRQHandler
                0x0000000008000d04                DMA1_Stream0_IRQHandler
                0x0000000008000d04                CAN1_TX_IRQHandler
                0x0000000008000d04                EXTI4_IRQHandler
                0x0000000008000d04                RNG_IRQHandler
                0x0000000008000d04                ETH_IRQHandler
                0x0000000008000d04                OTG_HS_EP1_OUT_IRQHandler
                0x0000000008000d04                WWDG_IRQHandler
                0x0000000008000d04                SPI6_IRQHandler
                0x0000000008000d04                I2C4_EV_IRQHandler
                0x0000000008000d04                OTG_FS_WKUP_IRQHandler
                0x0000000008000d04                TIM1_TRG_COM_TIM11_IRQHandler
                0x0000000008000d04                OTG_HS_IRQHandler
                0x0000000008000d04                DMA2D_IRQHandler
                0x0000000008000d04                EXTI1_IRQHandler
                0x0000000008000d04                UART7_IRQHandler
                0x0000000008000d04                USART2_IRQHandler
                0x0000000008000d04                I2C2_ER_IRQHandler
                0x0000000008000d04                DMA2_Stream1_IRQHandler
                0x0000000008000d04                CAN1_SCE_IRQHandler
                0x0000000008000d04                FLASH_IRQHandler
                0x0000000008000d04                DMA2_Stream4_IRQHandler
                0x0000000008000d04                USART1_IRQHandler
                0x0000000008000d04                OTG_FS_IRQHandler
                0x0000000008000d04                SPI3_IRQHandler
                0x0000000008000d04                DMA1_Stream4_IRQHandler
                0x0000000008000d04                I2C1_ER_IRQHandler
                0x0000000008000d04                FMC_IRQHandler
                0x0000000008000d04                LPTIM1_IRQHandler
                0x0000000008000d04                I2C4_ER_IRQHandler
                0x0000000008000d04                DMA2_Stream6_IRQHandler
                0x0000000008000d04                SAI1_IRQHandler
                0x0000000008000d04                DMA1_Stream3_IRQHandler
 .text.HAL_Init
                0x0000000008000d06       0x1a ./Drivers/STM32F7xx_HAL_Driver/Src/stm32f7xx_hal.o
                0x0000000008000d06                HAL_Init
 .text.HAL_InitTick
                0x0000000008000d20       0x60 ./Drivers/STM32F7xx_HAL_Driver/Src/stm32f7xx_hal.o
                0x0000000008000d20                HAL_InitTick
 .text.HAL_IncTick
                0x0000000008000d80       0x28 ./Drivers/STM32F7xx_HAL_Driver/Src/stm32f7xx_hal.o
                0x0000000008000d80                HAL_IncTick
 .text.HAL_GetTick
                0x0000000008000da8       0x18 ./Drivers/STM32F7xx_HAL_Driver/Src/stm32f7xx_hal.o
                0x0000000008000da8                HAL_GetTick
 .text.__NVIC_SetPriorityGrouping
                0x0000000008000dc0       0x48 ./Drivers/STM32F7xx_HAL_Driver/Src/stm32f7xx_hal_cortex.o
 .text.__NVIC_GetPriorityGrouping
                0x0000000008000e08       0x1c ./Drivers/STM32F7xx_HAL_Driver/Src/stm32f7xx_hal_cortex.o
 .text.__NVIC_EnableIRQ
                0x0000000008000e24       0x3c ./Drivers/STM32F7xx_HAL_Driver/Src/stm32f7xx_hal_cortex.o
 .text.__NVIC_SetPriority
                0x0000000008000e60       0x54 ./Drivers/STM32F7xx_HAL_Driver/Src/stm32f7xx_hal_cortex.o
 .text.NVIC_EncodePriority
                0x0000000008000eb4       0x66 ./Drivers/STM32F7xx_HAL_Driver/Src/stm32f7xx_hal_cortex.o
 *fill*         0x0000000008000f1a        0x2 
 .text.SysTick_Config
                0x0000000008000f1c       0x44 ./Drivers/STM32F7xx_HAL_Driver/Src/stm32f7xx_hal_cortex.o
 .text.HAL_NVIC_SetPriorityGrouping
                0x0000000008000f60       0x16 ./Drivers/STM32F7xx_HAL_Driver/Src/stm32f7xx_hal_cortex.o
                0x0000000008000f60                HAL_NVIC_SetPriorityGrouping
 .text.HAL_NVIC_SetPriority
                0x0000000008000f76       0x38 ./Drivers/STM32F7xx_HAL_Driver/Src/stm32f7xx_hal_cortex.o
                0x0000000008000f76                HAL_NVIC_SetPriority
 .text.HAL_NVIC_EnableIRQ
                0x0000000008000fae       0x1c ./Drivers/STM32F7xx_HAL_Driver/Src/stm32f7xx_hal_cortex.o
                0x0000000008000fae                HAL_NVIC_EnableIRQ
 .text.HAL_SYSTICK_Config
                0x0000000008000fca       0x18 ./Drivers/STM32F7xx_HAL_Driver/Src/stm32f7xx_hal_cortex.o
                0x0000000008000fca                HAL_SYSTICK_Config
 .text.HAL_DAC_Init
                0x0000000008000fe2       0x44 ./Drivers/STM32F7xx_HAL_Driver/Src/stm32f7xx_hal_dac.o
                0x0000000008000fe2                HAL_DAC_Init
 .text.HAL_DAC_Start
                0x0000000008001026       0xa4 ./Drivers/STM32F7xx_HAL_Driver/Src/stm32f7xx_hal_dac.o
                0x0000000008001026                HAL_DAC_Start
 .text.HAL_DAC_IRQHandler
                0x00000000080010ca       0xb4 ./Drivers/STM32F7xx_HAL_Driver/Src/stm32f7xx_hal_dac.o
                0x00000000080010ca                HAL_DAC_IRQHandler
 .text.HAL_DAC_SetValue
                0x000000000800117e       0x4a ./Drivers/STM32F7xx_HAL_Driver/Src/stm32f7xx_hal_dac.o
                0x000000000800117e                HAL_DAC_SetValue
 .text.HAL_DAC_DMAUnderrunCallbackCh1
                0x00000000080011c8       0x14 ./Drivers/STM32F7xx_HAL_Driver/Src/stm32f7xx_hal_dac.o
                0x00000000080011c8                HAL_DAC_DMAUnderrunCallbackCh1
 .text.HAL_DAC_ConfigChannel
                0x00000000080011dc       0x9e ./Drivers/STM32F7xx_HAL_Driver/Src/stm32f7xx_hal_dac.o
                0x00000000080011dc                HAL_DAC_ConfigChannel
 .text.HAL_DACEx_DMAUnderrunCallbackCh2
                0x000000000800127a       0x14 ./Drivers/STM32F7xx_HAL_Driver/Src/stm32f7xx_hal_dac_ex.o
                0x000000000800127a                HAL_DACEx_DMAUnderrunCallbackCh2
 *fill*         0x000000000800128e        0x2 
 .text.HAL_DMA_Init
                0x0000000008001290      0x15c ./Drivers/STM32F7xx_HAL_Driver/Src/stm32f7xx_hal_dma.o
                0x0000000008001290                HAL_DMA_Init
 .text.HAL_DMA_IRQHandler
                0x00000000080013ec      0x314 ./Drivers/STM32F7xx_HAL_Driver/Src/stm32f7xx_hal_dma.o
                0x00000000080013ec                HAL_DMA_IRQHandler
 .text.DMA_CalcBaseAndBitshift
                0x0000000008001700       0x6c ./Drivers/STM32F7xx_HAL_Driver/Src/stm32f7xx_hal_dma.o
 .text.DMA_CheckFifoParam
                0x000000000800176c       0xf8 ./Drivers/STM32F7xx_HAL_Driver/Src/stm32f7xx_hal_dma.o
 .text.HAL_GPIO_Init
                0x0000000008001864      0x358 ./Drivers/STM32F7xx_HAL_Driver/Src/stm32f7xx_hal_gpio.o
                0x0000000008001864                HAL_GPIO_Init
 .text.HAL_GPIO_WritePin
                0x0000000008001bbc       0x32 ./Drivers/STM32F7xx_HAL_Driver/Src/stm32f7xx_hal_gpio.o
                0x0000000008001bbc                HAL_GPIO_WritePin
 *fill*         0x0000000008001bee        0x2 
 .text.HAL_PWR_EnableBkUpAccess
                0x0000000008001bf0       0x20 ./Drivers/STM32F7xx_HAL_Driver/Src/stm32f7xx_hal_pwr.o
                0x0000000008001bf0                HAL_PWR_EnableBkUpAccess
 .text.HAL_RCC_OscConfig
                0x0000000008001c10      0x548 ./Drivers/STM32F7xx_HAL_Driver/Src/stm32f7xx_hal_rcc.o
                0x0000000008001c10                HAL_RCC_OscConfig
 .text.HAL_RCC_ClockConfig
                0x0000000008002158      0x1d8 ./Drivers/STM32F7xx_HAL_Driver/Src/stm32f7xx_hal_rcc.o
                0x0000000008002158                HAL_RCC_ClockConfig
 .text.HAL_RCC_GetSysClockFreq
                0x0000000008002330      0x20c ./Drivers/STM32F7xx_HAL_Driver/Src/stm32f7xx_hal_rcc.o
                0x0000000008002330                HAL_RCC_GetSysClockFreq
 .text.HAL_RCC_GetHCLKFreq
                0x000000000800253c       0x18 ./Drivers/STM32F7xx_HAL_Driver/Src/stm32f7xx_hal_rcc.o
                0x000000000800253c                HAL_RCC_GetHCLKFreq
 .text.HAL_RCC_GetPCLK1Freq
                0x0000000008002554       0x28 ./Drivers/STM32F7xx_HAL_Driver/Src/stm32f7xx_hal_rcc.o
                0x0000000008002554                HAL_RCC_GetPCLK1Freq
 .text.HAL_RCC_GetPCLK2Freq
                0x000000000800257c       0x28 ./Drivers/STM32F7xx_HAL_Driver/Src/stm32f7xx_hal_rcc.o
                0x000000000800257c                HAL_RCC_GetPCLK2Freq
 .text.HAL_RCCEx_PeriphCLKConfig
                0x00000000080025a4      0x7e0 ./Drivers/STM32F7xx_HAL_Driver/Src/stm32f7xx_hal_rcc_ex.o
                0x00000000080025a4                HAL_RCCEx_PeriphCLKConfig
 .text.HAL_TIM_Base_Init
                0x0000000008002d84       0xae ./Drivers/STM32F7xx_HAL_Driver/Src/stm32f7xx_hal_tim.o
                0x0000000008002d84                HAL_TIM_Base_Init
 .text.HAL_TIM_IRQHandler
                0x0000000008002e32      0x23e ./Drivers/STM32F7xx_HAL_Driver/Src/stm32f7xx_hal_tim.o
                0x0000000008002e32                HAL_TIM_IRQHandler
 .text.HAL_TIM_ConfigClockSource
                0x0000000008003070      0x194 ./Drivers/STM32F7xx_HAL_Driver/Src/stm32f7xx_hal_tim.o
                0x0000000008003070                HAL_TIM_ConfigClockSource
 .text.HAL_TIM_PeriodElapsedCallback
                0x0000000008003204       0x14 ./Drivers/STM32F7xx_HAL_Driver/Src/stm32f7xx_hal_tim.o
                0x0000000008003204                HAL_TIM_PeriodElapsedCallback
 .text.HAL_TIM_OC_DelayElapsedCallback
                0x0000000008003218       0x14 ./Drivers/STM32F7xx_HAL_Driver/Src/stm32f7xx_hal_tim.o
                0x0000000008003218                HAL_TIM_OC_DelayElapsedCallback
 .text.HAL_TIM_IC_CaptureCallback
                0x000000000800322c       0x14 ./Drivers/STM32F7xx_HAL_Driver/Src/stm32f7xx_hal_tim.o
                0x000000000800322c                HAL_TIM_IC_CaptureCallback
 .text.HAL_TIM_PWM_PulseFinishedCallback
                0x0000000008003240       0x14 ./Drivers/STM32F7xx_HAL_Driver/Src/stm32f7xx_hal_tim.o
                0x0000000008003240                HAL_TIM_PWM_PulseFinishedCallback
 .text.HAL_TIM_TriggerCallback
                0x0000000008003254       0x14 ./Drivers/STM32F7xx_HAL_Driver/Src/stm32f7xx_hal_tim.o
                0x0000000008003254                HAL_TIM_TriggerCallback
 .text.TIM_Base_SetConfig
                0x0000000008003268      0x140 ./Drivers/STM32F7xx_HAL_Driver/Src/stm32f7xx_hal_tim.o
                0x0000000008003268                TIM_Base_SetConfig
 .text.TIM_TI1_ConfigInputStage
                0x00000000080033a8       0x5e ./Drivers/STM32F7xx_HAL_Driver/Src/stm32f7xx_hal_tim.o
 .text.TIM_TI2_ConfigInputStage
                0x0000000008003406       0x60 ./Drivers/STM32F7xx_HAL_Driver/Src/stm32f7xx_hal_tim.o
 .text.TIM_ITRx_SetConfig
                0x0000000008003466       0x36 ./Drivers/STM32F7xx_HAL_Driver/Src/stm32f7xx_hal_tim.o
 .text.TIM_ETR_SetConfig
                0x000000000800349c       0x40 ./Drivers/STM32F7xx_HAL_Driver/Src/stm32f7xx_hal_tim.o
                0x000000000800349c                TIM_ETR_SetConfig
 .text.HAL_TIMEx_MasterConfigSynchronization
                0x00000000080034dc      0x11c ./Drivers/STM32F7xx_HAL_Driver/Src/stm32f7xx_hal_tim_ex.o
                0x00000000080034dc                HAL_TIMEx_MasterConfigSynchronization
 .text.HAL_TIMEx_CommutCallback
                0x00000000080035f8       0x14 ./Drivers/STM32F7xx_HAL_Driver/Src/stm32f7xx_hal_tim_ex.o
                0x00000000080035f8                HAL_TIMEx_CommutCallback
 .text.HAL_TIMEx_BreakCallback
                0x000000000800360c       0x14 ./Drivers/STM32F7xx_HAL_Driver/Src/stm32f7xx_hal_tim_ex.o
                0x000000000800360c                HAL_TIMEx_BreakCallback
 .text.HAL_TIMEx_Break2Callback
                0x0000000008003620       0x14 ./Drivers/STM32F7xx_HAL_Driver/Src/stm32f7xx_hal_tim_ex.o
                0x0000000008003620                HAL_TIMEx_Break2Callback
 .text.HAL_UART_Init
                0x0000000008003634       0x9c ./Drivers/STM32F7xx_HAL_Driver/Src/stm32f7xx_hal_uart.o
                0x0000000008003634                HAL_UART_Init
 .text.UART_SetConfig
                0x00000000080036d0      0x4c8 ./Drivers/STM32F7xx_HAL_Driver/Src/stm32f7xx_hal_uart.o
                0x00000000080036d0                UART_SetConfig
 .text.UART_AdvFeatureConfig
                0x0000000008003b98      0x144 ./Drivers/STM32F7xx_HAL_Driver/Src/stm32f7xx_hal_uart.o
                0x0000000008003b98                UART_AdvFeatureConfig
 .text.UART_CheckIdleState
                0x0000000008003cdc       0x6e ./Drivers/STM32F7xx_HAL_Driver/Src/stm32f7xx_hal_uart.o
                0x0000000008003cdc                UART_CheckIdleState
 .text.UART_WaitOnFlagUntilTimeout
                0x0000000008003d4a      0x18c ./Drivers/STM32F7xx_HAL_Driver/Src/stm32f7xx_hal_uart.o
                0x0000000008003d4a                UART_WaitOnFlagUntilTimeout
 *fill*         0x0000000008003ed6        0x2 
 .text.DAC_SetVoltage
                0x0000000008003ed8       0x3c ./User/Scr/User_dac.o
                0x0000000008003ed8                DAC_SetVoltage
 .text.__libc_init_array
                0x0000000008003f14       0x48 d:/cubeide/stm32cubeide_1.10.1/stm32cubeide/plugins/com.st.stm32cube.ide.mcu.externaltools.gnu-tools-for-stm32.10.3-2021.10.win32_1.0.0.202111181127/tools/bin/../lib/gcc/arm-none-eabi/10.3.1/../../../../arm-none-eabi/lib/thumb/v7e-m+fp/hard\libc_nano.a(lib_a-init.o)
                0x0000000008003f14                __libc_init_array
 .text.memset   0x0000000008003f5c       0x10 d:/cubeide/stm32cubeide_1.10.1/stm32cubeide/plugins/com.st.stm32cube.ide.mcu.externaltools.gnu-tools-for-stm32.10.3-2021.10.win32_1.0.0.202111181127/tools/bin/../lib/gcc/arm-none-eabi/10.3.1/../../../../arm-none-eabi/lib/thumb/v7e-m+fp/hard\libc_nano.a(lib_a-memset.o)
                0x0000000008003f5c                memset
 *(.glue_7)
 .glue_7        0x0000000008003f6c        0x0 linker stubs
 *(.glue_7t)
 .glue_7t       0x0000000008003f6c        0x0 linker stubs
 *(.eh_frame)
 .eh_frame      0x0000000008003f6c        0x0 d:/cubeide/stm32cubeide_1.10.1/stm32cubeide/plugins/com.st.stm32cube.ide.mcu.externaltools.gnu-tools-for-stm32.10.3-2021.10.win32_1.0.0.202111181127/tools/bin/../lib/gcc/arm-none-eabi/10.3.1/thumb/v7e-m+fp/hard/crtbegin.o
 *(.init)
 .init          0x0000000008003f6c        0x4 d:/cubeide/stm32cubeide_1.10.1/stm32cubeide/plugins/com.st.stm32cube.ide.mcu.externaltools.gnu-tools-for-stm32.10.3-2021.10.win32_1.0.0.202111181127/tools/bin/../lib/gcc/arm-none-eabi/10.3.1/thumb/v7e-m+fp/hard/crti.o
                0x0000000008003f6c                _init
 .init          0x0000000008003f70        0x8 d:/cubeide/stm32cubeide_1.10.1/stm32cubeide/plugins/com.st.stm32cube.ide.mcu.externaltools.gnu-tools-for-stm32.10.3-2021.10.win32_1.0.0.202111181127/tools/bin/../lib/gcc/arm-none-eabi/10.3.1/thumb/v7e-m+fp/hard/crtn.o
 *(.fini)
 .fini          0x0000000008003f78        0x4 d:/cubeide/stm32cubeide_1.10.1/stm32cubeide/plugins/com.st.stm32cube.ide.mcu.externaltools.gnu-tools-for-stm32.10.3-2021.10.win32_1.0.0.202111181127/tools/bin/../lib/gcc/arm-none-eabi/10.3.1/thumb/v7e-m+fp/hard/crti.o
                0x0000000008003f78                _fini
 .fini          0x0000000008003f7c        0x8 d:/cubeide/stm32cubeide_1.10.1/stm32cubeide/plugins/com.st.stm32cube.ide.mcu.externaltools.gnu-tools-for-stm32.10.3-2021.10.win32_1.0.0.202111181127/tools/bin/../lib/gcc/arm-none-eabi/10.3.1/thumb/v7e-m+fp/hard/crtn.o
                0x0000000008003f84                . = ALIGN (0x4)
                0x0000000008003f84                _etext = .

.vfp11_veneer   0x0000000008003f84        0x0
 .vfp11_veneer  0x0000000008003f84        0x0 linker stubs

.v4_bx          0x0000000008003f84        0x0
 .v4_bx         0x0000000008003f84        0x0 linker stubs

.iplt           0x0000000008003f84        0x0
 .iplt          0x0000000008003f84        0x0 d:/cubeide/stm32cubeide_1.10.1/stm32cubeide/plugins/com.st.stm32cube.ide.mcu.externaltools.gnu-tools-for-stm32.10.3-2021.10.win32_1.0.0.202111181127/tools/bin/../lib/gcc/arm-none-eabi/10.3.1/thumb/v7e-m+fp/hard/crtbegin.o

.rodata         0x0000000008003f84       0x20
                0x0000000008003f84                . = ALIGN (0x4)
 *(.rodata)
 *(.rodata*)
 .rodata.AHBPrescTable
                0x0000000008003f84       0x10 ./Core/Src/system_stm32f7xx.o
                0x0000000008003f84                AHBPrescTable
 .rodata.APBPrescTable
                0x0000000008003f94        0x8 ./Core/Src/system_stm32f7xx.o
                0x0000000008003f94                APBPrescTable
 .rodata.flagBitshiftOffset.0
                0x0000000008003f9c        0x8 ./Drivers/STM32F7xx_HAL_Driver/Src/stm32f7xx_hal_dma.o
                0x0000000008003fa4                . = ALIGN (0x4)

.ARM.extab      0x0000000008003fa4        0x0
                0x0000000008003fa4                . = ALIGN (0x4)
 *(.ARM.extab* .gnu.linkonce.armextab.*)
                0x0000000008003fa4                . = ALIGN (0x4)

.ARM            0x0000000008003fa4        0x8
                0x0000000008003fa4                . = ALIGN (0x4)
                0x0000000008003fa4                __exidx_start = .
 *(.ARM.exidx*)
 .ARM.exidx     0x0000000008003fa4        0x8 d:/cubeide/stm32cubeide_1.10.1/stm32cubeide/plugins/com.st.stm32cube.ide.mcu.externaltools.gnu-tools-for-stm32.10.3-2021.10.win32_1.0.0.202111181127/tools/bin/../lib/gcc/arm-none-eabi/10.3.1/thumb/v7e-m+fp/hard\libgcc.a(_udivmoddi4.o)
                0x0000000008003fac                __exidx_end = .
                0x0000000008003fac                . = ALIGN (0x4)

.rel.dyn        0x0000000008003fac        0x0
 .rel.iplt      0x0000000008003fac        0x0 d:/cubeide/stm32cubeide_1.10.1/stm32cubeide/plugins/com.st.stm32cube.ide.mcu.externaltools.gnu-tools-for-stm32.10.3-2021.10.win32_1.0.0.202111181127/tools/bin/../lib/gcc/arm-none-eabi/10.3.1/thumb/v7e-m+fp/hard/crtbegin.o

.preinit_array  0x0000000008003fac        0x0
                0x0000000008003fac                . = ALIGN (0x4)
                0x0000000008003fac                PROVIDE (__preinit_array_start = .)
 *(.preinit_array*)
                0x0000000008003fac                PROVIDE (__preinit_array_end = .)
                0x0000000008003fac                . = ALIGN (0x4)

.init_array     0x0000000008003fac        0x4
                0x0000000008003fac                . = ALIGN (0x4)
                0x0000000008003fac                PROVIDE (__init_array_start = .)
 *(SORT_BY_NAME(.init_array.*))
 *(.init_array*)
 .init_array    0x0000000008003fac        0x4 d:/cubeide/stm32cubeide_1.10.1/stm32cubeide/plugins/com.st.stm32cube.ide.mcu.externaltools.gnu-tools-for-stm32.10.3-2021.10.win32_1.0.0.202111181127/tools/bin/../lib/gcc/arm-none-eabi/10.3.1/thumb/v7e-m+fp/hard/crtbegin.o
                0x0000000008003fb0                PROVIDE (__init_array_end = .)
                0x0000000008003fb0                . = ALIGN (0x4)

.fini_array     0x0000000008003fb0        0x4
                0x0000000008003fb0                . = ALIGN (0x4)
                [!provide]                        PROVIDE (__fini_array_start = .)
 *(SORT_BY_NAME(.fini_array.*))
 *(.fini_array*)
 .fini_array    0x0000000008003fb0        0x4 d:/cubeide/stm32cubeide_1.10.1/stm32cubeide/plugins/com.st.stm32cube.ide.mcu.externaltools.gnu-tools-for-stm32.10.3-2021.10.win32_1.0.0.202111181127/tools/bin/../lib/gcc/arm-none-eabi/10.3.1/thumb/v7e-m+fp/hard/crtbegin.o
                [!provide]                        PROVIDE (__fini_array_end = .)
                0x0000000008003fb4                . = ALIGN (0x4)
                0x0000000008003fb4                _sidata = LOADADDR (.data)

.data           0x0000000020000000        0xc load address 0x0000000008003fb4
                0x0000000020000000                . = ALIGN (0x4)
                0x0000000020000000                _sdata = .
 *(.data)
 *(.data*)
 .data.SystemCoreClock
                0x0000000020000000        0x4 ./Core/Src/system_stm32f7xx.o
                0x0000000020000000                SystemCoreClock
 .data.uwTickPrio
                0x0000000020000004        0x4 ./Drivers/STM32F7xx_HAL_Driver/Src/stm32f7xx_hal.o
                0x0000000020000004                uwTickPrio
 .data.uwTickFreq
                0x0000000020000008        0x1 ./Drivers/STM32F7xx_HAL_Driver/Src/stm32f7xx_hal.o
                0x0000000020000008                uwTickFreq
 *(.RamFunc)
 *(.RamFunc*)
                0x000000002000000c                . = ALIGN (0x4)
 *fill*         0x0000000020000009        0x3 
                0x000000002000000c                _edata = .

.igot.plt       0x000000002000000c        0x0 load address 0x0000000008003fc0
 .igot.plt      0x000000002000000c        0x0 d:/cubeide/stm32cubeide_1.10.1/stm32cubeide/plugins/com.st.stm32cube.ide.mcu.externaltools.gnu-tools-for-stm32.10.3-2021.10.win32_1.0.0.202111181127/tools/bin/../lib/gcc/arm-none-eabi/10.3.1/thumb/v7e-m+fp/hard/crtbegin.o
                0x000000002000000c                . = ALIGN (0x4)

.bss            0x000000002000000c      0x168 load address 0x0000000008003fc0
                0x000000002000000c                _sbss = .
                0x000000002000000c                __bss_start__ = _sbss
 *(.bss)
 .bss           0x000000002000000c       0x1c d:/cubeide/stm32cubeide_1.10.1/stm32cubeide/plugins/com.st.stm32cube.ide.mcu.externaltools.gnu-tools-for-stm32.10.3-2021.10.win32_1.0.0.202111181127/tools/bin/../lib/gcc/arm-none-eabi/10.3.1/thumb/v7e-m+fp/hard/crtbegin.o
 *(.bss*)
 .bss.hdac      0x0000000020000028       0x14 ./Core/Src/dac.o
                0x0000000020000028                hdac
 .bss.hdma_dac1
                0x000000002000003c       0x60 ./Core/Src/dac.o
                0x000000002000003c                hdma_dac1
 .bss.htim2     0x000000002000009c       0x4c ./Core/Src/tim.o
                0x000000002000009c                htim2
 .bss.huart3    0x00000000200000e8       0x88 ./Core/Src/usart.o
                0x00000000200000e8                huart3
 .bss.uwTick    0x0000000020000170        0x4 ./Drivers/STM32F7xx_HAL_Driver/Src/stm32f7xx_hal.o
                0x0000000020000170                uwTick
 *(COMMON)
                0x0000000020000174                . = ALIGN (0x4)
                0x0000000020000174                _ebss = .
                0x0000000020000174                __bss_end__ = _ebss

._user_heap_stack
                0x0000000020000174      0x604 load address 0x0000000008003fc0
                0x0000000020000178                . = ALIGN (0x8)
 *fill*         0x0000000020000174        0x4 
                [!provide]                        PROVIDE (end = .)
                0x0000000020000178                PROVIDE (_end = .)
                0x0000000020000378                . = (. + _Min_Heap_Size)
 *fill*         0x0000000020000178      0x200 
                0x0000000020000778                . = (. + _Min_Stack_Size)
 *fill*         0x0000000020000378      0x400 
                0x0000000020000778                . = ALIGN (0x8)

/DISCARD/
 libc.a(*)
 libm.a(*)
 libgcc.a(*)

.ARM.attributes
                0x0000000000000000       0x30
 *(.ARM.attributes)
 .ARM.attributes
                0x0000000000000000       0x1e d:/cubeide/stm32cubeide_1.10.1/stm32cubeide/plugins/com.st.stm32cube.ide.mcu.externaltools.gnu-tools-for-stm32.10.3-2021.10.win32_1.0.0.202111181127/tools/bin/../lib/gcc/arm-none-eabi/10.3.1/thumb/v7e-m+fp/hard/crti.o
 .ARM.attributes
                0x000000000000001e       0x34 d:/cubeide/stm32cubeide_1.10.1/stm32cubeide/plugins/com.st.stm32cube.ide.mcu.externaltools.gnu-tools-for-stm32.10.3-2021.10.win32_1.0.0.202111181127/tools/bin/../lib/gcc/arm-none-eabi/10.3.1/thumb/v7e-m+fp/hard/crtbegin.o
 .ARM.attributes
                0x0000000000000052       0x34 ./Core/Src/dac.o
 .ARM.attributes
                0x0000000000000086       0x34 ./Core/Src/dma.o
 .ARM.attributes
                0x00000000000000ba       0x34 ./Core/Src/gpio.o
 .ARM.attributes
                0x00000000000000ee       0x34 ./Core/Src/main.o
 .ARM.attributes
                0x0000000000000122       0x34 ./Core/Src/stm32f7xx_hal_msp.o
 .ARM.attributes
                0x0000000000000156       0x34 ./Core/Src/stm32f7xx_it.o
 .ARM.attributes
                0x000000000000018a       0x34 ./Core/Src/system_stm32f7xx.o
 .ARM.attributes
                0x00000000000001be       0x34 ./Core/Src/tim.o
 .ARM.attributes
                0x00000000000001f2       0x34 ./Core/Src/usart.o
 .ARM.attributes
                0x0000000000000226       0x21 ./Core/Startup/startup_stm32f746zgtx.o
 .ARM.attributes
                0x0000000000000247       0x34 ./Drivers/STM32F7xx_HAL_Driver/Src/stm32f7xx_hal.o
 .ARM.attributes
                0x000000000000027b       0x34 ./Drivers/STM32F7xx_HAL_Driver/Src/stm32f7xx_hal_cortex.o
 .ARM.attributes
                0x00000000000002af       0x34 ./Drivers/STM32F7xx_HAL_Driver/Src/stm32f7xx_hal_dac.o
 .ARM.attributes
                0x00000000000002e3       0x34 ./Drivers/STM32F7xx_HAL_Driver/Src/stm32f7xx_hal_dac_ex.o
 .ARM.attributes
                0x0000000000000317       0x34 ./Drivers/STM32F7xx_HAL_Driver/Src/stm32f7xx_hal_dma.o
 .ARM.attributes
                0x000000000000034b       0x34 ./Drivers/STM32F7xx_HAL_Driver/Src/stm32f7xx_hal_gpio.o
 .ARM.attributes
                0x000000000000037f       0x34 ./Drivers/STM32F7xx_HAL_Driver/Src/stm32f7xx_hal_pwr.o
 .ARM.attributes
                0x00000000000003b3       0x34 ./Drivers/STM32F7xx_HAL_Driver/Src/stm32f7xx_hal_rcc.o
 .ARM.attributes
                0x00000000000003e7       0x34 ./Drivers/STM32F7xx_HAL_Driver/Src/stm32f7xx_hal_rcc_ex.o
 .ARM.attributes
                0x000000000000041b       0x34 ./Drivers/STM32F7xx_HAL_Driver/Src/stm32f7xx_hal_tim.o
 .ARM.attributes
                0x000000000000044f       0x34 ./Drivers/STM32F7xx_HAL_Driver/Src/stm32f7xx_hal_tim_ex.o
 .ARM.attributes
                0x0000000000000483       0x34 ./Drivers/STM32F7xx_HAL_Driver/Src/stm32f7xx_hal_uart.o
 .ARM.attributes
                0x00000000000004b7       0x34 ./User/Scr/User_dac.o
 .ARM.attributes
                0x00000000000004eb       0x34 d:/cubeide/stm32cubeide_1.10.1/stm32cubeide/plugins/com.st.stm32cube.ide.mcu.externaltools.gnu-tools-for-stm32.10.3-2021.10.win32_1.0.0.202111181127/tools/bin/../lib/gcc/arm-none-eabi/10.3.1/../../../../arm-none-eabi/lib/thumb/v7e-m+fp/hard\libc_nano.a(lib_a-init.o)
 .ARM.attributes
                0x000000000000051f       0x34 d:/cubeide/stm32cubeide_1.10.1/stm32cubeide/plugins/com.st.stm32cube.ide.mcu.externaltools.gnu-tools-for-stm32.10.3-2021.10.win32_1.0.0.202111181127/tools/bin/../lib/gcc/arm-none-eabi/10.3.1/../../../../arm-none-eabi/lib/thumb/v7e-m+fp/hard\libc_nano.a(lib_a-memset.o)
 .ARM.attributes
                0x0000000000000553       0x1e d:/cubeide/stm32cubeide_1.10.1/stm32cubeide/plugins/com.st.stm32cube.ide.mcu.externaltools.gnu-tools-for-stm32.10.3-2021.10.win32_1.0.0.202111181127/tools/bin/../lib/gcc/arm-none-eabi/10.3.1/thumb/v7e-m+fp/hard\libgcc.a(_aeabi_uldivmod.o)
 .ARM.attributes
                0x0000000000000571       0x34 d:/cubeide/stm32cubeide_1.10.1/stm32cubeide/plugins/com.st.stm32cube.ide.mcu.externaltools.gnu-tools-for-stm32.10.3-2021.10.win32_1.0.0.202111181127/tools/bin/../lib/gcc/arm-none-eabi/10.3.1/thumb/v7e-m+fp/hard\libgcc.a(_udivmoddi4.o)
 .ARM.attributes
                0x00000000000005a5       0x1e d:/cubeide/stm32cubeide_1.10.1/stm32cubeide/plugins/com.st.stm32cube.ide.mcu.externaltools.gnu-tools-for-stm32.10.3-2021.10.win32_1.0.0.202111181127/tools/bin/../lib/gcc/arm-none-eabi/10.3.1/thumb/v7e-m+fp/hard\libgcc.a(_dvmd_tls.o)
 .ARM.attributes
                0x00000000000005c3       0x1e d:/cubeide/stm32cubeide_1.10.1/stm32cubeide/plugins/com.st.stm32cube.ide.mcu.externaltools.gnu-tools-for-stm32.10.3-2021.10.win32_1.0.0.202111181127/tools/bin/../lib/gcc/arm-none-eabi/10.3.1/thumb/v7e-m+fp/hard/crtn.o
OUTPUT(DAC.elf elf32-littlearm)
LOAD linker stubs
LOAD d:/cubeide/stm32cubeide_1.10.1/stm32cubeide/plugins/com.st.stm32cube.ide.mcu.externaltools.gnu-tools-for-stm32.10.3-2021.10.win32_1.0.0.202111181127/tools/bin/../lib/gcc/arm-none-eabi/10.3.1/../../../../arm-none-eabi/lib/thumb/v7e-m+fp/hard\libc.a
LOAD d:/cubeide/stm32cubeide_1.10.1/stm32cubeide/plugins/com.st.stm32cube.ide.mcu.externaltools.gnu-tools-for-stm32.10.3-2021.10.win32_1.0.0.202111181127/tools/bin/../lib/gcc/arm-none-eabi/10.3.1/../../../../arm-none-eabi/lib/thumb/v7e-m+fp/hard\libm.a
LOAD d:/cubeide/stm32cubeide_1.10.1/stm32cubeide/plugins/com.st.stm32cube.ide.mcu.externaltools.gnu-tools-for-stm32.10.3-2021.10.win32_1.0.0.202111181127/tools/bin/../lib/gcc/arm-none-eabi/10.3.1/thumb/v7e-m+fp/hard\libgcc.a

.debug_info     0x0000000000000000    0x12c6d
 .debug_info    0x0000000000000000      0xc6c ./Core/Src/dac.o
 .debug_info    0x0000000000000c6c      0x576 ./Core/Src/dma.o
 .debug_info    0x00000000000011e2      0x4ed ./Core/Src/gpio.o
 .debug_info    0x00000000000016cf      0x9b8 ./Core/Src/main.o
 .debug_info    0x0000000000002087      0x2d2 ./Core/Src/stm32f7xx_hal_msp.o
 .debug_info    0x0000000000002359      0x96b ./Core/Src/stm32f7xx_it.o
 .debug_info    0x0000000000002cc4      0x72c ./Core/Src/system_stm32f7xx.o
 .debug_info    0x00000000000033f0      0xd46 ./Core/Src/tim.o
 .debug_info    0x0000000000004136      0xd0d ./Core/Src/usart.o
 .debug_info    0x0000000000004e43       0x22 ./Core/Startup/startup_stm32f746zgtx.o
 .debug_info    0x0000000000004e65      0xa0c ./Drivers/STM32F7xx_HAL_Driver/Src/stm32f7xx_hal.o
 .debug_info    0x0000000000005871     0x105a ./Drivers/STM32F7xx_HAL_Driver/Src/stm32f7xx_hal_cortex.o
 .debug_info    0x00000000000068cb      0xa5d ./Drivers/STM32F7xx_HAL_Driver/Src/stm32f7xx_hal_dac.o
 .debug_info    0x0000000000007328      0x7bb ./Drivers/STM32F7xx_HAL_Driver/Src/stm32f7xx_hal_dac_ex.o
 .debug_info    0x0000000000007ae3      0x94f ./Drivers/STM32F7xx_HAL_Driver/Src/stm32f7xx_hal_dma.o
 .debug_info    0x0000000000008432      0x794 ./Drivers/STM32F7xx_HAL_Driver/Src/stm32f7xx_hal_gpio.o
 .debug_info    0x0000000000008bc6      0x978 ./Drivers/STM32F7xx_HAL_Driver/Src/stm32f7xx_hal_pwr.o
 .debug_info    0x000000000000953e      0x99c ./Drivers/STM32F7xx_HAL_Driver/Src/stm32f7xx_hal_rcc.o
 .debug_info    0x0000000000009eda      0x764 ./Drivers/STM32F7xx_HAL_Driver/Src/stm32f7xx_hal_rcc_ex.o
 .debug_info    0x000000000000a63e     0x2d22 ./Drivers/STM32F7xx_HAL_Driver/Src/stm32f7xx_hal_tim.o
 .debug_info    0x000000000000d360     0x16f5 ./Drivers/STM32F7xx_HAL_Driver/Src/stm32f7xx_hal_tim_ex.o
 .debug_info    0x000000000000ea55     0x3ccc ./Drivers/STM32F7xx_HAL_Driver/Src/stm32f7xx_hal_uart.o
 .debug_info    0x0000000000012721      0x54c ./User/Scr/User_dac.o

.debug_abbrev   0x0000000000000000     0x29bc
 .debug_abbrev  0x0000000000000000      0x211 ./Core/Src/dac.o
 .debug_abbrev  0x0000000000000211      0x10a ./Core/Src/dma.o
 .debug_abbrev  0x000000000000031b      0x146 ./Core/Src/gpio.o
 .debug_abbrev  0x0000000000000461      0x228 ./Core/Src/main.o
 .debug_abbrev  0x0000000000000689       0xd4 ./Core/Src/stm32f7xx_hal_msp.o
 .debug_abbrev  0x000000000000075d      0x184 ./Core/Src/stm32f7xx_it.o
 .debug_abbrev  0x00000000000008e1      0x136 ./Core/Src/system_stm32f7xx.o
 .debug_abbrev  0x0000000000000a17      0x1e7 ./Core/Src/tim.o
 .debug_abbrev  0x0000000000000bfe      0x1e7 ./Core/Src/usart.o
 .debug_abbrev  0x0000000000000de5       0x12 ./Core/Startup/startup_stm32f746zgtx.o
 .debug_abbrev  0x0000000000000df7      0x20d ./Drivers/STM32F7xx_HAL_Driver/Src/stm32f7xx_hal.o
 .debug_abbrev  0x0000000000001004      0x316 ./Drivers/STM32F7xx_HAL_Driver/Src/stm32f7xx_hal_cortex.o
 .debug_abbrev  0x000000000000131a      0x1df ./Drivers/STM32F7xx_HAL_Driver/Src/stm32f7xx_hal_dac.o
 .debug_abbrev  0x00000000000014f9      0x1d5 ./Drivers/STM32F7xx_HAL_Driver/Src/stm32f7xx_hal_dac_ex.o
 .debug_abbrev  0x00000000000016ce      0x25b ./Drivers/STM32F7xx_HAL_Driver/Src/stm32f7xx_hal_dma.o
 .debug_abbrev  0x0000000000001929      0x1c4 ./Drivers/STM32F7xx_HAL_Driver/Src/stm32f7xx_hal_gpio.o
 .debug_abbrev  0x0000000000001aed      0x1b8 ./Drivers/STM32F7xx_HAL_Driver/Src/stm32f7xx_hal_pwr.o
 .debug_abbrev  0x0000000000001ca5      0x27b ./Drivers/STM32F7xx_HAL_Driver/Src/stm32f7xx_hal_rcc.o
 .debug_abbrev  0x0000000000001f20      0x1b9 ./Drivers/STM32F7xx_HAL_Driver/Src/stm32f7xx_hal_rcc_ex.o
 .debug_abbrev  0x00000000000020d9      0x264 ./Drivers/STM32F7xx_HAL_Driver/Src/stm32f7xx_hal_tim.o
 .debug_abbrev  0x000000000000233d      0x26c ./Drivers/STM32F7xx_HAL_Driver/Src/stm32f7xx_hal_tim_ex.o
 .debug_abbrev  0x00000000000025a9      0x2ce ./Drivers/STM32F7xx_HAL_Driver/Src/stm32f7xx_hal_uart.o
 .debug_abbrev  0x0000000000002877      0x145 ./User/Scr/User_dac.o

.debug_aranges  0x0000000000000000      0xf40
 .debug_aranges
                0x0000000000000000       0x30 ./Core/Src/dac.o
 .debug_aranges
                0x0000000000000030       0x20 ./Core/Src/dma.o
 .debug_aranges
                0x0000000000000050       0x20 ./Core/Src/gpio.o
 .debug_aranges
                0x0000000000000070       0x30 ./Core/Src/main.o
 .debug_aranges
                0x00000000000000a0       0x20 ./Core/Src/stm32f7xx_hal_msp.o
 .debug_aranges
                0x00000000000000c0       0x78 ./Core/Src/stm32f7xx_it.o
 .debug_aranges
                0x0000000000000138       0x28 ./Core/Src/system_stm32f7xx.o
 .debug_aranges
                0x0000000000000160       0x30 ./Core/Src/tim.o
 .debug_aranges
                0x0000000000000190       0x30 ./Core/Src/usart.o
 .debug_aranges
                0x00000000000001c0       0x28 ./Core/Startup/startup_stm32f746zgtx.o
 .debug_aranges
                0x00000000000001e8      0x100 ./Drivers/STM32F7xx_HAL_Driver/Src/stm32f7xx_hal.o
 .debug_aranges
                0x00000000000002e8      0x118 ./Drivers/STM32F7xx_HAL_Driver/Src/stm32f7xx_hal_cortex.o
 .debug_aranges
                0x0000000000000400       0xc0 ./Drivers/STM32F7xx_HAL_Driver/Src/stm32f7xx_hal_dac.o
 .debug_aranges
                0x00000000000004c0       0x80 ./Drivers/STM32F7xx_HAL_Driver/Src/stm32f7xx_hal_dac_ex.o
 .debug_aranges
                0x0000000000000540       0x90 ./Drivers/STM32F7xx_HAL_Driver/Src/stm32f7xx_hal_dma.o
 .debug_aranges
                0x00000000000005d0       0x58 ./Drivers/STM32F7xx_HAL_Driver/Src/stm32f7xx_hal_gpio.o
 .debug_aranges
                0x0000000000000628       0xa0 ./Drivers/STM32F7xx_HAL_Driver/Src/stm32f7xx_hal_pwr.o
 .debug_aranges
                0x00000000000006c8       0x88 ./Drivers/STM32F7xx_HAL_Driver/Src/stm32f7xx_hal_rcc.o
 .debug_aranges
                0x0000000000000750       0x50 ./Drivers/STM32F7xx_HAL_Driver/Src/stm32f7xx_hal_rcc_ex.o
 .debug_aranges
                0x00000000000007a0      0x3e0 ./Drivers/STM32F7xx_HAL_Driver/Src/stm32f7xx_hal_tim.o
 .debug_aranges
                0x0000000000000b80      0x178 ./Drivers/STM32F7xx_HAL_Driver/Src/stm32f7xx_hal_tim_ex.o
 .debug_aranges
                0x0000000000000cf8      0x228 ./Drivers/STM32F7xx_HAL_Driver/Src/stm32f7xx_hal_uart.o
 .debug_aranges
                0x0000000000000f20       0x20 ./User/Scr/User_dac.o

.debug_ranges   0x0000000000000000      0xe08
 .debug_ranges  0x0000000000000000       0x20 ./Core/Src/dac.o
 .debug_ranges  0x0000000000000020       0x10 ./Core/Src/dma.o
 .debug_ranges  0x0000000000000030       0x10 ./Core/Src/gpio.o
 .debug_ranges  0x0000000000000040       0x20 ./Core/Src/main.o
 .debug_ranges  0x0000000000000060       0x10 ./Core/Src/stm32f7xx_hal_msp.o
 .debug_ranges  0x0000000000000070       0x68 ./Core/Src/stm32f7xx_it.o
 .debug_ranges  0x00000000000000d8       0x18 ./Core/Src/system_stm32f7xx.o
 .debug_ranges  0x00000000000000f0       0x20 ./Core/Src/tim.o
 .debug_ranges  0x0000000000000110       0x20 ./Core/Src/usart.o
 .debug_ranges  0x0000000000000130       0x20 ./Core/Startup/startup_stm32f746zgtx.o
 .debug_ranges  0x0000000000000150       0xf0 ./Drivers/STM32F7xx_HAL_Driver/Src/stm32f7xx_hal.o
 .debug_ranges  0x0000000000000240      0x108 ./Drivers/STM32F7xx_HAL_Driver/Src/stm32f7xx_hal_cortex.o
 .debug_ranges  0x0000000000000348       0xb0 ./Drivers/STM32F7xx_HAL_Driver/Src/stm32f7xx_hal_dac.o
 .debug_ranges  0x00000000000003f8       0x70 ./Drivers/STM32F7xx_HAL_Driver/Src/stm32f7xx_hal_dac_ex.o
 .debug_ranges  0x0000000000000468       0x80 ./Drivers/STM32F7xx_HAL_Driver/Src/stm32f7xx_hal_dma.o
 .debug_ranges  0x00000000000004e8       0x48 ./Drivers/STM32F7xx_HAL_Driver/Src/stm32f7xx_hal_gpio.o
 .debug_ranges  0x0000000000000530       0x90 ./Drivers/STM32F7xx_HAL_Driver/Src/stm32f7xx_hal_pwr.o
 .debug_ranges  0x00000000000005c0       0x78 ./Drivers/STM32F7xx_HAL_Driver/Src/stm32f7xx_hal_rcc.o
 .debug_ranges  0x0000000000000638       0x40 ./Drivers/STM32F7xx_HAL_Driver/Src/stm32f7xx_hal_rcc_ex.o
 .debug_ranges  0x0000000000000678      0x3d0 ./Drivers/STM32F7xx_HAL_Driver/Src/stm32f7xx_hal_tim.o
 .debug_ranges  0x0000000000000a48      0x168 ./Drivers/STM32F7xx_HAL_Driver/Src/stm32f7xx_hal_tim_ex.o
 .debug_ranges  0x0000000000000bb0      0x248 ./Drivers/STM32F7xx_HAL_Driver/Src/stm32f7xx_hal_uart.o
 .debug_ranges  0x0000000000000df8       0x10 ./User/Scr/User_dac.o

.debug_macro    0x0000000000000000    0x26735
 .debug_macro   0x0000000000000000      0x20f ./Core/Src/dac.o
 .debug_macro   0x000000000000020f      0xa78 ./Core/Src/dac.o
 .debug_macro   0x0000000000000c87      0x299 ./Core/Src/dac.o
 .debug_macro   0x0000000000000f20       0x2e ./Core/Src/dac.o
 .debug_macro   0x0000000000000f4e       0x3b ./Core/Src/dac.o
 .debug_macro   0x0000000000000f89       0x22 ./Core/Src/dac.o
 .debug_macro   0x0000000000000fab       0x8e ./Core/Src/dac.o
 .debug_macro   0x0000000000001039       0x51 ./Core/Src/dac.o
 .debug_macro   0x000000000000108a      0x103 ./Core/Src/dac.o
 .debug_macro   0x000000000000118d       0x6a ./Core/Src/dac.o
 .debug_macro   0x00000000000011f7      0x1df ./Core/Src/dac.o
 .debug_macro   0x00000000000013d6       0x1c ./Core/Src/dac.o
 .debug_macro   0x00000000000013f2       0x22 ./Core/Src/dac.o
 .debug_macro   0x0000000000001414       0xd9 ./Core/Src/dac.o
 .debug_macro   0x00000000000014ed     0x12cd ./Core/Src/dac.o
 .debug_macro   0x00000000000027ba      0x11f ./Core/Src/dac.o
 .debug_macro   0x00000000000028d9       0x19 ./Core/Src/dac.o
 .debug_macro   0x00000000000028f2    0x1920a ./Core/Src/dac.o
 .debug_macro   0x000000000001bafc       0x6d ./Core/Src/dac.o
 .debug_macro   0x000000000001bb69     0x3749 ./Core/Src/dac.o
 .debug_macro   0x000000000001f2b2      0x174 ./Core/Src/dac.o
 .debug_macro   0x000000000001f426       0x63 ./Core/Src/dac.o
 .debug_macro   0x000000000001f489     0x18ad ./Core/Src/dac.o
 .debug_macro   0x0000000000020d36      0x6c4 ./Core/Src/dac.o
 .debug_macro   0x00000000000213fa      0x185 ./Core/Src/dac.o
 .debug_macro   0x000000000002157f      0x115 ./Core/Src/dac.o
 .debug_macro   0x0000000000021694      0x1fd ./Core/Src/dac.o
 .debug_macro   0x0000000000021891       0xa5 ./Core/Src/dac.o
 .debug_macro   0x0000000000021936      0x24f ./Core/Src/dac.o
 .debug_macro   0x0000000000021b85       0x41 ./Core/Src/dac.o
 .debug_macro   0x0000000000021bc6       0x58 ./Core/Src/dac.o
 .debug_macro   0x0000000000021c1e      0x236 ./Core/Src/dac.o
 .debug_macro   0x0000000000021e54      0x122 ./Core/Src/dac.o
 .debug_macro   0x0000000000021f76       0xa6 ./Core/Src/dac.o
 .debug_macro   0x000000000002201c      0x14e ./Core/Src/dac.o
 .debug_macro   0x000000000002216a      0x25a ./Core/Src/dac.o
 .debug_macro   0x00000000000223c4       0x12 ./Core/Src/dac.o
 .debug_macro   0x00000000000223d6      0x22c ./Core/Src/dac.o
 .debug_macro   0x0000000000022602       0x61 ./Core/Src/dac.o
 .debug_macro   0x0000000000022663       0xa5 ./Core/Src/dac.o
 .debug_macro   0x0000000000022708      0x12e ./Core/Src/dac.o
 .debug_macro   0x0000000000022836      0x108 ./Core/Src/dac.o
 .debug_macro   0x000000000002293e       0x35 ./Core/Src/dac.o
 .debug_macro   0x0000000000022973      0xa7c ./Core/Src/dac.o
 .debug_macro   0x00000000000233ef       0x59 ./Core/Src/dac.o
 .debug_macro   0x0000000000023448      0x56d ./Core/Src/dac.o
 .debug_macro   0x00000000000239b5       0x44 ./Core/Src/dac.o
 .debug_macro   0x00000000000239f9      0x14d ./Core/Src/dac.o
 .debug_macro   0x0000000000023b46      0x13c ./Core/Src/dac.o
 .debug_macro   0x0000000000023c82      0x20f ./Core/Src/dma.o
 .debug_macro   0x0000000000023e91      0x20f ./Core/Src/gpio.o
 .debug_macro   0x00000000000240a0      0x245 ./Core/Src/main.o
 .debug_macro   0x00000000000242e5      0x205 ./Core/Src/stm32f7xx_hal_msp.o
 .debug_macro   0x00000000000244ea      0x20f ./Core/Src/stm32f7xx_it.o
 .debug_macro   0x00000000000246f9      0x1f6 ./Core/Src/system_stm32f7xx.o
 .debug_macro   0x00000000000248ef      0x20f ./Core/Src/tim.o
 .debug_macro   0x0000000000024afe      0x20f ./Core/Src/usart.o
 .debug_macro   0x0000000000024d0d      0x21a ./Drivers/STM32F7xx_HAL_Driver/Src/stm32f7xx_hal.o
 .debug_macro   0x0000000000024f27      0x1f6 ./Drivers/STM32F7xx_HAL_Driver/Src/stm32f7xx_hal_cortex.o
 .debug_macro   0x000000000002511d      0x1f7 ./Drivers/STM32F7xx_HAL_Driver/Src/stm32f7xx_hal_dac.o
 .debug_macro   0x0000000000025314      0x1f6 ./Drivers/STM32F7xx_HAL_Driver/Src/stm32f7xx_hal_dac_ex.o
 .debug_macro   0x000000000002550a      0x1fc ./Drivers/STM32F7xx_HAL_Driver/Src/stm32f7xx_hal_dma.o
 .debug_macro   0x0000000000025706      0x1fc ./Drivers/STM32F7xx_HAL_Driver/Src/stm32f7xx_hal_gpio.o
 .debug_macro   0x0000000000025902      0x214 ./Drivers/STM32F7xx_HAL_Driver/Src/stm32f7xx_hal_pwr.o
 .debug_macro   0x0000000000025b16      0x21a ./Drivers/STM32F7xx_HAL_Driver/Src/stm32f7xx_hal_rcc.o
 .debug_macro   0x0000000000025d30      0x1f6 ./Drivers/STM32F7xx_HAL_Driver/Src/stm32f7xx_hal_rcc_ex.o
 .debug_macro   0x0000000000025f26      0x1f7 ./Drivers/STM32F7xx_HAL_Driver/Src/stm32f7xx_hal_tim.o
 .debug_macro   0x000000000002611d      0x1f6 ./Drivers/STM32F7xx_HAL_Driver/Src/stm32f7xx_hal_tim_ex.o
 .debug_macro   0x0000000000026313      0x213 ./Drivers/STM32F7xx_HAL_Driver/Src/stm32f7xx_hal_uart.o
 .debug_macro   0x0000000000026526      0x20f ./User/Scr/User_dac.o

.debug_line     0x0000000000000000    0x1421d
 .debug_line    0x0000000000000000      0x7b1 ./Core/Src/dac.o
 .debug_line    0x00000000000007b1      0x727 ./Core/Src/dma.o
 .debug_line    0x0000000000000ed8      0x7b9 ./Core/Src/gpio.o
 .debug_line    0x0000000000001691      0x7f9 ./Core/Src/main.o
 .debug_line    0x0000000000001e8a      0x72b ./Core/Src/stm32f7xx_hal_msp.o
 .debug_line    0x00000000000025b5      0x836 ./Core/Src/stm32f7xx_it.o
 .debug_line    0x0000000000002deb      0x7ab ./Core/Src/system_stm32f7xx.o
 .debug_line    0x0000000000003596      0x799 ./Core/Src/tim.o
 .debug_line    0x0000000000003d2f      0x7ad ./Core/Src/usart.o
 .debug_line    0x00000000000044dc       0x88 ./Core/Startup/startup_stm32f746zgtx.o
 .debug_line    0x0000000000004564      0xa3c ./Drivers/STM32F7xx_HAL_Driver/Src/stm32f7xx_hal.o
 .debug_line    0x0000000000004fa0      0xcc2 ./Drivers/STM32F7xx_HAL_Driver/Src/stm32f7xx_hal_cortex.o
 .debug_line    0x0000000000005c62      0xb5e ./Drivers/STM32F7xx_HAL_Driver/Src/stm32f7xx_hal_dac.o
 .debug_line    0x00000000000067c0      0x953 ./Drivers/STM32F7xx_HAL_Driver/Src/stm32f7xx_hal_dac_ex.o
 .debug_line    0x0000000000007113      0xf8b ./Drivers/STM32F7xx_HAL_Driver/Src/stm32f7xx_hal_dma.o
 .debug_line    0x000000000000809e      0xbb0 ./Drivers/STM32F7xx_HAL_Driver/Src/stm32f7xx_hal_gpio.o
 .debug_line    0x0000000000008c4e      0x940 ./Drivers/STM32F7xx_HAL_Driver/Src/stm32f7xx_hal_pwr.o
 .debug_line    0x000000000000958e      0xe7f ./Drivers/STM32F7xx_HAL_Driver/Src/stm32f7xx_hal_rcc.o
 .debug_line    0x000000000000a40d      0xe38 ./Drivers/STM32F7xx_HAL_Driver/Src/stm32f7xx_hal_rcc_ex.o
 .debug_line    0x000000000000b245     0x3c60 ./Drivers/STM32F7xx_HAL_Driver/Src/stm32f7xx_hal_tim.o
 .debug_line    0x000000000000eea5     0x1b38 ./Drivers/STM32F7xx_HAL_Driver/Src/stm32f7xx_hal_tim_ex.o
 .debug_line    0x00000000000109dd     0x30f0 ./Drivers/STM32F7xx_HAL_Driver/Src/stm32f7xx_hal_uart.o
 .debug_line    0x0000000000013acd      0x750 ./User/Scr/User_dac.o

.debug_str      0x0000000000000000    0xee08a
 .debug_str     0x0000000000000000    0xea1da ./Core/Src/dac.o
                                      0xea8e0 (size before relaxing)
 .debug_str     0x00000000000ea1da       0x29 ./Core/Src/dma.o
                                      0xea3e3 (size before relaxing)
 .debug_str     0x00000000000ea203       0x72 ./Core/Src/gpio.o
                                      0xe9eee (size before relaxing)
 .debug_str     0x00000000000ea275      0x20d ./Core/Src/main.o
                                      0xea3dc (size before relaxing)
 .debug_str     0x00000000000ea482       0x2c ./Core/Src/stm32f7xx_hal_msp.o
                                      0xe9e11 (size before relaxing)
 .debug_str     0x00000000000ea4ae      0x3df ./Core/Src/stm32f7xx_it.o
                                      0xea482 (size before relaxing)
 .debug_str     0x00000000000ea88d      0x1a4 ./Core/Src/system_stm32f7xx.o
                                      0xe9aa2 (size before relaxing)
 .debug_str     0x00000000000eaa31      0x151 ./Core/Src/tim.o
                                      0xeaaf2 (size before relaxing)
 .debug_str     0x00000000000eab82      0x4c8 ./Core/Src/usart.o
                                      0xea657 (size before relaxing)
 .debug_str     0x00000000000eb04a       0x36 ./Core/Startup/startup_stm32f746zgtx.o
                                         0x4e (size before relaxing)
 .debug_str     0x00000000000eb080      0x416 ./Drivers/STM32F7xx_HAL_Driver/Src/stm32f7xx_hal.o
                                      0xea40b (size before relaxing)
 .debug_str     0x00000000000eb496      0x323 ./Drivers/STM32F7xx_HAL_Driver/Src/stm32f7xx_hal_cortex.o
                                      0xea3f6 (size before relaxing)
 .debug_str     0x00000000000eb7b9      0x200 ./Drivers/STM32F7xx_HAL_Driver/Src/stm32f7xx_hal_dac.o
                                      0xe9e2e (size before relaxing)
 .debug_str     0x00000000000eb9b9      0x13b ./Drivers/STM32F7xx_HAL_Driver/Src/stm32f7xx_hal_dac_ex.o
                                      0xe9d19 (size before relaxing)
 .debug_str     0x00000000000ebaf4      0x2e0 ./Drivers/STM32F7xx_HAL_Driver/Src/stm32f7xx_hal_dma.o
                                      0xe9de1 (size before relaxing)
 .debug_str     0x00000000000ebdd4      0x105 ./Drivers/STM32F7xx_HAL_Driver/Src/stm32f7xx_hal_gpio.o
                                      0xe9b60 (size before relaxing)
 .debug_str     0x00000000000ebed9      0x2ac ./Drivers/STM32F7xx_HAL_Driver/Src/stm32f7xx_hal_pwr.o
                                      0xe9d43 (size before relaxing)
 .debug_str     0x00000000000ec185      0x252 ./Drivers/STM32F7xx_HAL_Driver/Src/stm32f7xx_hal_rcc.o
                                      0xe9e04 (size before relaxing)
 .debug_str     0x00000000000ec3d7      0x147 ./Drivers/STM32F7xx_HAL_Driver/Src/stm32f7xx_hal_rcc_ex.o
                                      0xe9d3c (size before relaxing)
 .debug_str     0x00000000000ec51e      0xe0b ./Drivers/STM32F7xx_HAL_Driver/Src/stm32f7xx_hal_tim.o
                                      0xeadb5 (size before relaxing)
 .debug_str     0x00000000000ed329      0x4dc ./Drivers/STM32F7xx_HAL_Driver/Src/stm32f7xx_hal_tim_ex.o
                                      0xea60b (size before relaxing)
 .debug_str     0x00000000000ed805      0x869 ./Drivers/STM32F7xx_HAL_Driver/Src/stm32f7xx_hal_uart.o
                                      0xea751 (size before relaxing)
 .debug_str     0x00000000000ee06e       0x1c ./User/Scr/User_dac.o
                                      0xea0ae (size before relaxing)

.comment        0x0000000000000000       0x50
 .comment       0x0000000000000000       0x50 ./Core/Src/dac.o
                                         0x51 (size before relaxing)
 .comment       0x0000000000000050       0x51 ./Core/Src/dma.o
 .comment       0x0000000000000050       0x51 ./Core/Src/gpio.o
 .comment       0x0000000000000050       0x51 ./Core/Src/main.o
 .comment       0x0000000000000050       0x51 ./Core/Src/stm32f7xx_hal_msp.o
 .comment       0x0000000000000050       0x51 ./Core/Src/stm32f7xx_it.o
 .comment       0x0000000000000050       0x51 ./Core/Src/system_stm32f7xx.o
 .comment       0x0000000000000050       0x51 ./Core/Src/tim.o
 .comment       0x0000000000000050       0x51 ./Core/Src/usart.o
 .comment       0x0000000000000050       0x51 ./Drivers/STM32F7xx_HAL_Driver/Src/stm32f7xx_hal.o
 .comment       0x0000000000000050       0x51 ./Drivers/STM32F7xx_HAL_Driver/Src/stm32f7xx_hal_cortex.o
 .comment       0x0000000000000050       0x51 ./Drivers/STM32F7xx_HAL_Driver/Src/stm32f7xx_hal_dac.o
 .comment       0x0000000000000050       0x51 ./Drivers/STM32F7xx_HAL_Driver/Src/stm32f7xx_hal_dac_ex.o
 .comment       0x0000000000000050       0x51 ./Drivers/STM32F7xx_HAL_Driver/Src/stm32f7xx_hal_dma.o
 .comment       0x0000000000000050       0x51 ./Drivers/STM32F7xx_HAL_Driver/Src/stm32f7xx_hal_gpio.o
 .comment       0x0000000000000050       0x51 ./Drivers/STM32F7xx_HAL_Driver/Src/stm32f7xx_hal_pwr.o
 .comment       0x0000000000000050       0x51 ./Drivers/STM32F7xx_HAL_Driver/Src/stm32f7xx_hal_rcc.o
 .comment       0x0000000000000050       0x51 ./Drivers/STM32F7xx_HAL_Driver/Src/stm32f7xx_hal_rcc_ex.o
 .comment       0x0000000000000050       0x51 ./Drivers/STM32F7xx_HAL_Driver/Src/stm32f7xx_hal_tim.o
 .comment       0x0000000000000050       0x51 ./Drivers/STM32F7xx_HAL_Driver/Src/stm32f7xx_hal_tim_ex.o
 .comment       0x0000000000000050       0x51 ./Drivers/STM32F7xx_HAL_Driver/Src/stm32f7xx_hal_uart.o
 .comment       0x0000000000000050       0x51 ./User/Scr/User_dac.o

.debug_frame    0x0000000000000000     0x3e20
 .debug_frame   0x0000000000000000       0x7c ./Core/Src/dac.o
 .debug_frame   0x000000000000007c       0x34 ./Core/Src/dma.o
 .debug_frame   0x00000000000000b0       0x34 ./Core/Src/gpio.o
 .debug_frame   0x00000000000000e4       0x68 ./Core/Src/main.o
 .debug_frame   0x000000000000014c       0x38 ./Core/Src/stm32f7xx_hal_msp.o
 .debug_frame   0x0000000000000184      0x158 ./Core/Src/stm32f7xx_it.o
 .debug_frame   0x00000000000002dc       0x58 ./Core/Src/system_stm32f7xx.o
 .debug_frame   0x0000000000000334       0x7c ./Core/Src/tim.o
 .debug_frame   0x00000000000003b0       0x78 ./Core/Src/usart.o
 .debug_frame   0x0000000000000428      0x3b4 ./Drivers/STM32F7xx_HAL_Driver/Src/stm32f7xx_hal.o
 .debug_frame   0x00000000000007dc      0x498 ./Drivers/STM32F7xx_HAL_Driver/Src/stm32f7xx_hal_cortex.o
 .debug_frame   0x0000000000000c74      0x338 ./Drivers/STM32F7xx_HAL_Driver/Src/stm32f7xx_hal_dac.o
 .debug_frame   0x0000000000000fac      0x20c ./Drivers/STM32F7xx_HAL_Driver/Src/stm32f7xx_hal_dac_ex.o
 .debug_frame   0x00000000000011b8      0x250 ./Drivers/STM32F7xx_HAL_Driver/Src/stm32f7xx_hal_dma.o
 .debug_frame   0x0000000000001408      0x14c ./Drivers/STM32F7xx_HAL_Driver/Src/stm32f7xx_hal_gpio.o
 .debug_frame   0x0000000000001554      0x254 ./Drivers/STM32F7xx_HAL_Driver/Src/stm32f7xx_hal_pwr.o
 .debug_frame   0x00000000000017a8      0x1f8 ./Drivers/STM32F7xx_HAL_Driver/Src/stm32f7xx_hal_rcc.o
 .debug_frame   0x00000000000019a0      0x118 ./Drivers/STM32F7xx_HAL_Driver/Src/stm32f7xx_hal_rcc_ex.o
 .debug_frame   0x0000000000001ab8     0x121c ./Drivers/STM32F7xx_HAL_Driver/Src/stm32f7xx_hal_tim.o
 .debug_frame   0x0000000000002cd4      0x688 ./Drivers/STM32F7xx_HAL_Driver/Src/stm32f7xx_hal_tim_ex.o
 .debug_frame   0x000000000000335c      0x9e4 ./Drivers/STM32F7xx_HAL_Driver/Src/stm32f7xx_hal_uart.o
 .debug_frame   0x0000000000003d40       0x34 ./User/Scr/User_dac.o
 .debug_frame   0x0000000000003d74       0x2c d:/cubeide/stm32cubeide_1.10.1/stm32cubeide/plugins/com.st.stm32cube.ide.mcu.externaltools.gnu-tools-for-stm32.10.3-2021.10.win32_1.0.0.202111181127/tools/bin/../lib/gcc/arm-none-eabi/10.3.1/../../../../arm-none-eabi/lib/thumb/v7e-m+fp/hard\libc_nano.a(lib_a-init.o)
 .debug_frame   0x0000000000003da0       0x20 d:/cubeide/stm32cubeide_1.10.1/stm32cubeide/plugins/com.st.stm32cube.ide.mcu.externaltools.gnu-tools-for-stm32.10.3-2021.10.win32_1.0.0.202111181127/tools/bin/../lib/gcc/arm-none-eabi/10.3.1/../../../../arm-none-eabi/lib/thumb/v7e-m+fp/hard\libc_nano.a(lib_a-memset.o)
 .debug_frame   0x0000000000003dc0       0x2c d:/cubeide/stm32cubeide_1.10.1/stm32cubeide/plugins/com.st.stm32cube.ide.mcu.externaltools.gnu-tools-for-stm32.10.3-2021.10.win32_1.0.0.202111181127/tools/bin/../lib/gcc/arm-none-eabi/10.3.1/thumb/v7e-m+fp/hard\libgcc.a(_aeabi_uldivmod.o)
 .debug_frame   0x0000000000003dec       0x34 d:/cubeide/stm32cubeide_1.10.1/stm32cubeide/plugins/com.st.stm32cube.ide.mcu.externaltools.gnu-tools-for-stm32.10.3-2021.10.win32_1.0.0.202111181127/tools/bin/../lib/gcc/arm-none-eabi/10.3.1/thumb/v7e-m+fp/hard\libgcc.a(_udivmoddi4.o)
